Archive member included to satisfy reference by file (symbol)

c:/st/stm32cubeide_1.7.0/stm32cubeide/plugins/com.st.stm32cube.ide.mcu.externaltools.gnu-tools-for-stm32.9-2020-q2-update.win32_2.0.0.202105311346/tools/bin/../lib/gcc/arm-none-eabi/9.3.1/../../../../arm-none-eabi/lib/thumb/v7-m/nofp\libc_nano.a(lib_a-errno.o)
                              ./Core/Src/syscalls.o (__errno)
c:/st/stm32cubeide_1.7.0/stm32cubeide/plugins/com.st.stm32cube.ide.mcu.externaltools.gnu-tools-for-stm32.9-2020-q2-update.win32_2.0.0.202105311346/tools/bin/../lib/gcc/arm-none-eabi/9.3.1/../../../../arm-none-eabi/lib/thumb/v7-m/nofp\libc_nano.a(lib_a-exit.o)
                              c:/st/stm32cubeide_1.7.0/stm32cubeide/plugins/com.st.stm32cube.ide.mcu.externaltools.gnu-tools-for-stm32.9-2020-q2-update.win32_2.0.0.202105311346/tools/bin/../lib/gcc/arm-none-eabi/9.3.1/../../../../arm-none-eabi/lib/thumb/v7-m/nofp/crt0.o (exit)
c:/st/stm32cubeide_1.7.0/stm32cubeide/plugins/com.st.stm32cube.ide.mcu.externaltools.gnu-tools-for-stm32.9-2020-q2-update.win32_2.0.0.202105311346/tools/bin/../lib/gcc/arm-none-eabi/9.3.1/../../../../arm-none-eabi/lib/thumb/v7-m/nofp\libc_nano.a(lib_a-impure.o)
                              c:/st/stm32cubeide_1.7.0/stm32cubeide/plugins/com.st.stm32cube.ide.mcu.externaltools.gnu-tools-for-stm32.9-2020-q2-update.win32_2.0.0.202105311346/tools/bin/../lib/gcc/arm-none-eabi/9.3.1/../../../../arm-none-eabi/lib/thumb/v7-m/nofp\libc_nano.a(lib_a-exit.o) (_global_impure_ptr)
c:/st/stm32cubeide_1.7.0/stm32cubeide/plugins/com.st.stm32cube.ide.mcu.externaltools.gnu-tools-for-stm32.9-2020-q2-update.win32_2.0.0.202105311346/tools/bin/../lib/gcc/arm-none-eabi/9.3.1/../../../../arm-none-eabi/lib/thumb/v7-m/nofp\libc_nano.a(lib_a-init.o)
                              c:/st/stm32cubeide_1.7.0/stm32cubeide/plugins/com.st.stm32cube.ide.mcu.externaltools.gnu-tools-for-stm32.9-2020-q2-update.win32_2.0.0.202105311346/tools/bin/../lib/gcc/arm-none-eabi/9.3.1/../../../../arm-none-eabi/lib/thumb/v7-m/nofp/crt0.o (__libc_init_array)
c:/st/stm32cubeide_1.7.0/stm32cubeide/plugins/com.st.stm32cube.ide.mcu.externaltools.gnu-tools-for-stm32.9-2020-q2-update.win32_2.0.0.202105311346/tools/bin/../lib/gcc/arm-none-eabi/9.3.1/../../../../arm-none-eabi/lib/thumb/v7-m/nofp\libc_nano.a(lib_a-memset.o)
                              c:/st/stm32cubeide_1.7.0/stm32cubeide/plugins/com.st.stm32cube.ide.mcu.externaltools.gnu-tools-for-stm32.9-2020-q2-update.win32_2.0.0.202105311346/tools/bin/../lib/gcc/arm-none-eabi/9.3.1/../../../../arm-none-eabi/lib/thumb/v7-m/nofp/crt0.o (memset)

Allocating common symbols
Common symbol       size              file

uwTick              0x4               ./Drivers/STM32F1xx_HAL_Driver/Src/stm32f1xx_hal.o
pFlash              0x20              ./Drivers/STM32F1xx_HAL_Driver/Src/stm32f1xx_hal_flash.o
htim2               0x48              ./Core/Src/main.o
huart2              0x44              ./Core/Src/main.o

Discarded input sections

 .text          0x0000000000000000        0x0 c:/st/stm32cubeide_1.7.0/stm32cubeide/plugins/com.st.stm32cube.ide.mcu.externaltools.gnu-tools-for-stm32.9-2020-q2-update.win32_2.0.0.202105311346/tools/bin/../lib/gcc/arm-none-eabi/9.3.1/thumb/v7-m/nofp/crti.o
 .data          0x0000000000000000        0x0 c:/st/stm32cubeide_1.7.0/stm32cubeide/plugins/com.st.stm32cube.ide.mcu.externaltools.gnu-tools-for-stm32.9-2020-q2-update.win32_2.0.0.202105311346/tools/bin/../lib/gcc/arm-none-eabi/9.3.1/thumb/v7-m/nofp/crti.o
 .bss           0x0000000000000000        0x0 c:/st/stm32cubeide_1.7.0/stm32cubeide/plugins/com.st.stm32cube.ide.mcu.externaltools.gnu-tools-for-stm32.9-2020-q2-update.win32_2.0.0.202105311346/tools/bin/../lib/gcc/arm-none-eabi/9.3.1/thumb/v7-m/nofp/crti.o
 .data          0x0000000000000000        0x4 c:/st/stm32cubeide_1.7.0/stm32cubeide/plugins/com.st.stm32cube.ide.mcu.externaltools.gnu-tools-for-stm32.9-2020-q2-update.win32_2.0.0.202105311346/tools/bin/../lib/gcc/arm-none-eabi/9.3.1/thumb/v7-m/nofp/crtbegin.o
 .text          0x0000000000000000       0x7c c:/st/stm32cubeide_1.7.0/stm32cubeide/plugins/com.st.stm32cube.ide.mcu.externaltools.gnu-tools-for-stm32.9-2020-q2-update.win32_2.0.0.202105311346/tools/bin/../lib/gcc/arm-none-eabi/9.3.1/../../../../arm-none-eabi/lib/thumb/v7-m/nofp/crt0.o
 .data          0x0000000000000000        0x0 c:/st/stm32cubeide_1.7.0/stm32cubeide/plugins/com.st.stm32cube.ide.mcu.externaltools.gnu-tools-for-stm32.9-2020-q2-update.win32_2.0.0.202105311346/tools/bin/../lib/gcc/arm-none-eabi/9.3.1/../../../../arm-none-eabi/lib/thumb/v7-m/nofp/crt0.o
 .bss           0x0000000000000000        0x0 c:/st/stm32cubeide_1.7.0/stm32cubeide/plugins/com.st.stm32cube.ide.mcu.externaltools.gnu-tools-for-stm32.9-2020-q2-update.win32_2.0.0.202105311346/tools/bin/../lib/gcc/arm-none-eabi/9.3.1/../../../../arm-none-eabi/lib/thumb/v7-m/nofp/crt0.o
[...]
Memory Configuration

Name             Origin             Length             Attributes
RAM              0x0000000020000000 0x0000000000002800 xrw
FLASH            0x0000000008000000 0x0000000000008000 xr
*default*        0x0000000000000000 0xffffffffffffffff

Linker script and memory map

LOAD c:/st/stm32cubeide_1.7.0/stm32cubeide/plugins/com.st.stm32cube.ide.mcu.externaltools.gnu-tools-for-stm32.9-2020-q2-update.win32_2.0.0.202105311346/tools/bin/../lib/gcc/arm-none-eabi/9.3.1/thumb/v7-m/nofp/crti.o
LOAD c:/st/stm32cubeide_1.7.0/stm32cubeide/plugins/com.st.stm32cube.ide.mcu.externaltools.gnu-tools-for-stm32.9-2020-q2-update.win32_2.0.0.202105311346/tools/bin/../lib/gcc/arm-none-eabi/9.3.1/thumb/v7-m/nofp/crtbegin.o
LOAD c:/st/stm32cubeide_1.7.0/stm32cubeide/plugins/com.st.stm32cube.ide.mcu.externaltools.gnu-tools-for-stm32.9-2020-q2-update.win32_2.0.0.202105311346/tools/bin/../lib/gcc/arm-none-eabi/9.3.1/../../../../arm-none-eabi/lib/thumb/v7-m/nofp/crt0.o
LOAD ./Core/Src/button.o
LOAD ./Core/Src/control_7SEG.o
LOAD ./Core/Src/fsm_7SEG_horizontal.o
LOAD ./Core/Src/fsm_7SEG_vertical.o
LOAD ./Core/Src/fsm_mannual.o
LOAD ./Core/Src/fsm_pedestrian.o
LOAD ./Core/Src/fsm_system.o
LOAD ./Core/Src/fsm_traffic_blink.o
LOAD ./Core/Src/fsm_traffic_horizontal.o
LOAD ./Core/Src/fsm_traffic_vertical.o
LOAD ./Core/Src/global.o
LOAD ./Core/Src/main.o
LOAD ./Core/Src/software_timer.o
LOAD ./Core/Src/stm32f1xx_hal_msp.o
LOAD ./Core/Src/stm32f1xx_it.o
LOAD ./Core/Src/syscalls.o
LOAD ./Core/Src/sysmem.o
LOAD ./Core/Src/system_stm32f1xx.o
LOAD ./Core/Src/traffic.o
LOAD ./Core/Src/traffic_buffer.o
LOAD ./Core/Startup/startup_stm32f103c6tx.o
LOAD ./Drivers/STM32F1xx_HAL_Driver/Src/stm32f1xx_hal.o
LOAD ./Drivers/STM32F1xx_HAL_Driver/Src/stm32f1xx_hal_cortex.o
LOAD ./Drivers/STM32F1xx_HAL_Driver/Src/stm32f1xx_hal_dma.o
LOAD ./Drivers/STM32F1xx_HAL_Driver/Src/stm32f1xx_hal_exti.o
LOAD ./Drivers/STM32F1xx_HAL_Driver/Src/stm32f1xx_hal_flash.o
LOAD ./Drivers/STM32F1xx_HAL_Driver/Src/stm32f1xx_hal_flash_ex.o
LOAD ./Drivers/STM32F1xx_HAL_Driver/Src/stm32f1xx_hal_gpio.o
LOAD ./Drivers/STM32F1xx_HAL_Driver/Src/stm32f1xx_hal_gpio_ex.o
LOAD ./Drivers/STM32F1xx_HAL_Driver/Src/stm32f1xx_hal_pwr.o
LOAD ./Drivers/STM32F1xx_HAL_Driver/Src/stm32f1xx_hal_rcc.o
LOAD ./Drivers/STM32F1xx_HAL_Driver/Src/stm32f1xx_hal_rcc_ex.o
LOAD ./Drivers/STM32F1xx_HAL_Driver/Src/stm32f1xx_hal_tim.o
LOAD ./Drivers/STM32F1xx_HAL_Driver/Src/stm32f1xx_hal_tim_ex.o
LOAD ./Drivers/STM32F1xx_HAL_Driver/Src/stm32f1xx_hal_uart.o
START GROUP
LOAD c:/st/stm32cubeide_1.7.0/stm32cubeide/plugins/com.st.stm32cube.ide.mcu.externaltools.gnu-tools-for-stm32.9-2020-q2-update.win32_2.0.0.202105311346/tools/bin/../lib/gcc/arm-none-eabi/9.3.1/../../../../arm-none-eabi/lib/thumb/v7-m/nofp\libc_nano.a
LOAD c:/st/stm32cubeide_1.7.0/stm32cubeide/plugins/com.st.stm32cube.ide.mcu.externaltools.gnu-tools-for-stm32.9-2020-q2-update.win32_2.0.0.202105311346/tools/bin/../lib/gcc/arm-none-eabi/9.3.1/../../../../arm-none-eabi/lib/thumb/v7-m/nofp\libm.a
END GROUP
START GROUP
LOAD c:/st/stm32cubeide_1.7.0/stm32cubeide/plugins/com.st.stm32cube.ide.mcu.externaltools.gnu-tools-for-stm32.9-2020-q2-update.win32_2.0.0.202105311346/tools/bin/../lib/gcc/arm-none-eabi/9.3.1/thumb/v7-m/nofp\libgcc.a
LOAD c:/st/stm32cubeide_1.7.0/stm32cubeide/plugins/com.st.stm32cube.ide.mcu.externaltools.gnu-tools-for-stm32.9-2020-q2-update.win32_2.0.0.202105311346/tools/bin/../lib/gcc/arm-none-eabi/9.3.1/../../../../arm-none-eabi/lib/thumb/v7-m/nofp\libc_nano.a
END GROUP
START GROUP
LOAD c:/st/stm32cubeide_1.7.0/stm32cubeide/plugins/com.st.stm32cube.ide.mcu.externaltools.gnu-tools-for-stm32.9-2020-q2-update.win32_2.0.0.202105311346/tools/bin/../lib/gcc/arm-none-eabi/9.3.1/thumb/v7-m/nofp\libgcc.a
LOAD c:/st/stm32cubeide_1.7.0/stm32cubeide/plugins/com.st.stm32cube.ide.mcu.externaltools.gnu-tools-for-stm32.9-2020-q2-update.win32_2.0.0.202105311346/tools/bin/../lib/gcc/arm-none-eabi/9.3.1/../../../../arm-none-eabi/lib/thumb/v7-m/nofp\libc_nano.a
LOAD c:/st/stm32cubeide_1.7.0/stm32cubeide/plugins/com.st.stm32cube.ide.mcu.externaltools.gnu-tools-for-stm32.9-2020-q2-update.win32_2.0.0.202105311346/tools/bin/../lib/gcc/arm-none-eabi/9.3.1/../../../../arm-none-eabi/lib/thumb/v7-m/nofp\libnosys.a
END GROUP
START GROUP
LOAD c:/st/stm32cubeide_1.7.0/stm32cubeide/plugins/com.st.stm32cube.ide.mcu.externaltools.gnu-tools-for-stm32.9-2020-q2-update.win32_2.0.0.202105311346/tools/bin/../lib/gcc/arm-none-eabi/9.3.1/thumb/v7-m/nofp\libgcc.a
LOAD c:/st/stm32cubeide_1.7.0/stm32cubeide/plugins/com.st.stm32cube.ide.mcu.externaltools.gnu-tools-for-stm32.9-2020-q2-update.win32_2.0.0.202105311346/tools/bin/../lib/gcc/arm-none-eabi/9.3.1/../../../../arm-none-eabi/lib/thumb/v7-m/nofp\libc_nano.a
LOAD c:/st/stm32cubeide_1.7.0/stm32cubeide/plugins/com.st.stm32cube.ide.mcu.externaltools.gnu-tools-for-stm32.9-2020-q2-update.win32_2.0.0.202105311346/tools/bin/../lib/gcc/arm-none-eabi/9.3.1/../../../../arm-none-eabi/lib/thumb/v7-m/nofp\libnosys.a
END GROUP
LOAD c:/st/stm32cubeide_1.7.0/stm32cubeide/plugins/com.st.stm32cube.ide.mcu.externaltools.gnu-tools-for-stm32.9-2020-q2-update.win32_2.0.0.202105311346/tools/bin/../lib/gcc/arm-none-eabi/9.3.1/thumb/v7-m/nofp/crtend.o
LOAD c:/st/stm32cubeide_1.7.0/stm32cubeide/plugins/com.st.stm32cube.ide.mcu.externaltools.gnu-tools-for-stm32.9-2020-q2-update.win32_2.0.0.202105311346/tools/bin/../lib/gcc/arm-none-eabi/9.3.1/thumb/v7-m/nofp/crtn.o
                0x0000000020002800                _estack = (ORIGIN (RAM) + LENGTH (RAM))
                0x0000000000000200                _Min_Heap_Size = 0x200
                0x0000000000000400                _Min_Stack_Size = 0x400

.isr_vector     0x0000000008000000      0x10c
                0x0000000008000000                . = ALIGN (0x4)
 *(.isr_vector)
 .isr_vector    0x0000000008000000      0x10c ./Core/Startup/startup_stm32f103c6tx.o
                0x0000000008000000                g_pfnVectors
                0x000000000800010c                . = ALIGN (0x4)

.text           0x000000000800010c     0x43d4
                0x000000000800010c                . = ALIGN (0x4)
 *(.text)
 .text          0x000000000800010c       0x40 c:/st/stm32cubeide_1.7.0/stm32cubeide/plugins/com.st.stm32cube.ide.mcu.externaltools.gnu-tools-for-stm32.9-2020-q2-update.win32_2.0.0.202105311346/tools/bin/../lib/gcc/arm-none-eabi/9.3.1/thumb/v7-m/nofp/crtbegin.o
 *(.text*)
 .text.isButton_BUT1_Pressed
                0x000000000800014c       0x24 ./Core/Src/button.o
                0x000000000800014c                isButton_BUT1_Pressed
 .text.isButton_BUT2_Pressed
                0x0000000008000170       0x24 ./Core/Src/button.o
                0x0000000008000170                isButton_BUT2_Pressed
 .text.isButton_BUT3_Pressed
                0x0000000008000194       0x24 ./Core/Src/button.o
                0x0000000008000194                isButton_BUT3_Pressed
 .text.isButton_Pedes_Pressed
                0x00000000080001b8       0x24 ./Core/Src/button.o
                0x00000000080001b8                isButton_Pedes_Pressed
 .text.getKeyInput
                0x00000000080001dc      0x354 ./Core/Src/button.o
                0x00000000080001dc                getKeyInput
 .text.fsm_7SEG_horizontal_run
                0x0000000008000530       0x90 ./Core/Src/fsm_7SEG_horizontal.o
                0x0000000008000530                fsm_7SEG_horizontal_run
 .text.fsm_7SEG_vertical_run
                0x00000000080005c0       0x30 ./Core/Src/fsm_7SEG_vertical.o
                0x00000000080005c0                fsm_7SEG_vertical_run
 .text.fsm_mannual_run
                0x00000000080005f0      0x16c ./Core/Src/fsm_mannual.o
                0x00000000080005f0                fsm_mannual_run
 .text.fsm_pedestrian_run
                0x000000000800075c       0x40 ./Core/Src/fsm_pedestrian.o
                0x000000000800075c                fsm_pedestrian_run
 .text.fsm_system_run
                0x000000000800079c      0x35c ./Core/Src/fsm_system.o
                0x000000000800079c                fsm_system_run
 .text.fsm_traffic_blink_horizontal_run
                0x0000000008000af8      0x24c ./Core/Src/fsm_traffic_blink.o
                0x0000000008000af8                fsm_traffic_blink_horizontal_run
 .text.fsm_traffic_blink_vertical_run
                0x0000000008000d44      0x25c ./Core/Src/fsm_traffic_blink.o
                0x0000000008000d44                fsm_traffic_blink_vertical_run
 .text.fsm_traffic_horizontal_run
                0x0000000008000fa0       0xa8 ./Core/Src/fsm_traffic_horizontal.o
                0x0000000008000fa0                fsm_traffic_horizontal_run
 .text.fsm_traffic_vertical_run
                0x0000000008001048      0x10c ./Core/Src/fsm_traffic_vertical.o
                0x0000000008001048                fsm_traffic_vertical_run
 .text.main     0x0000000008001154       0x80 ./Core/Src/main.o
                0x0000000008001154                main
 .text.SystemClock_Config
                0x00000000080011d4       0x76 ./Core/Src/main.o
                0x00000000080011d4                SystemClock_Config
 *fill*         0x000000000800124a        0x2 
 .text.MX_TIM2_Init
                0x000000000800124c       0xec ./Core/Src/main.o
 .text.MX_USART2_UART_Init
                0x0000000008001338       0x54 ./Core/Src/main.o
 .text.MX_GPIO_Init
                0x000000000800138c       0xe0 ./Core/Src/main.o
 .text.HAL_TIM_PeriodElapsedCallback
                0x000000000800146c       0x18 ./Core/Src/main.o
                0x000000000800146c                HAL_TIM_PeriodElapsedCallback
 .text.Error_Handler
                0x0000000008001484        0xa ./Core/Src/main.o
                0x0000000008001484                Error_Handler
 *fill*         0x000000000800148e        0x2 
 .text.setTimer1
                0x0000000008001490       0x34 ./Core/Src/software_timer.o
                0x0000000008001490                setTimer1
 .text.setTimer2
                0x00000000080014c4       0x34 ./Core/Src/software_timer.o
                0x00000000080014c4                setTimer2
 .text.setTimer3
                0x00000000080014f8       0x34 ./Core/Src/software_timer.o
                0x00000000080014f8                setTimer3
 .text.setTimer4
                0x000000000800152c       0x34 ./Core/Src/software_timer.o
                0x000000000800152c                setTimer4
 .text.setTimer5
                0x0000000008001560       0x34 ./Core/Src/software_timer.o
                0x0000000008001560                setTimer5
 .text.setTimer6
                0x0000000008001594       0x34 ./Core/Src/software_timer.o
                0x0000000008001594                setTimer6
 .text.setTimer7
                0x00000000080015c8       0x34 ./Core/Src/software_timer.o
                0x00000000080015c8                setTimer7
 .text.setTimer8
                0x00000000080015fc       0x34 ./Core/Src/software_timer.o
                0x00000000080015fc                setTimer8
 .text.setTimer9
                0x0000000008001630       0x34 ./Core/Src/software_timer.o
                0x0000000008001630                setTimer9
 .text.setTimer10
                0x0000000008001664       0x34 ./Core/Src/software_timer.o
                0x0000000008001664                setTimer10
 .text.setTimer30
                0x0000000008001698       0x34 ./Core/Src/software_timer.o
                0x0000000008001698                setTimer30
 .text.timerRun
                0x00000000080016cc      0x1ec ./Core/Src/software_timer.o
                0x00000000080016cc                timerRun
 .text.HAL_MspInit
                0x00000000080018b8       0x64 ./Core/Src/stm32f1xx_hal_msp.o
                0x00000000080018b8                HAL_MspInit
 .text.HAL_TIM_Base_MspInit
                0x000000000800191c       0x48 ./Core/Src/stm32f1xx_hal_msp.o
                0x000000000800191c                HAL_TIM_Base_MspInit
 .text.HAL_TIM_MspPostInit
                0x0000000008001964       0x60 ./Core/Src/stm32f1xx_hal_msp.o
                0x0000000008001964                HAL_TIM_MspPostInit
 .text.HAL_UART_MspInit
                0x00000000080019c4       0xa4 ./Core/Src/stm32f1xx_hal_msp.o
                0x00000000080019c4                HAL_UART_MspInit
 .text.NMI_Handler
                0x0000000008001a68        0x6 ./Core/Src/stm32f1xx_it.o
                0x0000000008001a68                NMI_Handler
 .text.HardFault_Handler
                0x0000000008001a6e        0x6 ./Core/Src/stm32f1xx_it.o
                0x0000000008001a6e                HardFault_Handler
 .text.MemManage_Handler
                0x0000000008001a74        0x6 ./Core/Src/stm32f1xx_it.o
                0x0000000008001a74                MemManage_Handler
 .text.BusFault_Handler
                0x0000000008001a7a        0x6 ./Core/Src/stm32f1xx_it.o
                0x0000000008001a7a                BusFault_Handler
 .text.UsageFault_Handler
                0x0000000008001a80        0x6 ./Core/Src/stm32f1xx_it.o
                0x0000000008001a80                UsageFault_Handler
 .text.SVC_Handler
                0x0000000008001a86        0xc ./Core/Src/stm32f1xx_it.o
                0x0000000008001a86                SVC_Handler
 .text.DebugMon_Handler
                0x0000000008001a92        0xc ./Core/Src/stm32f1xx_it.o
                0x0000000008001a92                DebugMon_Handler
 .text.PendSV_Handler
                0x0000000008001a9e        0xc ./Core/Src/stm32f1xx_it.o
                0x0000000008001a9e                PendSV_Handler
 .text.SysTick_Handler
                0x0000000008001aaa        0xc ./Core/Src/stm32f1xx_it.o
                0x0000000008001aaa                SysTick_Handler
 *fill*         0x0000000008001ab6        0x2 
 .text.TIM2_IRQHandler
                0x0000000008001ab8       0x14 ./Core/Src/stm32f1xx_it.o
                0x0000000008001ab8                TIM2_IRQHandler
 .text.USART2_IRQHandler
                0x0000000008001acc       0x14 ./Core/Src/stm32f1xx_it.o
                0x0000000008001acc                USART2_IRQHandler
 .text.SystemInit
                0x0000000008001ae0        0xc ./Core/Src/system_stm32f1xx.o
                0x0000000008001ae0                SystemInit
 .text.setRed_horizontal
                0x0000000008001aec       0x28 ./Core/Src/traffic.o
                0x0000000008001aec                setRed_horizontal
 .text.setGreen_horizontal
                0x0000000008001b14       0x28 ./Core/Src/traffic.o
                0x0000000008001b14                setGreen_horizontal
 .text.setYellow_horizontal
                0x0000000008001b3c       0x28 ./Core/Src/traffic.o
                0x0000000008001b3c                setYellow_horizontal
 .text.setRed_vertical
                0x0000000008001b64       0x20 ./Core/Src/traffic.o
                0x0000000008001b64                setRed_vertical
 .text.setGreen_vertical
                0x0000000008001b84       0x20 ./Core/Src/traffic.o
                0x0000000008001b84                setGreen_vertical
 .text.setYellow_vertical
                0x0000000008001ba4       0x20 ./Core/Src/traffic.o
                0x0000000008001ba4                setYellow_vertical
 .text.toggleLedRed
                0x0000000008001bc4       0x18 ./Core/Src/traffic.o
                0x0000000008001bc4                toggleLedRed
 .text.toggleRed_horizontal
                0x0000000008001bdc       0x24 ./Core/Src/traffic.o
                0x0000000008001bdc                toggleRed_horizontal
 .text.toggleGreen_horizontal
                0x0000000008001c00       0x24 ./Core/Src/traffic.o
                0x0000000008001c00                toggleGreen_horizontal
 .text.toggleYellow_horizontal
                0x0000000008001c24       0x38 ./Core/Src/traffic.o
                0x0000000008001c24                toggleYellow_horizontal
 .text.toggleRed_vertical
                0x0000000008001c5c       0x20 ./Core/Src/traffic.o
                0x0000000008001c5c                toggleRed_vertical
 .text.toggleGreen_vertical
                0x0000000008001c7c       0x20 ./Core/Src/traffic.o
                0x0000000008001c7c                toggleGreen_vertical
 .text.toggleYellow_vertical
                0x0000000008001c9c       0x30 ./Core/Src/traffic.o
                0x0000000008001c9c                toggleYellow_vertical
 .text.resetTimeTraffic
                0x0000000008001ccc       0x6c ./Core/Src/traffic.o
                0x0000000008001ccc                resetTimeTraffic
 .text.set_off_pedes
                0x0000000008001d38       0x28 ./Core/Src/traffic.o
                0x0000000008001d38                set_off_pedes
 .text.set_red_pedes
                0x0000000008001d60       0x28 ./Core/Src/traffic.o
                0x0000000008001d60                set_red_pedes
 .text.set_green_pedes
                0x0000000008001d88       0x28 ./Core/Src/traffic.o
                0x0000000008001d88                set_green_pedes
 .text.Reset_Handler
                0x0000000008001db0       0x48 ./Core/Startup/startup_stm32f103c6tx.o
                0x0000000008001db0                Reset_Handler
 .text.Default_Handler
                0x0000000008001df8        0x2 ./Core/Startup/startup_stm32f103c6tx.o
                0x0000000008001df8                RTC_Alarm_IRQHandler
                0x0000000008001df8                EXTI2_IRQHandler
                0x0000000008001df8                TIM1_CC_IRQHandler
                0x0000000008001df8                PVD_IRQHandler
                0x0000000008001df8                EXTI3_IRQHandler
                0x0000000008001df8                EXTI0_IRQHandler
                0x0000000008001df8                ADC1_2_IRQHandler
                0x0000000008001df8                SPI1_IRQHandler
                0x0000000008001df8                TAMPER_IRQHandler
                0x0000000008001df8                DMA1_Channel4_IRQHandler
                0x0000000008001df8                RTC_IRQHandler
                0x0000000008001df8                DMA1_Channel7_IRQHandler
                0x0000000008001df8                CAN1_RX1_IRQHandler
                0x0000000008001df8                I2C1_EV_IRQHandler
                0x0000000008001df8                DMA1_Channel6_IRQHandler
                0x0000000008001df8                TIM3_IRQHandler
                0x0000000008001df8                RCC_IRQHandler
                0x0000000008001df8                TIM1_TRG_COM_IRQHandler
                0x0000000008001df8                DMA1_Channel1_IRQHandler
                0x0000000008001df8                Default_Handler
                0x0000000008001df8                EXTI15_10_IRQHandler
                0x0000000008001df8                EXTI9_5_IRQHandler
                0x0000000008001df8                DMA1_Channel5_IRQHandler
                0x0000000008001df8                EXTI4_IRQHandler
                0x0000000008001df8                USB_LP_CAN1_RX0_IRQHandler
                0x0000000008001df8                USB_HP_CAN1_TX_IRQHandler
                0x0000000008001df8                DMA1_Channel3_IRQHandler
                0x0000000008001df8                TIM1_UP_IRQHandler
                0x0000000008001df8                WWDG_IRQHandler
                0x0000000008001df8                TIM1_BRK_IRQHandler
                0x0000000008001df8                EXTI1_IRQHandler
                0x0000000008001df8                DMA1_Channel2_IRQHandler
                0x0000000008001df8                CAN1_SCE_IRQHandler
                0x0000000008001df8                FLASH_IRQHandler
                0x0000000008001df8                USART1_IRQHandler
                0x0000000008001df8                I2C1_ER_IRQHandler
                0x0000000008001df8                USBWakeUp_IRQHandler
 *fill*         0x0000000008001dfa        0x2 
 .text.HAL_Init
                0x0000000008001dfc       0x2c ./Drivers/STM32F1xx_HAL_Driver/Src/stm32f1xx_hal.o
                0x0000000008001dfc                HAL_Init
 .text.HAL_InitTick
                0x0000000008001e28       0x60 ./Drivers/STM32F1xx_HAL_Driver/Src/stm32f1xx_hal.o
                0x0000000008001e28                HAL_InitTick
 .text.HAL_IncTick
                0x0000000008001e88       0x24 ./Drivers/STM32F1xx_HAL_Driver/Src/stm32f1xx_hal.o
                0x0000000008001e88                HAL_IncTick
 .text.HAL_GetTick
                0x0000000008001eac       0x14 ./Drivers/STM32F1xx_HAL_Driver/Src/stm32f1xx_hal.o
                0x0000000008001eac                HAL_GetTick
 .text.__NVIC_SetPriorityGrouping
                0x0000000008001ec0       0x48 ./Drivers/STM32F1xx_HAL_Driver/Src/stm32f1xx_hal_cortex.o
 .text.__NVIC_GetPriorityGrouping
                0x0000000008001f08       0x1c ./Drivers/STM32F1xx_HAL_Driver/Src/stm32f1xx_hal_cortex.o
 .text.__NVIC_EnableIRQ
                0x0000000008001f24       0x38 ./Drivers/STM32F1xx_HAL_Driver/Src/stm32f1xx_hal_cortex.o
 .text.__NVIC_SetPriority
                0x0000000008001f5c       0x54 ./Drivers/STM32F1xx_HAL_Driver/Src/stm32f1xx_hal_cortex.o
 .text.NVIC_EncodePriority
                0x0000000008001fb0       0x64 ./Drivers/STM32F1xx_HAL_Driver/Src/stm32f1xx_hal_cortex.o
 .text.SysTick_Config
                0x0000000008002014       0x44 ./Drivers/STM32F1xx_HAL_Driver/Src/stm32f1xx_hal_cortex.o
 .text.HAL_NVIC_SetPriorityGrouping
                0x0000000008002058       0x16 ./Drivers/STM32F1xx_HAL_Driver/Src/stm32f1xx_hal_cortex.o
                0x0000000008002058                HAL_NVIC_SetPriorityGrouping
 .text.HAL_NVIC_SetPriority
                0x000000000800206e       0x38 ./Drivers/STM32F1xx_HAL_Driver/Src/stm32f1xx_hal_cortex.o
                0x000000000800206e                HAL_NVIC_SetPriority
 .text.HAL_NVIC_EnableIRQ
                0x00000000080020a6       0x1c ./Drivers/STM32F1xx_HAL_Driver/Src/stm32f1xx_hal_cortex.o
                0x00000000080020a6                HAL_NVIC_EnableIRQ
 .text.HAL_SYSTICK_Config
                0x00000000080020c2       0x18 ./Drivers/STM32F1xx_HAL_Driver/Src/stm32f1xx_hal_cortex.o
                0x00000000080020c2                HAL_SYSTICK_Config
 .text.HAL_DMA_Abort
                0x00000000080020da       0x74 ./Drivers/STM32F1xx_HAL_Driver/Src/stm32f1xx_hal_dma.o
                0x00000000080020da                HAL_DMA_Abort
 *fill*         0x000000000800214e        0x2 
 .text.HAL_DMA_Abort_IT
                0x0000000008002150       0xec ./Drivers/STM32F1xx_HAL_Driver/Src/stm32f1xx_hal_dma.o
                0x0000000008002150                HAL_DMA_Abort_IT
 .text.HAL_GPIO_Init
                0x000000000800223c      0x2f4 ./Drivers/STM32F1xx_HAL_Driver/Src/stm32f1xx_hal_gpio.o
                0x000000000800223c                HAL_GPIO_Init
 .text.HAL_GPIO_ReadPin
                0x0000000008002530       0x2e ./Drivers/STM32F1xx_HAL_Driver/Src/stm32f1xx_hal_gpio.o
                0x0000000008002530                HAL_GPIO_ReadPin
 .text.HAL_GPIO_WritePin
                0x000000000800255e       0x30 ./Drivers/STM32F1xx_HAL_Driver/Src/stm32f1xx_hal_gpio.o
                0x000000000800255e                HAL_GPIO_WritePin
 .text.HAL_GPIO_TogglePin
                0x000000000800258e       0x32 ./Drivers/STM32F1xx_HAL_Driver/Src/stm32f1xx_hal_gpio.o
                0x000000000800258e                HAL_GPIO_TogglePin
 .text.HAL_RCC_OscConfig
                0x00000000080025c0      0x500 ./Drivers/STM32F1xx_HAL_Driver/Src/stm32f1xx_hal_rcc.o
                0x00000000080025c0                HAL_RCC_OscConfig
 .text.HAL_RCC_ClockConfig
                0x0000000008002ac0      0x1d4 ./Drivers/STM32F1xx_HAL_Driver/Src/stm32f1xx_hal_rcc.o
                0x0000000008002ac0                HAL_RCC_ClockConfig
 .text.HAL_RCC_GetSysClockFreq
                0x0000000008002c94       0xc0 ./Drivers/STM32F1xx_HAL_Driver/Src/stm32f1xx_hal_rcc.o
                0x0000000008002c94                HAL_RCC_GetSysClockFreq
 .text.HAL_RCC_GetHCLKFreq
                0x0000000008002d54       0x14 ./Drivers/STM32F1xx_HAL_Driver/Src/stm32f1xx_hal_rcc.o
                0x0000000008002d54                HAL_RCC_GetHCLKFreq
 .text.HAL_RCC_GetPCLK1Freq
                0x0000000008002d68       0x28 ./Drivers/STM32F1xx_HAL_Driver/Src/stm32f1xx_hal_rcc.o
                0x0000000008002d68                HAL_RCC_GetPCLK1Freq
 .text.HAL_RCC_GetPCLK2Freq
                0x0000000008002d90       0x28 ./Drivers/STM32F1xx_HAL_Driver/Src/stm32f1xx_hal_rcc.o
                0x0000000008002d90                HAL_RCC_GetPCLK2Freq
 .text.RCC_Delay
                0x0000000008002db8       0x3c ./Drivers/STM32F1xx_HAL_Driver/Src/stm32f1xx_hal_rcc.o
 .text.HAL_TIM_Base_Init
                0x0000000008002df4       0x9e ./Drivers/STM32F1xx_HAL_Driver/Src/stm32f1xx_hal_tim.o
                0x0000000008002df4                HAL_TIM_Base_Init
 *fill*         0x0000000008002e92        0x2 
 .text.HAL_TIM_Base_Start_IT
                0x0000000008002e94       0x98 ./Drivers/STM32F1xx_HAL_Driver/Src/stm32f1xx_hal_tim.o
                0x0000000008002e94                HAL_TIM_Base_Start_IT
 .text.HAL_TIM_PWM_Init
                0x0000000008002f2c       0x9e ./Drivers/STM32F1xx_HAL_Driver/Src/stm32f1xx_hal_tim.o
                0x0000000008002f2c                HAL_TIM_PWM_Init
 .text.HAL_TIM_PWM_MspInit
                0x0000000008002fca       0x12 ./Drivers/STM32F1xx_HAL_Driver/Src/stm32f1xx_hal_tim.o
                0x0000000008002fca                HAL_TIM_PWM_MspInit
 .text.HAL_TIM_PWM_Start
                0x0000000008002fdc      0x138 ./Drivers/STM32F1xx_HAL_Driver/Src/stm32f1xx_hal_tim.o
                0x0000000008002fdc                HAL_TIM_PWM_Start
 .text.HAL_TIM_IRQHandler
                0x0000000008003114      0x210 ./Drivers/STM32F1xx_HAL_Driver/Src/stm32f1xx_hal_tim.o
                0x0000000008003114                HAL_TIM_IRQHandler
 .text.HAL_TIM_PWM_ConfigChannel
                0x0000000008003324      0x17c ./Drivers/STM32F1xx_HAL_Driver/Src/stm32f1xx_hal_tim.o
                0x0000000008003324                HAL_TIM_PWM_ConfigChannel
 .text.HAL_TIM_ConfigClockSource
                0x00000000080034a0      0x188 ./Drivers/STM32F1xx_HAL_Driver/Src/stm32f1xx_hal_tim.o
                0x00000000080034a0                HAL_TIM_ConfigClockSource
 .text.HAL_TIM_OC_DelayElapsedCallback
                0x0000000008003628       0x12 ./Drivers/STM32F1xx_HAL_Driver/Src/stm32f1xx_hal_tim.o
                0x0000000008003628                HAL_TIM_OC_DelayElapsedCallback
 .text.HAL_TIM_IC_CaptureCallback
                0x000000000800363a       0x12 ./Drivers/STM32F1xx_HAL_Driver/Src/stm32f1xx_hal_tim.o
                0x000000000800363a                HAL_TIM_IC_CaptureCallback
 .text.HAL_TIM_PWM_PulseFinishedCallback
                0x000000000800364c       0x12 ./Drivers/STM32F1xx_HAL_Driver/Src/stm32f1xx_hal_tim.o
                0x000000000800364c                HAL_TIM_PWM_PulseFinishedCallback
 .text.HAL_TIM_TriggerCallback
                0x000000000800365e       0x12 ./Drivers/STM32F1xx_HAL_Driver/Src/stm32f1xx_hal_tim.o
                0x000000000800365e                HAL_TIM_TriggerCallback
 .text.TIM_Base_SetConfig
                0x0000000008003670       0xb0 ./Drivers/STM32F1xx_HAL_Driver/Src/stm32f1xx_hal_tim.o
                0x0000000008003670                TIM_Base_SetConfig
 .text.TIM_OC1_SetConfig
                0x0000000008003720       0xcc ./Drivers/STM32F1xx_HAL_Driver/Src/stm32f1xx_hal_tim.o
 .text.TIM_OC2_SetConfig
                0x00000000080037ec       0xd4 ./Drivers/STM32F1xx_HAL_Driver/Src/stm32f1xx_hal_tim.o
                0x00000000080037ec                TIM_OC2_SetConfig
 .text.TIM_OC3_SetConfig
                0x00000000080038c0       0xd4 ./Drivers/STM32F1xx_HAL_Driver/Src/stm32f1xx_hal_tim.o
 .text.TIM_OC4_SetConfig
                0x0000000008003994       0x9c ./Drivers/STM32F1xx_HAL_Driver/Src/stm32f1xx_hal_tim.o
 .text.TIM_TI1_ConfigInputStage
                0x0000000008003a30       0x5c ./Drivers/STM32F1xx_HAL_Driver/Src/stm32f1xx_hal_tim.o
 .text.TIM_TI2_ConfigInputStage
                0x0000000008003a8c       0x5e ./Drivers/STM32F1xx_HAL_Driver/Src/stm32f1xx_hal_tim.o
 .text.TIM_ITRx_SetConfig
                0x0000000008003aea       0x34 ./Drivers/STM32F1xx_HAL_Driver/Src/stm32f1xx_hal_tim.o
 .text.TIM_ETR_SetConfig
                0x0000000008003b1e       0x3e ./Drivers/STM32F1xx_HAL_Driver/Src/stm32f1xx_hal_tim.o
                0x0000000008003b1e                TIM_ETR_SetConfig
 .text.TIM_CCxChannelCmd
                0x0000000008003b5c       0x48 ./Drivers/STM32F1xx_HAL_Driver/Src/stm32f1xx_hal_tim.o
                0x0000000008003b5c                TIM_CCxChannelCmd
 .text.HAL_TIMEx_MasterConfigSynchronization
                0x0000000008003ba4       0xb0 ./Drivers/STM32F1xx_HAL_Driver/Src/stm32f1xx_hal_tim_ex.o
                0x0000000008003ba4                HAL_TIMEx_MasterConfigSynchronization
 .text.HAL_TIMEx_CommutCallback
                0x0000000008003c54       0x12 ./Drivers/STM32F1xx_HAL_Driver/Src/stm32f1xx_hal_tim_ex.o
                0x0000000008003c54                HAL_TIMEx_CommutCallback
 .text.HAL_TIMEx_BreakCallback
                0x0000000008003c66       0x12 ./Drivers/STM32F1xx_HAL_Driver/Src/stm32f1xx_hal_tim_ex.o
                0x0000000008003c66                HAL_TIMEx_BreakCallback
 .text.HAL_UART_Init
                0x0000000008003c78       0x9a ./Drivers/STM32F1xx_HAL_Driver/Src/stm32f1xx_hal_uart.o
                0x0000000008003c78                HAL_UART_Init
 *fill*         0x0000000008003d12        0x2 
 .text.HAL_UART_IRQHandler
                0x0000000008003d14      0x354 ./Drivers/STM32F1xx_HAL_Driver/Src/stm32f1xx_hal_uart.o
                0x0000000008003d14                HAL_UART_IRQHandler
 .text.HAL_UART_TxCpltCallback
                0x0000000008004068       0x12 ./Drivers/STM32F1xx_HAL_Driver/Src/stm32f1xx_hal_uart.o
                0x0000000008004068                HAL_UART_TxCpltCallback
 .text.HAL_UART_RxCpltCallback
                0x000000000800407a       0x12 ./Drivers/STM32F1xx_HAL_Driver/Src/stm32f1xx_hal_uart.o
                0x000000000800407a                HAL_UART_RxCpltCallback
 .text.HAL_UART_ErrorCallback
                0x000000000800408c       0x12 ./Drivers/STM32F1xx_HAL_Driver/Src/stm32f1xx_hal_uart.o
                0x000000000800408c                HAL_UART_ErrorCallback
 .text.HAL_UARTEx_RxEventCallback
                0x000000000800409e       0x16 ./Drivers/STM32F1xx_HAL_Driver/Src/stm32f1xx_hal_uart.o
                0x000000000800409e                HAL_UARTEx_RxEventCallback
 .text.UART_EndRxTransfer
                0x00000000080040b4       0x58 ./Drivers/STM32F1xx_HAL_Driver/Src/stm32f1xx_hal_uart.o
 .text.UART_DMAAbortOnError
                0x000000000800410c       0x28 ./Drivers/STM32F1xx_HAL_Driver/Src/stm32f1xx_hal_uart.o
 .text.UART_Transmit_IT
                0x0000000008004134       0x9e ./Drivers/STM32F1xx_HAL_Driver/Src/stm32f1xx_hal_uart.o
 .text.UART_EndTransmit_IT
                0x00000000080041d2       0x30 ./Drivers/STM32F1xx_HAL_Driver/Src/stm32f1xx_hal_uart.o
 .text.UART_Receive_IT
                0x0000000008004202      0x152 ./Drivers/STM32F1xx_HAL_Driver/Src/stm32f1xx_hal_uart.o
 .text.UART_SetConfig
                0x0000000008004354      0x11c ./Drivers/STM32F1xx_HAL_Driver/Src/stm32f1xx_hal_uart.o
 .text.__libc_init_array
                0x0000000008004470       0x48 c:/st/stm32cubeide_1.7.0/stm32cubeide/plugins/com.st.stm32cube.ide.mcu.externaltools.gnu-tools-for-stm32.9-2020-q2-update.win32_2.0.0.202105311346/tools/bin/../lib/gcc/arm-none-eabi/9.3.1/../../../../arm-none-eabi/lib/thumb/v7-m/nofp\libc_nano.a(lib_a-init.o)
                0x0000000008004470                __libc_init_array
 .text.memset   0x00000000080044b8       0x10 c:/st/stm32cubeide_1.7.0/stm32cubeide/plugins/com.st.stm32cube.ide.mcu.externaltools.gnu-tools-for-stm32.9-2020-q2-update.win32_2.0.0.202105311346/tools/bin/../lib/gcc/arm-none-eabi/9.3.1/../../../../arm-none-eabi/lib/thumb/v7-m/nofp\libc_nano.a(lib_a-memset.o)
                0x00000000080044b8                memset
 *(.glue_7)
 .glue_7        0x00000000080044c8        0x0 linker stubs
 *(.glue_7t)
 .glue_7t       0x00000000080044c8        0x0 linker stubs
 *(.eh_frame)
 .eh_frame      0x00000000080044c8        0x0 c:/st/stm32cubeide_1.7.0/stm32cubeide/plugins/com.st.stm32cube.ide.mcu.externaltools.gnu-tools-for-stm32.9-2020-q2-update.win32_2.0.0.202105311346/tools/bin/../lib/gcc/arm-none-eabi/9.3.1/thumb/v7-m/nofp/crtbegin.o
 *(.init)
 .init          0x00000000080044c8        0x4 c:/st/stm32cubeide_1.7.0/stm32cubeide/plugins/com.st.stm32cube.ide.mcu.externaltools.gnu-tools-for-stm32.9-2020-q2-update.win32_2.0.0.202105311346/tools/bin/../lib/gcc/arm-none-eabi/9.3.1/thumb/v7-m/nofp/crti.o
                0x00000000080044c8                _init
 .init          0x00000000080044cc        0x8 c:/st/stm32cubeide_1.7.0/stm32cubeide/plugins/com.st.stm32cube.ide.mcu.externaltools.gnu-tools-for-stm32.9-2020-q2-update.win32_2.0.0.202105311346/tools/bin/../lib/gcc/arm-none-eabi/9.3.1/thumb/v7-m/nofp/crtn.o
 *(.fini)
 .fini          0x00000000080044d4        0x4 c:/st/stm32cubeide_1.7.0/stm32cubeide/plugins/com.st.stm32cube.ide.mcu.externaltools.gnu-tools-for-stm32.9-2020-q2-update.win32_2.0.0.202105311346/tools/bin/../lib/gcc/arm-none-eabi/9.3.1/thumb/v7-m/nofp/crti.o
                0x00000000080044d4                _fini
 .fini          0x00000000080044d8        0x8 c:/st/stm32cubeide_1.7.0/stm32cubeide/plugins/com.st.stm32cube.ide.mcu.externaltools.gnu-tools-for-stm32.9-2020-q2-update.win32_2.0.0.202105311346/tools/bin/../lib/gcc/arm-none-eabi/9.3.1/thumb/v7-m/nofp/crtn.o
                0x00000000080044e0                . = ALIGN (0x4)
                0x00000000080044e0                _etext = .

.vfp11_veneer   0x00000000080044e0        0x0
 .vfp11_veneer  0x00000000080044e0        0x0 linker stubs

.v4_bx          0x00000000080044e0        0x0
 .v4_bx         0x00000000080044e0        0x0 linker stubs

.iplt           0x00000000080044e0        0x0
 .iplt          0x00000000080044e0        0x0 c:/st/stm32cubeide_1.7.0/stm32cubeide/plugins/com.st.stm32cube.ide.mcu.externaltools.gnu-tools-for-stm32.9-2020-q2-update.win32_2.0.0.202105311346/tools/bin/../lib/gcc/arm-none-eabi/9.3.1/thumb/v7-m/nofp/crtbegin.o

.rodata         0x00000000080044e0       0x28
                0x00000000080044e0                . = ALIGN (0x4)
 *(.rodata)
 .rodata        0x00000000080044e0       0x10 ./Drivers/STM32F1xx_HAL_Driver/Src/stm32f1xx_hal_rcc.o
 *(.rodata*)
 .rodata.AHBPrescTable
                0x00000000080044f0       0x10 ./Core/Src/system_stm32f1xx.o
                0x00000000080044f0                AHBPrescTable
 .rodata.APBPrescTable
                0x0000000008004500        0x8 ./Core/Src/system_stm32f1xx.o
                0x0000000008004500                APBPrescTable
                0x0000000008004508                . = ALIGN (0x4)

.rel.dyn        0x0000000008004508        0x0
 .rel.iplt      0x0000000008004508        0x0 c:/st/stm32cubeide_1.7.0/stm32cubeide/plugins/com.st.stm32cube.ide.mcu.externaltools.gnu-tools-for-stm32.9-2020-q2-update.win32_2.0.0.202105311346/tools/bin/../lib/gcc/arm-none-eabi/9.3.1/thumb/v7-m/nofp/crtbegin.o

.ARM.extab      0x0000000008004508        0x0
                0x0000000008004508                . = ALIGN (0x4)
 *(.ARM.extab* .gnu.linkonce.armextab.*)
                0x0000000008004508                . = ALIGN (0x4)

.ARM            0x0000000008004508        0x0
                0x0000000008004508                . = ALIGN (0x4)
                0x0000000008004508                __exidx_start = .
 *(.ARM.exidx*)
                0x0000000008004508                __exidx_end = .
                0x0000000008004508                . = ALIGN (0x4)

.preinit_array  0x0000000008004508        0x0
                0x0000000008004508                . = ALIGN (0x4)
                0x0000000008004508                PROVIDE (__preinit_array_start = .)
 *(.preinit_array*)
                0x0000000008004508                PROVIDE (__preinit_array_end = .)
                0x0000000008004508                . = ALIGN (0x4)

.init_array     0x0000000008004508        0x4
                0x0000000008004508                . = ALIGN (0x4)
                0x0000000008004508                PROVIDE (__init_array_start = .)
 *(SORT_BY_NAME(.init_array.*))
 *(.init_array*)
 .init_array    0x0000000008004508        0x4 c:/st/stm32cubeide_1.7.0/stm32cubeide/plugins/com.st.stm32cube.ide.mcu.externaltools.gnu-tools-for-stm32.9-2020-q2-update.win32_2.0.0.202105311346/tools/bin/../lib/gcc/arm-none-eabi/9.3.1/thumb/v7-m/nofp/crtbegin.o
                0x000000000800450c                PROVIDE (__init_array_end = .)
                0x000000000800450c                . = ALIGN (0x4)

.fini_array     0x000000000800450c        0x4
                0x000000000800450c                . = ALIGN (0x4)
                [!provide]                        PROVIDE (__fini_array_start = .)
 *(SORT_BY_NAME(.fini_array.*))
 *(.fini_array*)
 .fini_array    0x000000000800450c        0x4 c:/st/stm32cubeide_1.7.0/stm32cubeide/plugins/com.st.stm32cube.ide.mcu.externaltools.gnu-tools-for-stm32.9-2020-q2-update.win32_2.0.0.202105311346/tools/bin/../lib/gcc/arm-none-eabi/9.3.1/thumb/v7-m/nofp/crtbegin.o
                [!provide]                        PROVIDE (__fini_array_end = .)
                0x0000000008004510                . = ALIGN (0x4)
                0x0000000008004510                _sidata = LOADADDR (.data)

.data           0x0000000020000000       0xa4 load address 0x0000000008004510
                0x0000000020000000                . = ALIGN (0x4)
                0x0000000020000000                _sdata = .
 *(.data)
 *(.data*)
 .data.keyReg0  0x0000000020000000       0x10 ./Core/Src/button.o
                0x0000000020000000                keyReg0
 .data.keyReg1  0x0000000020000010       0x10 ./Core/Src/button.o
                0x0000000020000010                keyReg1
 .data.keyReg2  0x0000000020000020       0x10 ./Core/Src/button.o
                0x0000000020000020                keyReg2
 .data.keyReg3  0x0000000020000030       0x10 ./Core/Src/button.o
                0x0000000020000030                keyReg3
 .data.timerForKeyPress
                0x0000000020000040        0x4 ./Core/Src/button.o
                0x0000000020000040                timerForKeyPress
 .data.status_7SEG_horizontal
                0x0000000020000044        0x4 ./Core/Src/fsm_7SEG_horizontal.o
                0x0000000020000044                status_7SEG_horizontal
 .data.status_7SEG_vertical
                0x0000000020000048        0x4 ./Core/Src/fsm_7SEG_vertical.o
                0x0000000020000048                status_7SEG_vertical
 .data.status_mannual
                0x000000002000004c        0x4 ./Core/Src/fsm_mannual.o
                0x000000002000004c                status_mannual
 .data.status_pedestrian_light
                0x0000000020000050        0x4 ./Core/Src/fsm_pedestrian.o
                0x0000000020000050                status_pedestrian_light
 .data.status_traffic_blink_horizontal
                0x0000000020000054        0x4 ./Core/Src/fsm_traffic_blink.o
                0x0000000020000054                status_traffic_blink_horizontal
 .data.status_traffic_blink_vertical
                0x0000000020000058        0x4 ./Core/Src/fsm_traffic_blink.o
                0x0000000020000058                status_traffic_blink_vertical
 .data.status_traffic_horizontal
                0x000000002000005c        0x4 ./Core/Src/fsm_traffic_horizontal.o
                0x000000002000005c                status_traffic_horizontal
 .data.status_traffic_vertical
                0x0000000020000060        0x4 ./Core/Src/fsm_traffic_vertical.o
                0x0000000020000060                status_traffic_vertical
 .data.time_red_horizontal
                0x0000000020000064        0x4 ./Core/Src/global.o
                0x0000000020000064                time_red_horizontal
 .data.time_green_horizontal
                0x0000000020000068        0x4 ./Core/Src/global.o
                0x0000000020000068                time_green_horizontal
 .data.time_yellow_horizontal
                0x000000002000006c        0x4 ./Core/Src/global.o
                0x000000002000006c                time_yellow_horizontal
 .data.time_red_horizontal_temp
                0x0000000020000070        0x4 ./Core/Src/global.o
                0x0000000020000070                time_red_horizontal_temp
 .data.time_green_horizontal_temp
                0x0000000020000074        0x4 ./Core/Src/global.o
                0x0000000020000074                time_green_horizontal_temp
 .data.time_yellow_horizontal_temp
                0x0000000020000078        0x4 ./Core/Src/global.o
                0x0000000020000078                time_yellow_horizontal_temp
 .data.time_green_vertical
                0x000000002000007c        0x4 ./Core/Src/global.o
                0x000000002000007c                time_green_vertical
 .data.time_yellow_vertical
                0x0000000020000080        0x4 ./Core/Src/global.o
                0x0000000020000080                time_yellow_vertical
 .data.time_red_vertical
                0x0000000020000084        0x4 ./Core/Src/global.o
                0x0000000020000084                time_red_vertical
 .data.time_green_vertical_temp
                0x0000000020000088        0x4 ./Core/Src/global.o
                0x0000000020000088                time_green_vertical_temp
 .data.time_yellow_vertical_temp
                0x000000002000008c        0x4 ./Core/Src/global.o
                0x000000002000008c                time_yellow_vertical_temp
 .data.time_red_vertical_temp
                0x0000000020000090        0x4 ./Core/Src/global.o
                0x0000000020000090                time_red_vertical_temp
 .data.TICK     0x0000000020000094        0x4 ./Core/Src/software_timer.o
                0x0000000020000094                TICK
 .data.SystemCoreClock
                0x0000000020000098        0x4 ./Core/Src/system_stm32f1xx.o
                0x0000000020000098                SystemCoreClock
 .data.uwTickPrio
                0x000000002000009c        0x4 ./Drivers/STM32F1xx_HAL_Driver/Src/stm32f1xx_hal.o
                0x000000002000009c                uwTickPrio
 .data.uwTickFreq
                0x00000000200000a0        0x1 ./Drivers/STM32F1xx_HAL_Driver/Src/stm32f1xx_hal.o
                0x00000000200000a0                uwTickFreq
 *(.RamFunc)
 *(.RamFunc*)
                0x00000000200000a4                . = ALIGN (0x4)
 *fill*         0x00000000200000a1        0x3 
                0x00000000200000a4                _edata = .

.igot.plt       0x00000000200000a4        0x0 load address 0x00000000080045b4
 .igot.plt      0x00000000200000a4        0x0 c:/st/stm32cubeide_1.7.0/stm32cubeide/plugins/com.st.stm32cube.ide.mcu.externaltools.gnu-tools-for-stm32.9-2020-q2-update.win32_2.0.0.202105311346/tools/bin/../lib/gcc/arm-none-eabi/9.3.1/thumb/v7-m/nofp/crtbegin.o
                0x00000000200000a4                . = ALIGN (0x4)

.bss            0x00000000200000a4      0x158 load address 0x00000000080045b4
                0x00000000200000a4                _sbss = .
                0x00000000200000a4                __bss_start__ = _sbss
 *(.bss)
 .bss           0x00000000200000a4       0x1c c:/st/stm32cubeide_1.7.0/stm32cubeide/plugins/com.st.stm32cube.ide.mcu.externaltools.gnu-tools-for-stm32.9-2020-q2-update.win32_2.0.0.202105311346/tools/bin/../lib/gcc/arm-none-eabi/9.3.1/thumb/v7-m/nofp/crtbegin.o
 *(.bss*)
 .bss.button_BUT1_flag
                0x00000000200000c0        0x4 ./Core/Src/button.o
                0x00000000200000c0                button_BUT1_flag
 .bss.button_BUT2_flag
                0x00000000200000c4        0x4 ./Core/Src/button.o
                0x00000000200000c4                button_BUT2_flag
 .bss.button_BUT3_flag
                0x00000000200000c8        0x4 ./Core/Src/button.o
                0x00000000200000c8                button_BUT3_flag
 .bss.button_PEDES_flag
                0x00000000200000cc        0x4 ./Core/Src/button.o
                0x00000000200000cc                button_PEDES_flag
 .bss.button_BUT1_LongPressed_flag
                0x00000000200000d0        0x4 ./Core/Src/button.o
                0x00000000200000d0                button_BUT1_LongPressed_flag
 .bss.button_BUT2_LongPressed_flag
                0x00000000200000d4        0x4 ./Core/Src/button.o
                0x00000000200000d4                button_BUT2_LongPressed_flag
 .bss.button_BUT3_LongPressed_flag
                0x00000000200000d8        0x4 ./Core/Src/button.o
                0x00000000200000d8                button_BUT3_LongPressed_flag
 .bss.button_PEDES_LongPressed_flag
                0x00000000200000dc        0x4 ./Core/Src/button.o
                0x00000000200000dc                button_PEDES_LongPressed_flag
 .bss.status_system
                0x00000000200000e0        0x4 ./Core/Src/global.o
                0x00000000200000e0                status_system
 .bss.timer1_flag
                0x00000000200000e4        0x4 ./Core/Src/software_timer.o
                0x00000000200000e4                timer1_flag
 .bss.timer1_counter
                0x00000000200000e8        0x4 ./Core/Src/software_timer.o
                0x00000000200000e8                timer1_counter
 .bss.timer2_flag
                0x00000000200000ec        0x4 ./Core/Src/software_timer.o
                0x00000000200000ec                timer2_flag
 .bss.timer2_counter
                0x00000000200000f0        0x4 ./Core/Src/software_timer.o
                0x00000000200000f0                timer2_counter
 .bss.timer3_flag
                0x00000000200000f4        0x4 ./Core/Src/software_timer.o
                0x00000000200000f4                timer3_flag
 .bss.timer3_counter
                0x00000000200000f8        0x4 ./Core/Src/software_timer.o
                0x00000000200000f8                timer3_counter
 .bss.timer4_flag
                0x00000000200000fc        0x4 ./Core/Src/software_timer.o
                0x00000000200000fc                timer4_flag
 .bss.timer4_counter
                0x0000000020000100        0x4 ./Core/Src/software_timer.o
                0x0000000020000100                timer4_counter
 .bss.timer5_flag
                0x0000000020000104        0x4 ./Core/Src/software_timer.o
                0x0000000020000104                timer5_flag
 .bss.timer5_counter
                0x0000000020000108        0x4 ./Core/Src/software_timer.o
                0x0000000020000108                timer5_counter
 .bss.timer6_flag
                0x000000002000010c        0x4 ./Core/Src/software_timer.o
                0x000000002000010c                timer6_flag
 .bss.timer6_counter
                0x0000000020000110        0x4 ./Core/Src/software_timer.o
                0x0000000020000110                timer6_counter
 .bss.timer7_flag
                0x0000000020000114        0x4 ./Core/Src/software_timer.o
                0x0000000020000114                timer7_flag
 .bss.timer7_counter
                0x0000000020000118        0x4 ./Core/Src/software_timer.o
                0x0000000020000118                timer7_counter
 .bss.timer8_flag
                0x000000002000011c        0x4 ./Core/Src/software_timer.o
                0x000000002000011c                timer8_flag
 .bss.timer8_counter
                0x0000000020000120        0x4 ./Core/Src/software_timer.o
                0x0000000020000120                timer8_counter
 .bss.timer9_flag
                0x0000000020000124        0x4 ./Core/Src/software_timer.o
                0x0000000020000124                timer9_flag
 .bss.timer9_counter
                0x0000000020000128        0x4 ./Core/Src/software_timer.o
                0x0000000020000128                timer9_counter
 .bss.timer10_flag
                0x000000002000012c        0x4 ./Core/Src/software_timer.o
                0x000000002000012c                timer10_flag
 .bss.timer10_counter
                0x0000000020000130        0x4 ./Core/Src/software_timer.o
                0x0000000020000130                timer10_counter
 .bss.timer11_flag
                0x0000000020000134        0x4 ./Core/Src/software_timer.o
                0x0000000020000134                timer11_flag
 .bss.timer11_counter
                0x0000000020000138        0x4 ./Core/Src/software_timer.o
                0x0000000020000138                timer11_counter
 .bss.timer30_flag
                0x000000002000013c        0x4 ./Core/Src/software_timer.o
                0x000000002000013c                timer30_flag
 .bss.timer30_counter
                0x0000000020000140        0x4 ./Core/Src/software_timer.o
                0x0000000020000140                timer30_counter
 .bss.traffic_buffer_horizontal
                0x0000000020000144        0xc ./Core/Src/traffic_buffer.o
                0x0000000020000144                traffic_buffer_horizontal
 .bss.traffic_buffer_vertical
                0x0000000020000150        0xc ./Core/Src/traffic_buffer.o
                0x0000000020000150                traffic_buffer_vertical
 .bss._7SEG_buffer_horizontal
                0x000000002000015c        0x8 ./Core/Src/traffic_buffer.o
                0x000000002000015c                _7SEG_buffer_horizontal
 .bss._7SEG_buffer_vertical
                0x0000000020000164        0x8 ./Core/Src/traffic_buffer.o
                0x0000000020000164                _7SEG_buffer_vertical
 *(COMMON)
 COMMON         0x000000002000016c       0x8c ./Core/Src/main.o
                0x000000002000016c                htim2
                0x00000000200001b4                huart2
 COMMON         0x00000000200001f8        0x4 ./Drivers/STM32F1xx_HAL_Driver/Src/stm32f1xx_hal.o
                0x00000000200001f8                uwTick
                0x00000000200001fc                . = ALIGN (0x4)
                0x00000000200001fc                _ebss = .
                0x00000000200001fc                __bss_end__ = _ebss

._user_heap_stack
                0x00000000200001fc      0x604 load address 0x00000000080045b4
                0x0000000020000200                . = ALIGN (0x8)
 *fill*         0x00000000200001fc        0x4 
                [!provide]                        PROVIDE (end = .)
                0x0000000020000200                PROVIDE (_end = .)
                0x0000000020000400                . = (. + _Min_Heap_Size)
 *fill*         0x0000000020000200      0x200 
                0x0000000020000800                . = (. + _Min_Stack_Size)
 *fill*         0x0000000020000400      0x400 
                0x0000000020000800                . = ALIGN (0x8)

/DISCARD/
 libc.a(*)
 libm.a(*)
 libgcc.a(*)

.ARM.attributes
                0x0000000000000000       0x29
 *(.ARM.attributes)
 .ARM.attributes
                0x0000000000000000       0x1d c:/st/stm32cubeide_1.7.0/stm32cubeide/plugins/com.st.stm32cube.ide.mcu.externaltools.gnu-tools-for-stm32.9-2020-q2-update.win32_2.0.0.202105311346/tools/bin/../lib/gcc/arm-none-eabi/9.3.1/thumb/v7-m/nofp/crti.o
 .ARM.attributes
                0x000000000000001d       0x2d c:/st/stm32cubeide_1.7.0/stm32cubeide/plugins/com.st.stm32cube.ide.mcu.externaltools.gnu-tools-for-stm32.9-2020-q2-update.win32_2.0.0.202105311346/tools/bin/../lib/gcc/arm-none-eabi/9.3.1/thumb/v7-m/nofp/crtbegin.o
 .ARM.attributes
                0x000000000000004a       0x2d ./Core/Src/button.o
 .ARM.attributes
                0x0000000000000077       0x2d ./Core/Src/fsm_7SEG_horizontal.o
 .ARM.attributes
                0x00000000000000a4       0x2d ./Core/Src/fsm_7SEG_vertical.o
 .ARM.attributes
                0x00000000000000d1       0x2d ./Core/Src/fsm_mannual.o
 .ARM.attributes
                0x00000000000000fe       0x2d ./Core/Src/fsm_pedestrian.o
 .ARM.attributes
                0x000000000000012b       0x2d ./Core/Src/fsm_system.o
 .ARM.attributes
                0x0000000000000158       0x2d ./Core/Src/fsm_traffic_blink.o
 .ARM.attributes
                0x0000000000000185       0x2d ./Core/Src/fsm_traffic_horizontal.o
 .ARM.attributes
                0x00000000000001b2       0x2d ./Core/Src/fsm_traffic_vertical.o
 .ARM.attributes
                0x00000000000001df       0x33 ./Core/Src/global.o
 .ARM.attributes
                0x0000000000000212       0x2d ./Core/Src/main.o
 .ARM.attributes
                0x000000000000023f       0x2d ./Core/Src/software_timer.o
 .ARM.attributes
                0x000000000000026c       0x2d ./Core/Src/stm32f1xx_hal_msp.o
 .ARM.attributes
                0x0000000000000299       0x2d ./Core/Src/stm32f1xx_it.o
 .ARM.attributes
                0x00000000000002c6       0x2d ./Core/Src/system_stm32f1xx.o
 .ARM.attributes
                0x00000000000002f3       0x2d ./Core/Src/traffic.o
 .ARM.attributes
                0x0000000000000320       0x33 ./Core/Src/traffic_buffer.o
 .ARM.attributes
                0x0000000000000353       0x21 ./Core/Startup/startup_stm32f103c6tx.o
 .ARM.attributes
                0x0000000000000374       0x2d ./Drivers/STM32F1xx_HAL_Driver/Src/stm32f1xx_hal.o
 .ARM.attributes
                0x00000000000003a1       0x2d ./Drivers/STM32F1xx_HAL_Driver/Src/stm32f1xx_hal_cortex.o
 .ARM.attributes
                0x00000000000003ce       0x2d ./Drivers/STM32F1xx_HAL_Driver/Src/stm32f1xx_hal_dma.o
 .ARM.attributes
                0x00000000000003fb       0x2d ./Drivers/STM32F1xx_HAL_Driver/Src/stm32f1xx_hal_gpio.o
 .ARM.attributes
                0x0000000000000428       0x2d ./Drivers/STM32F1xx_HAL_Driver/Src/stm32f1xx_hal_rcc.o
 .ARM.attributes
                0x0000000000000455       0x2d ./Drivers/STM32F1xx_HAL_Driver/Src/stm32f1xx_hal_tim.o
 .ARM.attributes
                0x0000000000000482       0x2d ./Drivers/STM32F1xx_HAL_Driver/Src/stm32f1xx_hal_tim_ex.o
 .ARM.attributes
                0x00000000000004af       0x2d ./Drivers/STM32F1xx_HAL_Driver/Src/stm32f1xx_hal_uart.o
 .ARM.attributes
                0x00000000000004dc       0x2d c:/st/stm32cubeide_1.7.0/stm32cubeide/plugins/com.st.stm32cube.ide.mcu.externaltools.gnu-tools-for-stm32.9-2020-q2-update.win32_2.0.0.202105311346/tools/bin/../lib/gcc/arm-none-eabi/9.3.1/../../../../arm-none-eabi/lib/thumb/v7-m/nofp\libc_nano.a(lib_a-init.o)
 .ARM.attributes
                0x0000000000000509       0x2d c:/st/stm32cubeide_1.7.0/stm32cubeide/plugins/com.st.stm32cube.ide.mcu.externaltools.gnu-tools-for-stm32.9-2020-q2-update.win32_2.0.0.202105311346/tools/bin/../lib/gcc/arm-none-eabi/9.3.1/../../../../arm-none-eabi/lib/thumb/v7-m/nofp\libc_nano.a(lib_a-memset.o)
 .ARM.attributes
                0x0000000000000536       0x1d c:/st/stm32cubeide_1.7.0/stm32cubeide/plugins/com.st.stm32cube.ide.mcu.externaltools.gnu-tools-for-stm32.9-2020-q2-update.win32_2.0.0.202105311346/tools/bin/../lib/gcc/arm-none-eabi/9.3.1/thumb/v7-m/nofp/crtn.o
OUTPUT(BTL_F103C6.elf elf32-littlearm)
LOAD linker stubs
LOAD c:/st/stm32cubeide_1.7.0/stm32cubeide/plugins/com.st.stm32cube.ide.mcu.externaltools.gnu-tools-for-stm32.9-2020-q2-update.win32_2.0.0.202105311346/tools/bin/../lib/gcc/arm-none-eabi/9.3.1/../../../../arm-none-eabi/lib/thumb/v7-m/nofp\libc.a
LOAD c:/st/stm32cubeide_1.7.0/stm32cubeide/plugins/com.st.stm32cube.ide.mcu.externaltools.gnu-tools-for-stm32.9-2020-q2-update.win32_2.0.0.202105311346/tools/bin/../lib/gcc/arm-none-eabi/9.3.1/../../../../arm-none-eabi/lib/thumb/v7-m/nofp\libm.a
LOAD c:/st/stm32cubeide_1.7.0/stm32cubeide/plugins/com.st.stm32cube.ide.mcu.externaltools.gnu-tools-for-stm32.9-2020-q2-update.win32_2.0.0.202105311346/tools/bin/../lib/gcc/arm-none-eabi/9.3.1/thumb/v7-m/nofp\libgcc.a

.debug_info     0x0000000000000000     0xd472
 .debug_info    0x0000000000000000      0x405 ./Core/Src/button.o
 .debug_info    0x0000000000000405      0x294 ./Core/Src/fsm_7SEG_horizontal.o
 .debug_info    0x0000000000000699      0x23d ./Core/Src/fsm_7SEG_vertical.o
 .debug_info    0x00000000000008d6      0x3e0 ./Core/Src/fsm_mannual.o
 .debug_info    0x0000000000000cb6      0x3a4 ./Core/Src/fsm_pedestrian.o
 .debug_info    0x000000000000105a      0x422 ./Core/Src/fsm_system.o
 .debug_info    0x000000000000147c      0x2c0 ./Core/Src/fsm_traffic_blink.o
 .debug_info    0x000000000000173c      0x2f0 ./Core/Src/fsm_traffic_horizontal.o
 .debug_info    0x0000000000001a2c      0x1a1 ./Core/Src/fsm_traffic_vertical.o
 .debug_info    0x0000000000001bcd      0x259 ./Core/Src/global.o
 .debug_info    0x0000000000001e26     0x10b6 ./Core/Src/main.o
 .debug_info    0x0000000000002edc      0x49d ./Core/Src/software_timer.o
 .debug_info    0x0000000000003379      0xdfd ./Core/Src/stm32f1xx_hal_msp.o
 .debug_info    0x0000000000004176      0xa22 ./Core/Src/stm32f1xx_it.o
 .debug_info    0x0000000000004b98      0x2be ./Core/Src/system_stm32f1xx.o
 .debug_info    0x0000000000004e56      0x4a3 ./Core/Src/traffic.o
 .debug_info    0x00000000000052f9      0x16c ./Core/Src/traffic_buffer.o
 .debug_info    0x0000000000005465       0x22 ./Core/Startup/startup_stm32f103c6tx.o
 .debug_info    0x0000000000005487      0x74c ./Drivers/STM32F1xx_HAL_Driver/Src/stm32f1xx_hal.o
 .debug_info    0x0000000000005bd3      0xbbe ./Drivers/STM32F1xx_HAL_Driver/Src/stm32f1xx_hal_cortex.o
 .debug_info    0x0000000000006791      0x81e ./Drivers/STM32F1xx_HAL_Driver/Src/stm32f1xx_hal_dma.o
 .debug_info    0x0000000000006faf      0x701 ./Drivers/STM32F1xx_HAL_Driver/Src/stm32f1xx_hal_gpio.o
 .debug_info    0x00000000000076b0      0x88e ./Drivers/STM32F1xx_HAL_Driver/Src/stm32f1xx_hal_rcc.o
 .debug_info    0x0000000000007f3e     0x2a45 ./Drivers/STM32F1xx_HAL_Driver/Src/stm32f1xx_hal_tim.o
 .debug_info    0x000000000000a983     0x14d5 ./Drivers/STM32F1xx_HAL_Driver/Src/stm32f1xx_hal_tim_ex.o
 .debug_info    0x000000000000be58     0x161a ./Drivers/STM32F1xx_HAL_Driver/Src/stm32f1xx_hal_uart.o

.debug_abbrev   0x0000000000000000     0x228c
 .debug_abbrev  0x0000000000000000      0x13f ./Core/Src/button.o
 .debug_abbrev  0x000000000000013f       0x79 ./Core/Src/fsm_7SEG_horizontal.o
 .debug_abbrev  0x00000000000001b8       0x5c ./Core/Src/fsm_7SEG_vertical.o
 .debug_abbrev  0x0000000000000214       0xc5 ./Core/Src/fsm_mannual.o
 .debug_abbrev  0x00000000000002d9       0xc5 ./Core/Src/fsm_pedestrian.o
 .debug_abbrev  0x000000000000039e       0xb6 ./Core/Src/fsm_system.o
 .debug_abbrev  0x0000000000000454       0x79 ./Core/Src/fsm_traffic_blink.o
 .debug_abbrev  0x00000000000004cd       0xc5 ./Core/Src/fsm_traffic_horizontal.o
 .debug_abbrev  0x0000000000000592       0x5c ./Core/Src/fsm_traffic_vertical.o
 .debug_abbrev  0x00000000000005ee       0x6a ./Core/Src/global.o
 .debug_abbrev  0x0000000000000658      0x2a3 ./Core/Src/main.o
 .debug_abbrev  0x00000000000008fb       0xb6 ./Core/Src/software_timer.o
 .debug_abbrev  0x00000000000009b1      0x1c8 ./Core/Src/stm32f1xx_hal_msp.o
 .debug_abbrev  0x0000000000000b79      0x176 ./Core/Src/stm32f1xx_it.o
 .debug_abbrev  0x0000000000000cef      0x14e ./Core/Src/system_stm32f1xx.o
 .debug_abbrev  0x0000000000000e3d      0x10e ./Core/Src/traffic.o
 .debug_abbrev  0x0000000000000f4b       0x5d ./Core/Src/traffic_buffer.o
 .debug_abbrev  0x0000000000000fa8       0x12 ./Core/Startup/startup_stm32f103c6tx.o
 .debug_abbrev  0x0000000000000fba      0x1ed ./Drivers/STM32F1xx_HAL_Driver/Src/stm32f1xx_hal.o
 .debug_abbrev  0x00000000000011a7      0x313 ./Drivers/STM32F1xx_HAL_Driver/Src/stm32f1xx_hal_cortex.o
 .debug_abbrev  0x00000000000014ba      0x228 ./Drivers/STM32F1xx_HAL_Driver/Src/stm32f1xx_hal_dma.o
 .debug_abbrev  0x00000000000016e2      0x1e8 ./Drivers/STM32F1xx_HAL_Driver/Src/stm32f1xx_hal_gpio.o
 .debug_abbrev  0x00000000000018ca      0x273 ./Drivers/STM32F1xx_HAL_Driver/Src/stm32f1xx_hal_rcc.o
 .debug_abbrev  0x0000000000001b3d      0x25e ./Drivers/STM32F1xx_HAL_Driver/Src/stm32f1xx_hal_tim.o
 .debug_abbrev  0x0000000000001d9b      0x266 ./Drivers/STM32F1xx_HAL_Driver/Src/stm32f1xx_hal_tim_ex.o
 .debug_abbrev  0x0000000000002001      0x28b ./Drivers/STM32F1xx_HAL_Driver/Src/stm32f1xx_hal_uart.o

.debug_aranges  0x0000000000000000      0xed0
 .debug_aranges
                0x0000000000000000       0x60 ./Core/Src/button.o
 .debug_aranges
                0x0000000000000060       0x20 ./Core/Src/fsm_7SEG_horizontal.o
 .debug_aranges
                0x0000000000000080       0x20 ./Core/Src/fsm_7SEG_vertical.o
 .debug_aranges
                0x00000000000000a0       0x20 ./Core/Src/fsm_mannual.o
 .debug_aranges
                0x00000000000000c0       0x20 ./Core/Src/fsm_pedestrian.o
 .debug_aranges
                0x00000000000000e0       0x20 ./Core/Src/fsm_system.o
 .debug_aranges
                0x0000000000000100       0x28 ./Core/Src/fsm_traffic_blink.o
 .debug_aranges
                0x0000000000000128       0x20 ./Core/Src/fsm_traffic_horizontal.o
 .debug_aranges
                0x0000000000000148       0x20 ./Core/Src/fsm_traffic_vertical.o
 .debug_aranges
                0x0000000000000168       0x18 ./Core/Src/global.o
 .debug_aranges
                0x0000000000000180       0x50 ./Core/Src/main.o
 .debug_aranges
                0x00000000000001d0       0x80 ./Core/Src/software_timer.o
 .debug_aranges
                0x0000000000000250       0x48 ./Core/Src/stm32f1xx_hal_msp.o
 .debug_aranges
                0x0000000000000298       0x70 ./Core/Src/stm32f1xx_it.o
 .debug_aranges
                0x0000000000000308       0x28 ./Core/Src/system_stm32f1xx.o
 .debug_aranges
                0x0000000000000330       0xe0 ./Core/Src/traffic.o
 .debug_aranges
                0x0000000000000410       0x18 ./Core/Src/traffic_buffer.o
 .debug_aranges
                0x0000000000000428       0x28 ./Core/Startup/startup_stm32f103c6tx.o
 .debug_aranges
                0x0000000000000450       0xe0 ./Drivers/STM32F1xx_HAL_Driver/Src/stm32f1xx_hal.o
 .debug_aranges
                0x0000000000000530      0x100 ./Drivers/STM32F1xx_HAL_Driver/Src/stm32f1xx_hal_cortex.o
 .debug_aranges
                0x0000000000000630       0x80 ./Drivers/STM32F1xx_HAL_Driver/Src/stm32f1xx_hal_dma.o
 .debug_aranges
                0x00000000000006b0       0x58 ./Drivers/STM32F1xx_HAL_Driver/Src/stm32f1xx_hal_gpio.o
 .debug_aranges
                0x0000000000000708       0x90 ./Drivers/STM32F1xx_HAL_Driver/Src/stm32f1xx_hal_rcc.o
 .debug_aranges
                0x0000000000000798      0x3d0 ./Drivers/STM32F1xx_HAL_Driver/Src/stm32f1xx_hal_tim.o
 .debug_aranges
                0x0000000000000b68      0x168 ./Drivers/STM32F1xx_HAL_Driver/Src/stm32f1xx_hal_tim_ex.o
 .debug_aranges
                0x0000000000000cd0      0x200 ./Drivers/STM32F1xx_HAL_Driver/Src/stm32f1xx_hal_uart.o

.debug_ranges   0x0000000000000000      0xd58
 .debug_ranges  0x0000000000000000       0x50 ./Core/Src/button.o
 .debug_ranges  0x0000000000000050       0x10 ./Core/Src/fsm_7SEG_horizontal.o
 .debug_ranges  0x0000000000000060       0x10 ./Core/Src/fsm_7SEG_vertical.o
 .debug_ranges  0x0000000000000070       0x10 ./Core/Src/fsm_mannual.o
 .debug_ranges  0x0000000000000080       0x10 ./Core/Src/fsm_pedestrian.o
 .debug_ranges  0x0000000000000090       0x10 ./Core/Src/fsm_system.o
 .debug_ranges  0x00000000000000a0       0x18 ./Core/Src/fsm_traffic_blink.o
 .debug_ranges  0x00000000000000b8       0x10 ./Core/Src/fsm_traffic_horizontal.o
 .debug_ranges  0x00000000000000c8       0x10 ./Core/Src/fsm_traffic_vertical.o
 .debug_ranges  0x00000000000000d8       0x40 ./Core/Src/main.o
 .debug_ranges  0x0000000000000118       0x70 ./Core/Src/software_timer.o
 .debug_ranges  0x0000000000000188       0x38 ./Core/Src/stm32f1xx_hal_msp.o
 .debug_ranges  0x00000000000001c0       0x60 ./Core/Src/stm32f1xx_it.o
 .debug_ranges  0x0000000000000220       0x18 ./Core/Src/system_stm32f1xx.o
 .debug_ranges  0x0000000000000238       0xd0 ./Core/Src/traffic.o
 .debug_ranges  0x0000000000000308       0x20 ./Core/Startup/startup_stm32f103c6tx.o
 .debug_ranges  0x0000000000000328       0xd0 ./Drivers/STM32F1xx_HAL_Driver/Src/stm32f1xx_hal.o
 .debug_ranges  0x00000000000003f8       0xf0 ./Drivers/STM32F1xx_HAL_Driver/Src/stm32f1xx_hal_cortex.o
 .debug_ranges  0x00000000000004e8       0x70 ./Drivers/STM32F1xx_HAL_Driver/Src/stm32f1xx_hal_dma.o
 .debug_ranges  0x0000000000000558       0x48 ./Drivers/STM32F1xx_HAL_Driver/Src/stm32f1xx_hal_gpio.o
 .debug_ranges  0x00000000000005a0       0x80 ./Drivers/STM32F1xx_HAL_Driver/Src/stm32f1xx_hal_rcc.o
 .debug_ranges  0x0000000000000620      0x3c0 ./Drivers/STM32F1xx_HAL_Driver/Src/stm32f1xx_hal_tim.o
 .debug_ranges  0x00000000000009e0      0x158 ./Drivers/STM32F1xx_HAL_Driver/Src/stm32f1xx_hal_tim_ex.o
 .debug_ranges  0x0000000000000b38      0x220 ./Drivers/STM32F1xx_HAL_Driver/Src/stm32f1xx_hal_uart.o

.debug_macro    0x0000000000000000    0x17792
 .debug_macro   0x0000000000000000      0x1c0 ./Core/Src/button.o
 .debug_macro   0x00000000000001c0      0xa9c ./Core/Src/button.o
 .debug_macro   0x0000000000000c5c      0x21b ./Core/Src/button.o
 .debug_macro   0x0000000000000e77       0x2e ./Core/Src/button.o
 .debug_macro   0x0000000000000ea5       0x22 ./Core/Src/button.o
 .debug_macro   0x0000000000000ec7       0x22 ./Core/Src/button.o
 .debug_macro   0x0000000000000ee9       0x8e ./Core/Src/button.o
 .debug_macro   0x0000000000000f77       0x51 ./Core/Src/button.o
 .debug_macro   0x0000000000000fc8      0x103 ./Core/Src/button.o
 .debug_macro   0x00000000000010cb       0x6a ./Core/Src/button.o
 .debug_macro   0x0000000000001135      0x1df ./Core/Src/button.o
 .debug_macro   0x0000000000001314       0x1c ./Core/Src/button.o
 .debug_macro   0x0000000000001330       0x22 ./Core/Src/button.o
 .debug_macro   0x0000000000001352       0xc3 ./Core/Src/button.o
 .debug_macro   0x0000000000001415      0xd23 ./Core/Src/button.o
 .debug_macro   0x0000000000002138     0xde75 ./Core/Src/button.o
 .debug_macro   0x000000000000ffad       0x6d ./Core/Src/button.o
 .debug_macro   0x000000000001001a     0x3468 ./Core/Src/button.o
 .debug_macro   0x0000000000013482      0x174 ./Core/Src/button.o
 .debug_macro   0x00000000000135f6       0x5c ./Core/Src/button.o
 .debug_macro   0x0000000000013652      0x5be ./Core/Src/button.o
 .debug_macro   0x0000000000013c10      0x1b7 ./Core/Src/button.o
 .debug_macro   0x0000000000013dc7      0x1cb ./Core/Src/button.o
 .debug_macro   0x0000000000013f92      0x114 ./Core/Src/button.o
 .debug_macro   0x00000000000140a6      0x1b2 ./Core/Src/button.o
 .debug_macro   0x0000000000014258       0x27 ./Core/Src/button.o
 .debug_macro   0x000000000001427f      0x12f ./Core/Src/button.o
 .debug_macro   0x00000000000143ae      0x1bc ./Core/Src/button.o
 .debug_macro   0x000000000001456a       0x34 ./Core/Src/button.o
 .debug_macro   0x000000000001459e       0x3c ./Core/Src/button.o
 .debug_macro   0x00000000000145da       0x57 ./Core/Src/button.o
 .debug_macro   0x0000000000014631       0x88 ./Core/Src/button.o
 .debug_macro   0x00000000000146b9      0x183 ./Core/Src/button.o
 .debug_macro   0x000000000001483c      0x141 ./Core/Src/button.o
 .debug_macro   0x000000000001497d      0x8d1 ./Core/Src/button.o
 .debug_macro   0x000000000001524e      0x279 ./Core/Src/button.o
 .debug_macro   0x00000000000154c7       0x69 ./Core/Src/button.o
 .debug_macro   0x0000000000015530       0x88 ./Core/Src/button.o
 .debug_macro   0x00000000000155b8       0x10 ./Core/Src/button.o
 .debug_macro   0x00000000000155c8       0x41 ./Core/Src/fsm_7SEG_horizontal.o
 .debug_macro   0x0000000000015609       0x28 ./Core/Src/fsm_7SEG_horizontal.o
 .debug_macro   0x0000000000015631       0x2e ./Core/Src/fsm_7SEG_horizontal.o
 .debug_macro   0x000000000001565f       0x37 ./Core/Src/fsm_7SEG_vertical.o
 .debug_macro   0x0000000000015696       0x1c ./Core/Src/fsm_7SEG_vertical.o
 .debug_macro   0x00000000000156b2      0x22a ./Core/Src/fsm_mannual.o
 .debug_macro   0x00000000000158dc       0x22 ./Core/Src/fsm_mannual.o
 .debug_macro   0x00000000000158fe       0x28 ./Core/Src/fsm_mannual.o
 .debug_macro   0x0000000000015926       0x28 ./Core/Src/fsm_mannual.o
 .debug_macro   0x000000000001594e       0x3a ./Core/Src/fsm_mannual.o
 .debug_macro   0x0000000000015988       0x1c ./Core/Src/fsm_mannual.o
 .debug_macro   0x00000000000159a4      0x1ea ./Core/Src/fsm_pedestrian.o
 .debug_macro   0x0000000000015b8e      0x23e ./Core/Src/fsm_system.o
 .debug_macro   0x0000000000015dcc       0x4b ./Core/Src/fsm_traffic_blink.o
 .debug_macro   0x0000000000015e17      0x1e1 ./Core/Src/fsm_traffic_horizontal.o
 .debug_macro   0x0000000000015ff8       0x37 ./Core/Src/fsm_traffic_vertical.o
 .debug_macro   0x000000000001602f       0x64 ./Core/Src/global.o
 .debug_macro   0x0000000000016093      0x23b ./Core/Src/main.o
 .debug_macro   0x00000000000162ce       0x1b ./Core/Src/software_timer.o
 .debug_macro   0x00000000000162e9      0x1b1 ./Core/Src/stm32f1xx_hal_msp.o
 .debug_macro   0x000000000001649a      0x1bb ./Core/Src/stm32f1xx_it.o
 .debug_macro   0x0000000000016655      0x1a2 ./Core/Src/system_stm32f1xx.o
 .debug_macro   0x00000000000167f7      0x1c4 ./Core/Src/traffic.o
 .debug_macro   0x00000000000169bb       0x24 ./Core/Src/traffic_buffer.o
 .debug_macro   0x00000000000169df      0x1c6 ./Drivers/STM32F1xx_HAL_Driver/Src/stm32f1xx_hal.o
 .debug_macro   0x0000000000016ba5      0x1a2 ./Drivers/STM32F1xx_HAL_Driver/Src/stm32f1xx_hal_cortex.o
 .debug_macro   0x0000000000016d47      0x1a2 ./Drivers/STM32F1xx_HAL_Driver/Src/stm32f1xx_hal_dma.o
 .debug_macro   0x0000000000016ee9      0x20d ./Drivers/STM32F1xx_HAL_Driver/Src/stm32f1xx_hal_gpio.o
 .debug_macro   0x00000000000170f6      0x1b4 ./Drivers/STM32F1xx_HAL_Driver/Src/stm32f1xx_hal_rcc.o
 .debug_macro   0x00000000000172aa      0x1a3 ./Drivers/STM32F1xx_HAL_Driver/Src/stm32f1xx_hal_tim.o
 .debug_macro   0x000000000001744d      0x1a2 ./Drivers/STM32F1xx_HAL_Driver/Src/stm32f1xx_hal_tim_ex.o
 .debug_macro   0x00000000000175ef      0x1a3 ./Drivers/STM32F1xx_HAL_Driver/Src/stm32f1xx_hal_uart.o

.debug_line     0x0000000000000000     0xf64b
 .debug_line    0x0000000000000000      0x908 ./Core/Src/button.o
 .debug_line    0x0000000000000908       0xde ./Core/Src/fsm_7SEG_horizontal.o
 .debug_line    0x00000000000009e6       0xb4 ./Core/Src/fsm_7SEG_vertical.o
 .debug_line    0x0000000000000a9a      0x802 ./Core/Src/fsm_mannual.o
 .debug_line    0x000000000000129c      0x6fa ./Core/Src/fsm_pedestrian.o
 .debug_line    0x0000000000001996      0x8b7 ./Core/Src/fsm_system.o
 .debug_line    0x000000000000224d      0x274 ./Core/Src/fsm_traffic_blink.o
 .debug_line    0x00000000000024c1      0x71a ./Core/Src/fsm_traffic_horizontal.o
 .debug_line    0x0000000000002bdb       0xed ./Core/Src/fsm_traffic_vertical.o
 .debug_line    0x0000000000002cc8      0x102 ./Core/Src/global.o
 .debug_line    0x0000000000002dca      0x8fd ./Core/Src/main.o
 .debug_line    0x00000000000036c7      0x2e1 ./Core/Src/software_timer.o
 .debug_line    0x00000000000039a8      0x73a ./Core/Src/stm32f1xx_hal_msp.o
 .debug_line    0x00000000000040e2      0x76f ./Core/Src/stm32f1xx_it.o
 .debug_line    0x0000000000004851      0x6fb ./Core/Src/system_stm32f1xx.o
 .debug_line    0x0000000000004f4c      0x8d1 ./Core/Src/traffic.o
 .debug_line    0x000000000000581d       0x69 ./Core/Src/traffic_buffer.o
 .debug_line    0x0000000000005886       0x87 ./Core/Startup/startup_stm32f103c6tx.o
 .debug_line    0x000000000000590d      0x928 ./Drivers/STM32F1xx_HAL_Driver/Src/stm32f1xx_hal.o
 .debug_line    0x0000000000006235      0xb10 ./Drivers/STM32F1xx_HAL_Driver/Src/stm32f1xx_hal_cortex.o
 .debug_line    0x0000000000006d45      0xd80 ./Drivers/STM32F1xx_HAL_Driver/Src/stm32f1xx_hal_dma.o
 .debug_line    0x0000000000007ac5      0x9a9 ./Drivers/STM32F1xx_HAL_Driver/Src/stm32f1xx_hal_gpio.o
 .debug_line    0x000000000000846e      0xd36 ./Drivers/STM32F1xx_HAL_Driver/Src/stm32f1xx_hal_rcc.o
 .debug_line    0x00000000000091a4     0x3286 ./Drivers/STM32F1xx_HAL_Driver/Src/stm32f1xx_hal_tim.o
 .debug_line    0x000000000000c42a     0x181e ./Drivers/STM32F1xx_HAL_Driver/Src/stm32f1xx_hal_tim_ex.o
 .debug_line    0x000000000000dc48     0x1a03 ./Drivers/STM32F1xx_HAL_Driver/Src/stm32f1xx_hal_uart.o

.debug_str      0x0000000000000000    0x851f1
 .debug_str     0x0000000000000000    0x81187 ./Core/Src/button.o
                                      0x814da (size before relaxing)
 .debug_str     0x0000000000081187      0x44a ./Core/Src/fsm_7SEG_horizontal.o
                                       0x3191 (size before relaxing)
 .debug_str     0x00000000000815d1       0xa9 ./Core/Src/fsm_7SEG_vertical.o
                                       0x30e1 (size before relaxing)
 .debug_str     0x000000000008167a      0x387 ./Core/Src/fsm_mannual.o
                                      0x81a43 (size before relaxing)
 .debug_str     0x0000000000081a01       0x30 ./Core/Src/fsm_pedestrian.o
                                      0x81701 (size before relaxing)
 .debug_str     0x0000000000081a31       0x28 ./Core/Src/fsm_system.o
                                      0x81acd (size before relaxing)
 .debug_str     0x0000000000081a59       0x60 ./Core/Src/fsm_traffic_blink.o
                                       0x3218 (size before relaxing)
 .debug_str     0x0000000000081ab9       0x40 ./Core/Src/fsm_traffic_horizontal.o
                                      0x81601 (size before relaxing)
 .debug_str     0x0000000000081af9       0x3c ./Core/Src/fsm_traffic_vertical.o
                                       0x3098 (size before relaxing)
 .debug_str     0x0000000000081b35       0x15 ./Core/Src/global.o
                                       0x334f (size before relaxing)
 .debug_str     0x0000000000081b4a      0x921 ./Core/Src/main.o
                                      0x82400 (size before relaxing)
 .debug_str     0x000000000008246b      0x11f ./Core/Src/software_timer.o
                                       0x2fa5 (size before relaxing)
 .debug_str     0x000000000008258a      0x2f8 ./Core/Src/stm32f1xx_hal_msp.o
                                      0x81d13 (size before relaxing)
 .debug_str     0x0000000000082882       0xdf ./Core/Src/stm32f1xx_it.o
                                      0x81a08 (size before relaxing)
 .debug_str     0x0000000000082961       0x52 ./Core/Src/system_stm32f1xx.o
                                      0x810a6 (size before relaxing)
 .debug_str     0x00000000000829b3      0x206 ./Core/Src/traffic.o
                                      0x81662 (size before relaxing)
 .debug_str     0x0000000000082bb9       0x1d ./Core/Src/traffic_buffer.o
                                       0x2f8f (size before relaxing)
 .debug_str     0x0000000000082bd6       0x36 ./Core/Startup/startup_stm32f103c6tx.o
                                         0x7b (size before relaxing)
 .debug_str     0x0000000000082c0c      0x304 ./Drivers/STM32F1xx_HAL_Driver/Src/stm32f1xx_hal.o
                                      0x816fd (size before relaxing)
 .debug_str     0x0000000000082f10      0x300 ./Drivers/STM32F1xx_HAL_Driver/Src/stm32f1xx_hal_cortex.o
                                      0x81705 (size before relaxing)
 .debug_str     0x0000000000083210      0x230 ./Drivers/STM32F1xx_HAL_Driver/Src/stm32f1xx_hal_dma.o
                                      0x81481 (size before relaxing)
 .debug_str     0x0000000000083440      0x31f ./Drivers/STM32F1xx_HAL_Driver/Src/stm32f1xx_hal_gpio.o
                                      0x8146a (size before relaxing)
 .debug_str     0x000000000008375f      0x24f ./Drivers/STM32F1xx_HAL_Driver/Src/stm32f1xx_hal_rcc.o
                                      0x814a3 (size before relaxing)
 .debug_str     0x00000000000839ae      0xd68 ./Drivers/STM32F1xx_HAL_Driver/Src/stm32f1xx_hal_tim.o
                                      0x82475 (size before relaxing)
 .debug_str     0x0000000000084716      0x4ee ./Drivers/STM32F1xx_HAL_Driver/Src/stm32f1xx_hal_tim_ex.o
                                      0x81c26 (size before relaxing)
 .debug_str     0x0000000000084c04      0x5ed ./Drivers/STM32F1xx_HAL_Driver/Src/stm32f1xx_hal_uart.o
                                      0x81a95 (size before relaxing)

.comment        0x0000000000000000       0x53
 .comment       0x0000000000000000       0x53 ./Core/Src/button.o
                                         0x54 (size before relaxing)
 .comment       0x0000000000000053       0x54 ./Core/Src/fsm_7SEG_horizontal.o
 .comment       0x0000000000000053       0x54 ./Core/Src/fsm_7SEG_vertical.o
 .comment       0x0000000000000053       0x54 ./Core/Src/fsm_mannual.o
 .comment       0x0000000000000053       0x54 ./Core/Src/fsm_pedestrian.o
 .comment       0x0000000000000053       0x54 ./Core/Src/fsm_system.o
 .comment       0x0000000000000053       0x54 ./Core/Src/fsm_traffic_blink.o
 .comment       0x0000000000000053       0x54 ./Core/Src/fsm_traffic_horizontal.o
 .comment       0x0000000000000053       0x54 ./Core/Src/fsm_traffic_vertical.o
 .comment       0x0000000000000053       0x54 ./Core/Src/global.o
 .comment       0x0000000000000053       0x54 ./Core/Src/main.o
 .comment       0x0000000000000053       0x54 ./Core/Src/software_timer.o
 .comment       0x0000000000000053       0x54 ./Core/Src/stm32f1xx_hal_msp.o
 .comment       0x0000000000000053       0x54 ./Core/Src/stm32f1xx_it.o
 .comment       0x0000000000000053       0x54 ./Core/Src/system_stm32f1xx.o
 .comment       0x0000000000000053       0x54 ./Core/Src/traffic.o
 .comment       0x0000000000000053       0x54 ./Core/Src/traffic_buffer.o
 .comment       0x0000000000000053       0x54 ./Drivers/STM32F1xx_HAL_Driver/Src/stm32f1xx_hal.o
 .comment       0x0000000000000053       0x54 ./Drivers/STM32F1xx_HAL_Driver/Src/stm32f1xx_hal_cortex.o
 .comment       0x0000000000000053       0x54 ./Drivers/STM32F1xx_HAL_Driver/Src/stm32f1xx_hal_dma.o
 .comment       0x0000000000000053       0x54 ./Drivers/STM32F1xx_HAL_Driver/Src/stm32f1xx_hal_gpio.o
 .comment       0x0000000000000053       0x54 ./Drivers/STM32F1xx_HAL_Driver/Src/stm32f1xx_hal_rcc.o
 .comment       0x0000000000000053       0x54 ./Drivers/STM32F1xx_HAL_Driver/Src/stm32f1xx_hal_tim.o
 .comment       0x0000000000000053       0x54 ./Drivers/STM32F1xx_HAL_Driver/Src/stm32f1xx_hal_tim_ex.o
 .comment       0x0000000000000053       0x54 ./Drivers/STM32F1xx_HAL_Driver/Src/stm32f1xx_hal_uart.o

.debug_frame    0x0000000000000000     0x3940
 .debug_frame   0x0000000000000000      0x138 ./Core/Src/button.o
 .debug_frame   0x0000000000000138       0x30 ./Core/Src/fsm_7SEG_horizontal.o
 .debug_frame   0x0000000000000168       0x30 ./Core/Src/fsm_7SEG_vertical.o
 .debug_frame   0x0000000000000198       0x2c ./Core/Src/fsm_mannual.o
 .debug_frame   0x00000000000001c4       0x2c ./Core/Src/fsm_pedestrian.o
 .debug_frame   0x00000000000001f0       0x2c ./Core/Src/fsm_system.o
 .debug_frame   0x000000000000021c       0x48 ./Core/Src/fsm_traffic_blink.o
 .debug_frame   0x0000000000000264       0x2c ./Core/Src/fsm_traffic_horizontal.o
 .debug_frame   0x0000000000000290       0x2c ./Core/Src/fsm_traffic_vertical.o
 .debug_frame   0x00000000000002bc       0xf0 ./Core/Src/main.o
 .debug_frame   0x00000000000003ac      0x210 ./Core/Src/software_timer.o
 .debug_frame   0x00000000000005bc       0xec ./Core/Src/stm32f1xx_hal_msp.o
 .debug_frame   0x00000000000006a8      0x13c ./Core/Src/stm32f1xx_it.o
 .debug_frame   0x00000000000007e4       0x58 ./Core/Src/system_stm32f1xx.o
 .debug_frame   0x000000000000083c      0x2e8 ./Core/Src/traffic.o
 .debug_frame   0x0000000000000b24      0x334 ./Drivers/STM32F1xx_HAL_Driver/Src/stm32f1xx_hal.o
 .debug_frame   0x0000000000000e58      0x428 ./Drivers/STM32F1xx_HAL_Driver/Src/stm32f1xx_hal_cortex.o
 .debug_frame   0x0000000000001280      0x208 ./Drivers/STM32F1xx_HAL_Driver/Src/stm32f1xx_hal_dma.o
 .debug_frame   0x0000000000001488      0x14c ./Drivers/STM32F1xx_HAL_Driver/Src/stm32f1xx_hal_gpio.o
 .debug_frame   0x00000000000015d4      0x21c ./Drivers/STM32F1xx_HAL_Driver/Src/stm32f1xx_hal_rcc.o
 .debug_frame   0x00000000000017f0     0x11b8 ./Drivers/STM32F1xx_HAL_Driver/Src/stm32f1xx_hal_tim.o
 .debug_frame   0x00000000000029a8      0x638 ./Drivers/STM32F1xx_HAL_Driver/Src/stm32f1xx_hal_tim_ex.o
 .debug_frame   0x0000000000002fe0      0x914 ./Drivers/STM32F1xx_HAL_Driver/Src/stm32f1xx_hal_uart.o
 .debug_frame   0x00000000000038f4       0x2c c:/st/stm32cubeide_1.7.0/stm32cubeide/plugins/com.st.stm32cube.ide.mcu.externaltools.gnu-tools-for-stm32.9-2020-q2-update.win32_2.0.0.202105311346/tools/bin/../lib/gcc/arm-none-eabi/9.3.1/../../../../arm-none-eabi/lib/thumb/v7-m/nofp\libc_nano.a(lib_a-init.o)
 .debug_frame   0x0000000000003920       0x20 c:/st/stm32cubeide_1.7.0/stm32cubeide/plugins/com.st.stm32cube.ide.mcu.externaltools.gnu-tools-for-stm32.9-2020-q2-update.win32_2.0.0.202105311346/tools/bin/../lib/gcc/arm-none-eabi/9.3.1/../../../../arm-none-eabi/lib/thumb/v7-m/nofp\libc_nano.a(lib_a-memset.o)
