Archive member included to satisfy reference by file (symbol)

c:/st/stm32cubeide_1.7.0/stm32cubeide/plugins/com.st.stm32cube.ide.mcu.externaltools.gnu-tools-for-stm32.9-2020-q2-update.win32_2.0.0.202105311346/tools/bin/../lib/gcc/arm-none-eabi/9.3.1/../../../../arm-none-eabi/lib/thumb/v7-m/nofp\libc_nano.a(lib_a-errno.o)
                              ./Core/Src/syscalls.o (__errno)
c:/st/stm32cubeide_1.7.0/stm32cubeide/plugins/com.st.stm32cube.ide.mcu.externaltools.gnu-tools-for-stm32.9-2020-q2-update.win32_2.0.0.202105311346/tools/bin/../lib/gcc/arm-none-eabi/9.3.1/../../../../arm-none-eabi/lib/thumb/v7-m/nofp\libc_nano.a(lib_a-exit.o)
                              c:/st/stm32cubeide_1.7.0/stm32cubeide/plugins/com.st.stm32cube.ide.mcu.externaltools.gnu-tools-for-stm32.9-2020-q2-update.win32_2.0.0.202105311346/tools/bin/../lib/gcc/arm-none-eabi/9.3.1/../../../../arm-none-eabi/lib/thumb/v7-m/nofp/crt0.o (exit)
c:/st/stm32cubeide_1.7.0/stm32cubeide/plugins/com.st.stm32cube.ide.mcu.externaltools.gnu-tools-for-stm32.9-2020-q2-update.win32_2.0.0.202105311346/tools/bin/../lib/gcc/arm-none-eabi/9.3.1/../../../../arm-none-eabi/lib/thumb/v7-m/nofp\libc_nano.a(lib_a-impure.o)
                              c:/st/stm32cubeide_1.7.0/stm32cubeide/plugins/com.st.stm32cube.ide.mcu.externaltools.gnu-tools-for-stm32.9-2020-q2-update.win32_2.0.0.202105311346/tools/bin/../lib/gcc/arm-none-eabi/9.3.1/../../../../arm-none-eabi/lib/thumb/v7-m/nofp\libc_nano.a(lib_a-exit.o) (_global_impure_ptr)
c:/st/stm32cubeide_1.7.0/stm32cubeide/plugins/com.st.stm32cube.ide.mcu.externaltools.gnu-tools-for-stm32.9-2020-q2-update.win32_2.0.0.202105311346/tools/bin/../lib/gcc/arm-none-eabi/9.3.1/../../../../arm-none-eabi/lib/thumb/v7-m/nofp\libc_nano.a(lib_a-init.o)
                              c:/st/stm32cubeide_1.7.0/stm32cubeide/plugins/com.st.stm32cube.ide.mcu.externaltools.gnu-tools-for-stm32.9-2020-q2-update.win32_2.0.0.202105311346/tools/bin/../lib/gcc/arm-none-eabi/9.3.1/../../../../arm-none-eabi/lib/thumb/v7-m/nofp/crt0.o (__libc_init_array)
c:/st/stm32cubeide_1.7.0/stm32cubeide/plugins/com.st.stm32cube.ide.mcu.externaltools.gnu-tools-for-stm32.9-2020-q2-update.win32_2.0.0.202105311346/tools/bin/../lib/gcc/arm-none-eabi/9.3.1/../../../../arm-none-eabi/lib/thumb/v7-m/nofp\libc_nano.a(lib_a-memset.o)
                              c:/st/stm32cubeide_1.7.0/stm32cubeide/plugins/com.st.stm32cube.ide.mcu.externaltools.gnu-tools-for-stm32.9-2020-q2-update.win32_2.0.0.202105311346/tools/bin/../lib/gcc/arm-none-eabi/9.3.1/../../../../arm-none-eabi/lib/thumb/v7-m/nofp/crt0.o (memset)

Allocating common symbols
Common symbol       size              file

uwTick              0x4               ./Drivers/STM32F1xx_HAL_Driver/Src/stm32f1xx_hal.o
pFlash              0x20              ./Drivers/STM32F1xx_HAL_Driver/Src/stm32f1xx_hal_flash.o
htim2               0x48              ./Core/Src/buzzer.o
huart2              0x44              ./Core/Src/main.o

Discarded input sections

 .text          0x0000000000000000        0x0 c:/st/stm32cubeide_1.7.0/stm32cubeide/plugins/com.st.stm32cube.ide.mcu.externaltools.gnu-tools-for-stm32.9-2020-q2-update.win32_2.0.0.202105311346/tools/bin/../lib/gcc/arm-none-eabi/9.3.1/thumb/v7-m/nofp/crti.o
 .data          0x0000000000000000        0x0 c:/st/stm32cubeide_1.7.0/stm32cubeide/plugins/com.st.stm32cube.ide.mcu.externaltools.gnu-tools-for-stm32.9-2020-q2-update.win32_2.0.0.202105311346/tools/bin/../lib/gcc/arm-none-eabi/9.3.1/thumb/v7-m/nofp/crti.o
 .bss           0x0000000000000000        0x0 c:/st/stm32cubeide_1.7.0/stm32cubeide/plugins/com.st.stm32cube.ide.mcu.externaltools.gnu-tools-for-stm32.9-2020-q2-update.win32_2.0.0.202105311346/tools/bin/../lib/gcc/arm-none-eabi/9.3.1/thumb/v7-m/nofp/crti.o
 .data          0x0000000000000000        0x4 c:/st/stm32cubeide_1.7.0/stm32cubeide/plugins/com.st.stm32cube.ide.mcu.externaltools.gnu-tools-for-stm32.9-2020-q2-update.win32_2.0.0.202105311346/tools/bin/../lib/gcc/arm-none-eabi/9.3.1/thumb/v7-m/nofp/crtbegin.o
 .text          0x0000000000000000       0x7c c:/st/stm32cubeide_1.7.0/stm32cubeide/plugins/com.st.stm32cube.ide.mcu.externaltools.gnu-tools-for-stm32.9-2020-q2-update.win32_2.0.0.202105311346/tools/bin/../lib/gcc/arm-none-eabi/9.3.1/../../../../arm-none-eabi/lib/thumb/v7-m/nofp/crt0.o
 .data          0x0000000000000000        0x0 c:/st/stm32cubeide_1.7.0/stm32cubeide/plugins/com.st.stm32cube.ide.mcu.externaltools.gnu-tools-for-stm32.9-2020-q2-update.win32_2.0.0.202105311346/tools/bin/../lib/gcc/arm-none-eabi/9.3.1/../../../../arm-none-eabi/lib/thumb/v7-m/nofp/crt0.o
 .bss           0x0000000000000000        0x0 c:/st/stm32cubeide_1.7.0/stm32cubeide/plugins/com.st.stm32cube.ide.mcu.externaltools.gnu-tools-for-stm32.9-2020-q2-update.win32_2.0.0.202105311346/tools/bin/../lib/gcc/arm-none-eabi/9.3.1/../../../../arm-none-eabi/lib/thumb/v7-m/nofp/crt0.o
[...]
Memory Configuration

Name             Origin             Length             Attributes
RAM              0x0000000020000000 0x0000000000002800 xrw
FLASH            0x0000000008000000 0x0000000000008000 xr
*default*        0x0000000000000000 0xffffffffffffffff

Linker script and memory map

LOAD c:/st/stm32cubeide_1.7.0/stm32cubeide/plugins/com.st.stm32cube.ide.mcu.externaltools.gnu-tools-for-stm32.9-2020-q2-update.win32_2.0.0.202105311346/tools/bin/../lib/gcc/arm-none-eabi/9.3.1/thumb/v7-m/nofp/crti.o
LOAD c:/st/stm32cubeide_1.7.0/stm32cubeide/plugins/com.st.stm32cube.ide.mcu.externaltools.gnu-tools-for-stm32.9-2020-q2-update.win32_2.0.0.202105311346/tools/bin/../lib/gcc/arm-none-eabi/9.3.1/thumb/v7-m/nofp/crtbegin.o
LOAD c:/st/stm32cubeide_1.7.0/stm32cubeide/plugins/com.st.stm32cube.ide.mcu.externaltools.gnu-tools-for-stm32.9-2020-q2-update.win32_2.0.0.202105311346/tools/bin/../lib/gcc/arm-none-eabi/9.3.1/../../../../arm-none-eabi/lib/thumb/v7-m/nofp/crt0.o
LOAD ./Core/Src/button.o
LOAD ./Core/Src/buzzer.o
LOAD ./Core/Src/control_7SEG.o
LOAD ./Core/Src/fsm_7SEG_horizontal.o
LOAD ./Core/Src/fsm_7SEG_vertical.o
LOAD ./Core/Src/fsm_mannual.o
LOAD ./Core/Src/fsm_pedestrian.o
LOAD ./Core/Src/fsm_system.o
LOAD ./Core/Src/fsm_traffic_blink.o
LOAD ./Core/Src/fsm_traffic_horizontal.o
LOAD ./Core/Src/fsm_traffic_vertical.o
LOAD ./Core/Src/global.o
LOAD ./Core/Src/main.o
LOAD ./Core/Src/software_timer.o
LOAD ./Core/Src/stm32f1xx_hal_msp.o
LOAD ./Core/Src/stm32f1xx_it.o
LOAD ./Core/Src/syscalls.o
LOAD ./Core/Src/sysmem.o
LOAD ./Core/Src/system_stm32f1xx.o
LOAD ./Core/Src/traffic.o
LOAD ./Core/Src/traffic_buffer.o
LOAD ./Core/Startup/startup_stm32f103c6tx.o
LOAD ./Drivers/STM32F1xx_HAL_Driver/Src/stm32f1xx_hal.o
LOAD ./Drivers/STM32F1xx_HAL_Driver/Src/stm32f1xx_hal_cortex.o
LOAD ./Drivers/STM32F1xx_HAL_Driver/Src/stm32f1xx_hal_dma.o
LOAD ./Drivers/STM32F1xx_HAL_Driver/Src/stm32f1xx_hal_exti.o
LOAD ./Drivers/STM32F1xx_HAL_Driver/Src/stm32f1xx_hal_flash.o
LOAD ./Drivers/STM32F1xx_HAL_Driver/Src/stm32f1xx_hal_flash_ex.o
LOAD ./Drivers/STM32F1xx_HAL_Driver/Src/stm32f1xx_hal_gpio.o
LOAD ./Drivers/STM32F1xx_HAL_Driver/Src/stm32f1xx_hal_gpio_ex.o
LOAD ./Drivers/STM32F1xx_HAL_Driver/Src/stm32f1xx_hal_pwr.o
LOAD ./Drivers/STM32F1xx_HAL_Driver/Src/stm32f1xx_hal_rcc.o
LOAD ./Drivers/STM32F1xx_HAL_Driver/Src/stm32f1xx_hal_rcc_ex.o
LOAD ./Drivers/STM32F1xx_HAL_Driver/Src/stm32f1xx_hal_tim.o
LOAD ./Drivers/STM32F1xx_HAL_Driver/Src/stm32f1xx_hal_tim_ex.o
LOAD ./Drivers/STM32F1xx_HAL_Driver/Src/stm32f1xx_hal_uart.o
START GROUP
LOAD c:/st/stm32cubeide_1.7.0/stm32cubeide/plugins/com.st.stm32cube.ide.mcu.externaltools.gnu-tools-for-stm32.9-2020-q2-update.win32_2.0.0.202105311346/tools/bin/../lib/gcc/arm-none-eabi/9.3.1/../../../../arm-none-eabi/lib/thumb/v7-m/nofp\libc_nano.a
LOAD c:/st/stm32cubeide_1.7.0/stm32cubeide/plugins/com.st.stm32cube.ide.mcu.externaltools.gnu-tools-for-stm32.9-2020-q2-update.win32_2.0.0.202105311346/tools/bin/../lib/gcc/arm-none-eabi/9.3.1/../../../../arm-none-eabi/lib/thumb/v7-m/nofp\libm.a
END GROUP
START GROUP
LOAD c:/st/stm32cubeide_1.7.0/stm32cubeide/plugins/com.st.stm32cube.ide.mcu.externaltools.gnu-tools-for-stm32.9-2020-q2-update.win32_2.0.0.202105311346/tools/bin/../lib/gcc/arm-none-eabi/9.3.1/thumb/v7-m/nofp\libgcc.a
LOAD c:/st/stm32cubeide_1.7.0/stm32cubeide/plugins/com.st.stm32cube.ide.mcu.externaltools.gnu-tools-for-stm32.9-2020-q2-update.win32_2.0.0.202105311346/tools/bin/../lib/gcc/arm-none-eabi/9.3.1/../../../../arm-none-eabi/lib/thumb/v7-m/nofp\libc_nano.a
END GROUP
START GROUP
LOAD c:/st/stm32cubeide_1.7.0/stm32cubeide/plugins/com.st.stm32cube.ide.mcu.externaltools.gnu-tools-for-stm32.9-2020-q2-update.win32_2.0.0.202105311346/tools/bin/../lib/gcc/arm-none-eabi/9.3.1/thumb/v7-m/nofp\libgcc.a
LOAD c:/st/stm32cubeide_1.7.0/stm32cubeide/plugins/com.st.stm32cube.ide.mcu.externaltools.gnu-tools-for-stm32.9-2020-q2-update.win32_2.0.0.202105311346/tools/bin/../lib/gcc/arm-none-eabi/9.3.1/../../../../arm-none-eabi/lib/thumb/v7-m/nofp\libc_nano.a
LOAD c:/st/stm32cubeide_1.7.0/stm32cubeide/plugins/com.st.stm32cube.ide.mcu.externaltools.gnu-tools-for-stm32.9-2020-q2-update.win32_2.0.0.202105311346/tools/bin/../lib/gcc/arm-none-eabi/9.3.1/../../../../arm-none-eabi/lib/thumb/v7-m/nofp\libnosys.a
END GROUP
START GROUP
LOAD c:/st/stm32cubeide_1.7.0/stm32cubeide/plugins/com.st.stm32cube.ide.mcu.externaltools.gnu-tools-for-stm32.9-2020-q2-update.win32_2.0.0.202105311346/tools/bin/../lib/gcc/arm-none-eabi/9.3.1/thumb/v7-m/nofp\libgcc.a
LOAD c:/st/stm32cubeide_1.7.0/stm32cubeide/plugins/com.st.stm32cube.ide.mcu.externaltools.gnu-tools-for-stm32.9-2020-q2-update.win32_2.0.0.202105311346/tools/bin/../lib/gcc/arm-none-eabi/9.3.1/../../../../arm-none-eabi/lib/thumb/v7-m/nofp\libc_nano.a
LOAD c:/st/stm32cubeide_1.7.0/stm32cubeide/plugins/com.st.stm32cube.ide.mcu.externaltools.gnu-tools-for-stm32.9-2020-q2-update.win32_2.0.0.202105311346/tools/bin/../lib/gcc/arm-none-eabi/9.3.1/../../../../arm-none-eabi/lib/thumb/v7-m/nofp\libnosys.a
END GROUP
LOAD c:/st/stm32cubeide_1.7.0/stm32cubeide/plugins/com.st.stm32cube.ide.mcu.externaltools.gnu-tools-for-stm32.9-2020-q2-update.win32_2.0.0.202105311346/tools/bin/../lib/gcc/arm-none-eabi/9.3.1/thumb/v7-m/nofp/crtend.o
LOAD c:/st/stm32cubeide_1.7.0/stm32cubeide/plugins/com.st.stm32cube.ide.mcu.externaltools.gnu-tools-for-stm32.9-2020-q2-update.win32_2.0.0.202105311346/tools/bin/../lib/gcc/arm-none-eabi/9.3.1/thumb/v7-m/nofp/crtn.o
                0x0000000020002800                _estack = (ORIGIN (RAM) + LENGTH (RAM))
                0x0000000000000200                _Min_Heap_Size = 0x200
                0x0000000000000400                _Min_Stack_Size = 0x400

.isr_vector     0x0000000008000000      0x10c
                0x0000000008000000                . = ALIGN (0x4)
 *(.isr_vector)
 .isr_vector    0x0000000008000000      0x10c ./Core/Startup/startup_stm32f103c6tx.o
                0x0000000008000000                g_pfnVectors
                0x000000000800010c                . = ALIGN (0x4)

.text           0x000000000800010c     0x46a4
                0x000000000800010c                . = ALIGN (0x4)
 *(.text)
 .text          0x000000000800010c       0x40 c:/st/stm32cubeide_1.7.0/stm32cubeide/plugins/com.st.stm32cube.ide.mcu.externaltools.gnu-tools-for-stm32.9-2020-q2-update.win32_2.0.0.202105311346/tools/bin/../lib/gcc/arm-none-eabi/9.3.1/thumb/v7-m/nofp/crtbegin.o
 *(.text*)
 .text.isButton_BUT1_Pressed
                0x000000000800014c       0x24 ./Core/Src/button.o
                0x000000000800014c                isButton_BUT1_Pressed
 .text.isButton_BUT2_Pressed
                0x0000000008000170       0x24 ./Core/Src/button.o
                0x0000000008000170                isButton_BUT2_Pressed
 .text.isButton_BUT3_Pressed
                0x0000000008000194       0x24 ./Core/Src/button.o
                0x0000000008000194                isButton_BUT3_Pressed
 .text.isButton_Pedes_Pressed
                0x00000000080001b8       0x24 ./Core/Src/button.o
                0x00000000080001b8                isButton_Pedes_Pressed
 .text.getKeyInput
                0x00000000080001dc      0x354 ./Core/Src/button.o
                0x00000000080001dc                getKeyInput
 .text.FSM_Buzzer
                0x0000000008000530      0x134 ./Core/Src/buzzer.o
                0x0000000008000530                FSM_Buzzer
 .text.fsm_7SEG_horizontal_run
                0x0000000008000664       0x90 ./Core/Src/fsm_7SEG_horizontal.o
                0x0000000008000664                fsm_7SEG_horizontal_run
 .text.fsm_7SEG_vertical_run
                0x00000000080006f4       0x30 ./Core/Src/fsm_7SEG_vertical.o
                0x00000000080006f4                fsm_7SEG_vertical_run
 .text.fsm_mannual_run
                0x0000000008000724      0x16c ./Core/Src/fsm_mannual.o
                0x0000000008000724                fsm_mannual_run
 .text.fsm_pedestrian_run
                0x0000000008000890       0xb0 ./Core/Src/fsm_pedestrian.o
                0x0000000008000890                fsm_pedestrian_run
 .text.fsm_system_run
                0x0000000008000940      0x370 ./Core/Src/fsm_system.o
                0x0000000008000940                fsm_system_run
 .text.fsm_traffic_blink_horizontal_run
                0x0000000008000cb0      0x24c ./Core/Src/fsm_traffic_blink.o
                0x0000000008000cb0                fsm_traffic_blink_horizontal_run
 .text.fsm_traffic_blink_vertical_run
                0x0000000008000efc      0x25c ./Core/Src/fsm_traffic_blink.o
                0x0000000008000efc                fsm_traffic_blink_vertical_run
 .text.fsm_traffic_horizontal_run
                0x0000000008001158       0xa8 ./Core/Src/fsm_traffic_horizontal.o
                0x0000000008001158                fsm_traffic_horizontal_run
 .text.fsm_traffic_vertical_run
                0x0000000008001200      0x10c ./Core/Src/fsm_traffic_vertical.o
                0x0000000008001200                fsm_traffic_vertical_run
 .text.main     0x000000000800130c       0x84 ./Core/Src/main.o
                0x000000000800130c                main
 .text.SystemClock_Config
                0x0000000008001390       0x76 ./Core/Src/main.o
                0x0000000008001390                SystemClock_Config
 *fill*         0x0000000008001406        0x2 
 .text.MX_TIM2_Init
                0x0000000008001408       0xec ./Core/Src/main.o
 .text.MX_USART2_UART_Init
                0x00000000080014f4       0x54 ./Core/Src/main.o
 .text.MX_GPIO_Init
                0x0000000008001548       0xe0 ./Core/Src/main.o
 .text.HAL_TIM_PeriodElapsedCallback
                0x0000000008001628       0x18 ./Core/Src/main.o
                0x0000000008001628                HAL_TIM_PeriodElapsedCallback
 .text.Error_Handler
                0x0000000008001640        0xa ./Core/Src/main.o
                0x0000000008001640                Error_Handler
 *fill*         0x000000000800164a        0x2 
 .text.setTimer1
                0x000000000800164c       0x34 ./Core/Src/software_timer.o
                0x000000000800164c                setTimer1
 .text.setTimer2
                0x0000000008001680       0x34 ./Core/Src/software_timer.o
                0x0000000008001680                setTimer2
 .text.setTimer3
                0x00000000080016b4       0x34 ./Core/Src/software_timer.o
                0x00000000080016b4                setTimer3
 .text.setTimer4
                0x00000000080016e8       0x34 ./Core/Src/software_timer.o
                0x00000000080016e8                setTimer4
 .text.setTimer5
                0x000000000800171c       0x34 ./Core/Src/software_timer.o
                0x000000000800171c                setTimer5
 .text.setTimer6
                0x0000000008001750       0x34 ./Core/Src/software_timer.o
                0x0000000008001750                setTimer6
 .text.setTimer7
                0x0000000008001784       0x34 ./Core/Src/software_timer.o
                0x0000000008001784                setTimer7
 .text.setTimer8
                0x00000000080017b8       0x34 ./Core/Src/software_timer.o
                0x00000000080017b8                setTimer8
 .text.setTimer9
                0x00000000080017ec       0x34 ./Core/Src/software_timer.o
                0x00000000080017ec                setTimer9
 .text.setTimer10
                0x0000000008001820       0x34 ./Core/Src/software_timer.o
                0x0000000008001820                setTimer10
 .text.setTimer30
                0x0000000008001854       0x34 ./Core/Src/software_timer.o
                0x0000000008001854                setTimer30
 .text.setTimer31
                0x0000000008001888       0x34 ./Core/Src/software_timer.o
                0x0000000008001888                setTimer31
 .text.setTimer32
                0x00000000080018bc       0x34 ./Core/Src/software_timer.o
                0x00000000080018bc                setTimer32
 .text.setTimer33
                0x00000000080018f0       0x34 ./Core/Src/software_timer.o
                0x00000000080018f0                setTimer33
 .text.timerRun
                0x0000000008001924      0x264 ./Core/Src/software_timer.o
                0x0000000008001924                timerRun
 .text.HAL_MspInit
                0x0000000008001b88       0x64 ./Core/Src/stm32f1xx_hal_msp.o
                0x0000000008001b88                HAL_MspInit
 .text.HAL_TIM_Base_MspInit
                0x0000000008001bec       0x48 ./Core/Src/stm32f1xx_hal_msp.o
                0x0000000008001bec                HAL_TIM_Base_MspInit
 .text.HAL_TIM_MspPostInit
                0x0000000008001c34       0x60 ./Core/Src/stm32f1xx_hal_msp.o
                0x0000000008001c34                HAL_TIM_MspPostInit
 .text.HAL_UART_MspInit
                0x0000000008001c94       0xa4 ./Core/Src/stm32f1xx_hal_msp.o
                0x0000000008001c94                HAL_UART_MspInit
 .text.NMI_Handler
                0x0000000008001d38        0x6 ./Core/Src/stm32f1xx_it.o
                0x0000000008001d38                NMI_Handler
 .text.HardFault_Handler
                0x0000000008001d3e        0x6 ./Core/Src/stm32f1xx_it.o
                0x0000000008001d3e                HardFault_Handler
 .text.MemManage_Handler
                0x0000000008001d44        0x6 ./Core/Src/stm32f1xx_it.o
                0x0000000008001d44                MemManage_Handler
 .text.BusFault_Handler
                0x0000000008001d4a        0x6 ./Core/Src/stm32f1xx_it.o
                0x0000000008001d4a                BusFault_Handler
 .text.UsageFault_Handler
                0x0000000008001d50        0x6 ./Core/Src/stm32f1xx_it.o
                0x0000000008001d50                UsageFault_Handler
 .text.SVC_Handler
                0x0000000008001d56        0xc ./Core/Src/stm32f1xx_it.o
                0x0000000008001d56                SVC_Handler
 .text.DebugMon_Handler
                0x0000000008001d62        0xc ./Core/Src/stm32f1xx_it.o
                0x0000000008001d62                DebugMon_Handler
 .text.PendSV_Handler
                0x0000000008001d6e        0xc ./Core/Src/stm32f1xx_it.o
                0x0000000008001d6e                PendSV_Handler
 .text.SysTick_Handler
                0x0000000008001d7a        0xc ./Core/Src/stm32f1xx_it.o
                0x0000000008001d7a                SysTick_Handler
 *fill*         0x0000000008001d86        0x2 
 .text.TIM2_IRQHandler
                0x0000000008001d88       0x14 ./Core/Src/stm32f1xx_it.o
                0x0000000008001d88                TIM2_IRQHandler
 .text.USART2_IRQHandler
                0x0000000008001d9c       0x14 ./Core/Src/stm32f1xx_it.o
                0x0000000008001d9c                USART2_IRQHandler
 .text.SystemInit
                0x0000000008001db0        0xc ./Core/Src/system_stm32f1xx.o
                0x0000000008001db0                SystemInit
 .text.setRed_horizontal
                0x0000000008001dbc       0x28 ./Core/Src/traffic.o
                0x0000000008001dbc                setRed_horizontal
 .text.setGreen_horizontal
                0x0000000008001de4       0x28 ./Core/Src/traffic.o
                0x0000000008001de4                setGreen_horizontal
 .text.setYellow_horizontal
                0x0000000008001e0c       0x28 ./Core/Src/traffic.o
                0x0000000008001e0c                setYellow_horizontal
 .text.setRed_vertical
                0x0000000008001e34       0x20 ./Core/Src/traffic.o
                0x0000000008001e34                setRed_vertical
 .text.setGreen_vertical
                0x0000000008001e54       0x20 ./Core/Src/traffic.o
                0x0000000008001e54                setGreen_vertical
 .text.setYellow_vertical
                0x0000000008001e74       0x20 ./Core/Src/traffic.o
                0x0000000008001e74                setYellow_vertical
 .text.toggleLedRed
                0x0000000008001e94       0x18 ./Core/Src/traffic.o
                0x0000000008001e94                toggleLedRed
 .text.toggleRed_horizontal
                0x0000000008001eac       0x24 ./Core/Src/traffic.o
                0x0000000008001eac                toggleRed_horizontal
 .text.toggleGreen_horizontal
                0x0000000008001ed0       0x24 ./Core/Src/traffic.o
                0x0000000008001ed0                toggleGreen_horizontal
 .text.toggleYellow_horizontal
                0x0000000008001ef4       0x38 ./Core/Src/traffic.o
                0x0000000008001ef4                toggleYellow_horizontal
 .text.toggleRed_vertical
                0x0000000008001f2c       0x20 ./Core/Src/traffic.o
                0x0000000008001f2c                toggleRed_vertical
 .text.toggleGreen_vertical
                0x0000000008001f4c       0x20 ./Core/Src/traffic.o
                0x0000000008001f4c                toggleGreen_vertical
 .text.toggleYellow_vertical
                0x0000000008001f6c       0x30 ./Core/Src/traffic.o
                0x0000000008001f6c                toggleYellow_vertical
 .text.resetTimeTraffic
                0x0000000008001f9c       0x6c ./Core/Src/traffic.o
                0x0000000008001f9c                resetTimeTraffic
 .text.set_off_pedes
                0x0000000008002008       0x28 ./Core/Src/traffic.o
                0x0000000008002008                set_off_pedes
 .text.set_red_pedes
                0x0000000008002030       0x28 ./Core/Src/traffic.o
                0x0000000008002030                set_red_pedes
 .text.set_green_pedes
                0x0000000008002058       0x28 ./Core/Src/traffic.o
                0x0000000008002058                set_green_pedes
 .text.Reset_Handler
                0x0000000008002080       0x48 ./Core/Startup/startup_stm32f103c6tx.o
                0x0000000008002080                Reset_Handler
 .text.Default_Handler
                0x00000000080020c8        0x2 ./Core/Startup/startup_stm32f103c6tx.o
                0x00000000080020c8                RTC_Alarm_IRQHandler
                0x00000000080020c8                EXTI2_IRQHandler
                0x00000000080020c8                TIM1_CC_IRQHandler
                0x00000000080020c8                PVD_IRQHandler
                0x00000000080020c8                EXTI3_IRQHandler
                0x00000000080020c8                EXTI0_IRQHandler
                0x00000000080020c8                ADC1_2_IRQHandler
                0x00000000080020c8                SPI1_IRQHandler
                0x00000000080020c8                TAMPER_IRQHandler
                0x00000000080020c8                DMA1_Channel4_IRQHandler
                0x00000000080020c8                RTC_IRQHandler
                0x00000000080020c8                DMA1_Channel7_IRQHandler
                0x00000000080020c8                CAN1_RX1_IRQHandler
                0x00000000080020c8                I2C1_EV_IRQHandler
                0x00000000080020c8                DMA1_Channel6_IRQHandler
                0x00000000080020c8                TIM3_IRQHandler
                0x00000000080020c8                RCC_IRQHandler
                0x00000000080020c8                TIM1_TRG_COM_IRQHandler
                0x00000000080020c8                DMA1_Channel1_IRQHandler
                0x00000000080020c8                Default_Handler
                0x00000000080020c8                EXTI15_10_IRQHandler
                0x00000000080020c8                EXTI9_5_IRQHandler
                0x00000000080020c8                DMA1_Channel5_IRQHandler
                0x00000000080020c8                EXTI4_IRQHandler
                0x00000000080020c8                USB_LP_CAN1_RX0_IRQHandler
                0x00000000080020c8                USB_HP_CAN1_TX_IRQHandler
                0x00000000080020c8                DMA1_Channel3_IRQHandler
                0x00000000080020c8                TIM1_UP_IRQHandler
                0x00000000080020c8                WWDG_IRQHandler
                0x00000000080020c8                TIM1_BRK_IRQHandler
                0x00000000080020c8                EXTI1_IRQHandler
                0x00000000080020c8                DMA1_Channel2_IRQHandler
                0x00000000080020c8                CAN1_SCE_IRQHandler
                0x00000000080020c8                FLASH_IRQHandler
                0x00000000080020c8                USART1_IRQHandler
                0x00000000080020c8                I2C1_ER_IRQHandler
                0x00000000080020c8                USBWakeUp_IRQHandler
 *fill*         0x00000000080020ca        0x2 
 .text.HAL_Init
                0x00000000080020cc       0x2c ./Drivers/STM32F1xx_HAL_Driver/Src/stm32f1xx_hal.o
                0x00000000080020cc                HAL_Init
 .text.HAL_InitTick
                0x00000000080020f8       0x60 ./Drivers/STM32F1xx_HAL_Driver/Src/stm32f1xx_hal.o
                0x00000000080020f8                HAL_InitTick
 .text.HAL_IncTick
                0x0000000008002158       0x24 ./Drivers/STM32F1xx_HAL_Driver/Src/stm32f1xx_hal.o
                0x0000000008002158                HAL_IncTick
 .text.HAL_GetTick
                0x000000000800217c       0x14 ./Drivers/STM32F1xx_HAL_Driver/Src/stm32f1xx_hal.o
                0x000000000800217c                HAL_GetTick
 .text.__NVIC_SetPriorityGrouping
                0x0000000008002190       0x48 ./Drivers/STM32F1xx_HAL_Driver/Src/stm32f1xx_hal_cortex.o
 .text.__NVIC_GetPriorityGrouping
                0x00000000080021d8       0x1c ./Drivers/STM32F1xx_HAL_Driver/Src/stm32f1xx_hal_cortex.o
 .text.__NVIC_EnableIRQ
                0x00000000080021f4       0x38 ./Drivers/STM32F1xx_HAL_Driver/Src/stm32f1xx_hal_cortex.o
 .text.__NVIC_SetPriority
                0x000000000800222c       0x54 ./Drivers/STM32F1xx_HAL_Driver/Src/stm32f1xx_hal_cortex.o
 .text.NVIC_EncodePriority
                0x0000000008002280       0x64 ./Drivers/STM32F1xx_HAL_Driver/Src/stm32f1xx_hal_cortex.o
 .text.SysTick_Config
                0x00000000080022e4       0x44 ./Drivers/STM32F1xx_HAL_Driver/Src/stm32f1xx_hal_cortex.o
 .text.HAL_NVIC_SetPriorityGrouping
                0x0000000008002328       0x16 ./Drivers/STM32F1xx_HAL_Driver/Src/stm32f1xx_hal_cortex.o
                0x0000000008002328                HAL_NVIC_SetPriorityGrouping
 .text.HAL_NVIC_SetPriority
                0x000000000800233e       0x38 ./Drivers/STM32F1xx_HAL_Driver/Src/stm32f1xx_hal_cortex.o
                0x000000000800233e                HAL_NVIC_SetPriority
 .text.HAL_NVIC_EnableIRQ
                0x0000000008002376       0x1c ./Drivers/STM32F1xx_HAL_Driver/Src/stm32f1xx_hal_cortex.o
                0x0000000008002376                HAL_NVIC_EnableIRQ
 .text.HAL_SYSTICK_Config
                0x0000000008002392       0x18 ./Drivers/STM32F1xx_HAL_Driver/Src/stm32f1xx_hal_cortex.o
                0x0000000008002392                HAL_SYSTICK_Config
 .text.HAL_DMA_Abort
                0x00000000080023aa       0x74 ./Drivers/STM32F1xx_HAL_Driver/Src/stm32f1xx_hal_dma.o
                0x00000000080023aa                HAL_DMA_Abort
 *fill*         0x000000000800241e        0x2 
 .text.HAL_DMA_Abort_IT
                0x0000000008002420       0xec ./Drivers/STM32F1xx_HAL_Driver/Src/stm32f1xx_hal_dma.o
                0x0000000008002420                HAL_DMA_Abort_IT
 .text.HAL_GPIO_Init
                0x000000000800250c      0x2f4 ./Drivers/STM32F1xx_HAL_Driver/Src/stm32f1xx_hal_gpio.o
                0x000000000800250c                HAL_GPIO_Init
 .text.HAL_GPIO_ReadPin
                0x0000000008002800       0x2e ./Drivers/STM32F1xx_HAL_Driver/Src/stm32f1xx_hal_gpio.o
                0x0000000008002800                HAL_GPIO_ReadPin
 .text.HAL_GPIO_WritePin
                0x000000000800282e       0x30 ./Drivers/STM32F1xx_HAL_Driver/Src/stm32f1xx_hal_gpio.o
                0x000000000800282e                HAL_GPIO_WritePin
 .text.HAL_GPIO_TogglePin
                0x000000000800285e       0x32 ./Drivers/STM32F1xx_HAL_Driver/Src/stm32f1xx_hal_gpio.o
                0x000000000800285e                HAL_GPIO_TogglePin
 .text.HAL_RCC_OscConfig
                0x0000000008002890      0x500 ./Drivers/STM32F1xx_HAL_Driver/Src/stm32f1xx_hal_rcc.o
                0x0000000008002890                HAL_RCC_OscConfig
 .text.HAL_RCC_ClockConfig
                0x0000000008002d90      0x1d4 ./Drivers/STM32F1xx_HAL_Driver/Src/stm32f1xx_hal_rcc.o
                0x0000000008002d90                HAL_RCC_ClockConfig
 .text.HAL_RCC_GetSysClockFreq
                0x0000000008002f64       0xc0 ./Drivers/STM32F1xx_HAL_Driver/Src/stm32f1xx_hal_rcc.o
                0x0000000008002f64                HAL_RCC_GetSysClockFreq
 .text.HAL_RCC_GetHCLKFreq
                0x0000000008003024       0x14 ./Drivers/STM32F1xx_HAL_Driver/Src/stm32f1xx_hal_rcc.o
                0x0000000008003024                HAL_RCC_GetHCLKFreq
 .text.HAL_RCC_GetPCLK1Freq
                0x0000000008003038       0x28 ./Drivers/STM32F1xx_HAL_Driver/Src/stm32f1xx_hal_rcc.o
                0x0000000008003038                HAL_RCC_GetPCLK1Freq
 .text.HAL_RCC_GetPCLK2Freq
                0x0000000008003060       0x28 ./Drivers/STM32F1xx_HAL_Driver/Src/stm32f1xx_hal_rcc.o
                0x0000000008003060                HAL_RCC_GetPCLK2Freq
 .text.RCC_Delay
                0x0000000008003088       0x3c ./Drivers/STM32F1xx_HAL_Driver/Src/stm32f1xx_hal_rcc.o
 .text.HAL_TIM_Base_Init
                0x00000000080030c4       0x9e ./Drivers/STM32F1xx_HAL_Driver/Src/stm32f1xx_hal_tim.o
                0x00000000080030c4                HAL_TIM_Base_Init
 *fill*         0x0000000008003162        0x2 
 .text.HAL_TIM_Base_Start_IT
                0x0000000008003164       0x98 ./Drivers/STM32F1xx_HAL_Driver/Src/stm32f1xx_hal_tim.o
                0x0000000008003164                HAL_TIM_Base_Start_IT
 .text.HAL_TIM_PWM_Init
                0x00000000080031fc       0x9e ./Drivers/STM32F1xx_HAL_Driver/Src/stm32f1xx_hal_tim.o
                0x00000000080031fc                HAL_TIM_PWM_Init
 .text.HAL_TIM_PWM_MspInit
                0x000000000800329a       0x12 ./Drivers/STM32F1xx_HAL_Driver/Src/stm32f1xx_hal_tim.o
                0x000000000800329a                HAL_TIM_PWM_MspInit
 .text.HAL_TIM_PWM_Start
                0x00000000080032ac      0x138 ./Drivers/STM32F1xx_HAL_Driver/Src/stm32f1xx_hal_tim.o
                0x00000000080032ac                HAL_TIM_PWM_Start
 .text.HAL_TIM_IRQHandler
                0x00000000080033e4      0x210 ./Drivers/STM32F1xx_HAL_Driver/Src/stm32f1xx_hal_tim.o
                0x00000000080033e4                HAL_TIM_IRQHandler
 .text.HAL_TIM_PWM_ConfigChannel
                0x00000000080035f4      0x17c ./Drivers/STM32F1xx_HAL_Driver/Src/stm32f1xx_hal_tim.o
                0x00000000080035f4                HAL_TIM_PWM_ConfigChannel
 .text.HAL_TIM_ConfigClockSource
                0x0000000008003770      0x188 ./Drivers/STM32F1xx_HAL_Driver/Src/stm32f1xx_hal_tim.o
                0x0000000008003770                HAL_TIM_ConfigClockSource
 .text.HAL_TIM_OC_DelayElapsedCallback
                0x00000000080038f8       0x12 ./Drivers/STM32F1xx_HAL_Driver/Src/stm32f1xx_hal_tim.o
                0x00000000080038f8                HAL_TIM_OC_DelayElapsedCallback
 .text.HAL_TIM_IC_CaptureCallback
                0x000000000800390a       0x12 ./Drivers/STM32F1xx_HAL_Driver/Src/stm32f1xx_hal_tim.o
                0x000000000800390a                HAL_TIM_IC_CaptureCallback
 .text.HAL_TIM_PWM_PulseFinishedCallback
                0x000000000800391c       0x12 ./Drivers/STM32F1xx_HAL_Driver/Src/stm32f1xx_hal_tim.o
                0x000000000800391c                HAL_TIM_PWM_PulseFinishedCallback
 .text.HAL_TIM_TriggerCallback
                0x000000000800392e       0x12 ./Drivers/STM32F1xx_HAL_Driver/Src/stm32f1xx_hal_tim.o
                0x000000000800392e                HAL_TIM_TriggerCallback
 .text.TIM_Base_SetConfig
                0x0000000008003940       0xb0 ./Drivers/STM32F1xx_HAL_Driver/Src/stm32f1xx_hal_tim.o
                0x0000000008003940                TIM_Base_SetConfig
 .text.TIM_OC1_SetConfig
                0x00000000080039f0       0xcc ./Drivers/STM32F1xx_HAL_Driver/Src/stm32f1xx_hal_tim.o
 .text.TIM_OC2_SetConfig
                0x0000000008003abc       0xd4 ./Drivers/STM32F1xx_HAL_Driver/Src/stm32f1xx_hal_tim.o
                0x0000000008003abc                TIM_OC2_SetConfig
 .text.TIM_OC3_SetConfig
                0x0000000008003b90       0xd4 ./Drivers/STM32F1xx_HAL_Driver/Src/stm32f1xx_hal_tim.o
 .text.TIM_OC4_SetConfig
                0x0000000008003c64       0x9c ./Drivers/STM32F1xx_HAL_Driver/Src/stm32f1xx_hal_tim.o
 .text.TIM_TI1_ConfigInputStage
                0x0000000008003d00       0x5c ./Drivers/STM32F1xx_HAL_Driver/Src/stm32f1xx_hal_tim.o
 .text.TIM_TI2_ConfigInputStage
                0x0000000008003d5c       0x5e ./Drivers/STM32F1xx_HAL_Driver/Src/stm32f1xx_hal_tim.o
 .text.TIM_ITRx_SetConfig
                0x0000000008003dba       0x34 ./Drivers/STM32F1xx_HAL_Driver/Src/stm32f1xx_hal_tim.o
 .text.TIM_ETR_SetConfig
                0x0000000008003dee       0x3e ./Drivers/STM32F1xx_HAL_Driver/Src/stm32f1xx_hal_tim.o
                0x0000000008003dee                TIM_ETR_SetConfig
 .text.TIM_CCxChannelCmd
                0x0000000008003e2c       0x48 ./Drivers/STM32F1xx_HAL_Driver/Src/stm32f1xx_hal_tim.o
                0x0000000008003e2c                TIM_CCxChannelCmd
 .text.HAL_TIMEx_MasterConfigSynchronization
                0x0000000008003e74       0xb0 ./Drivers/STM32F1xx_HAL_Driver/Src/stm32f1xx_hal_tim_ex.o
                0x0000000008003e74                HAL_TIMEx_MasterConfigSynchronization
 .text.HAL_TIMEx_CommutCallback
                0x0000000008003f24       0x12 ./Drivers/STM32F1xx_HAL_Driver/Src/stm32f1xx_hal_tim_ex.o
                0x0000000008003f24                HAL_TIMEx_CommutCallback
 .text.HAL_TIMEx_BreakCallback
                0x0000000008003f36       0x12 ./Drivers/STM32F1xx_HAL_Driver/Src/stm32f1xx_hal_tim_ex.o
                0x0000000008003f36                HAL_TIMEx_BreakCallback
 .text.HAL_UART_Init
                0x0000000008003f48       0x9a ./Drivers/STM32F1xx_HAL_Driver/Src/stm32f1xx_hal_uart.o
                0x0000000008003f48                HAL_UART_Init
 *fill*         0x0000000008003fe2        0x2 
 .text.HAL_UART_IRQHandler
                0x0000000008003fe4      0x354 ./Drivers/STM32F1xx_HAL_Driver/Src/stm32f1xx_hal_uart.o
                0x0000000008003fe4                HAL_UART_IRQHandler
 .text.HAL_UART_TxCpltCallback
                0x0000000008004338       0x12 ./Drivers/STM32F1xx_HAL_Driver/Src/stm32f1xx_hal_uart.o
                0x0000000008004338                HAL_UART_TxCpltCallback
 .text.HAL_UART_RxCpltCallback
                0x000000000800434a       0x12 ./Drivers/STM32F1xx_HAL_Driver/Src/stm32f1xx_hal_uart.o
                0x000000000800434a                HAL_UART_RxCpltCallback
 .text.HAL_UART_ErrorCallback
                0x000000000800435c       0x12 ./Drivers/STM32F1xx_HAL_Driver/Src/stm32f1xx_hal_uart.o
                0x000000000800435c                HAL_UART_ErrorCallback
 .text.HAL_UARTEx_RxEventCallback
                0x000000000800436e       0x16 ./Drivers/STM32F1xx_HAL_Driver/Src/stm32f1xx_hal_uart.o
                0x000000000800436e                HAL_UARTEx_RxEventCallback
 .text.UART_EndRxTransfer
                0x0000000008004384       0x58 ./Drivers/STM32F1xx_HAL_Driver/Src/stm32f1xx_hal_uart.o
 .text.UART_DMAAbortOnError
                0x00000000080043dc       0x28 ./Drivers/STM32F1xx_HAL_Driver/Src/stm32f1xx_hal_uart.o
 .text.UART_Transmit_IT
                0x0000000008004404       0x9e ./Drivers/STM32F1xx_HAL_Driver/Src/stm32f1xx_hal_uart.o
 .text.UART_EndTransmit_IT
                0x00000000080044a2       0x30 ./Drivers/STM32F1xx_HAL_Driver/Src/stm32f1xx_hal_uart.o
 .text.UART_Receive_IT
                0x00000000080044d2      0x152 ./Drivers/STM32F1xx_HAL_Driver/Src/stm32f1xx_hal_uart.o
 .text.UART_SetConfig
                0x0000000008004624      0x11c ./Drivers/STM32F1xx_HAL_Driver/Src/stm32f1xx_hal_uart.o
 .text.__libc_init_array
                0x0000000008004740       0x48 c:/st/stm32cubeide_1.7.0/stm32cubeide/plugins/com.st.stm32cube.ide.mcu.externaltools.gnu-tools-for-stm32.9-2020-q2-update.win32_2.0.0.202105311346/tools/bin/../lib/gcc/arm-none-eabi/9.3.1/../../../../arm-none-eabi/lib/thumb/v7-m/nofp\libc_nano.a(lib_a-init.o)
                0x0000000008004740                __libc_init_array
 .text.memset   0x0000000008004788       0x10 c:/st/stm32cubeide_1.7.0/stm32cubeide/plugins/com.st.stm32cube.ide.mcu.externaltools.gnu-tools-for-stm32.9-2020-q2-update.win32_2.0.0.202105311346/tools/bin/../lib/gcc/arm-none-eabi/9.3.1/../../../../arm-none-eabi/lib/thumb/v7-m/nofp\libc_nano.a(lib_a-memset.o)
                0x0000000008004788                memset
 *(.glue_7)
 .glue_7        0x0000000008004798        0x0 linker stubs
 *(.glue_7t)
 .glue_7t       0x0000000008004798        0x0 linker stubs
 *(.eh_frame)
 .eh_frame      0x0000000008004798        0x0 c:/st/stm32cubeide_1.7.0/stm32cubeide/plugins/com.st.stm32cube.ide.mcu.externaltools.gnu-tools-for-stm32.9-2020-q2-update.win32_2.0.0.202105311346/tools/bin/../lib/gcc/arm-none-eabi/9.3.1/thumb/v7-m/nofp/crtbegin.o
 *(.init)
 .init          0x0000000008004798        0x4 c:/st/stm32cubeide_1.7.0/stm32cubeide/plugins/com.st.stm32cube.ide.mcu.externaltools.gnu-tools-for-stm32.9-2020-q2-update.win32_2.0.0.202105311346/tools/bin/../lib/gcc/arm-none-eabi/9.3.1/thumb/v7-m/nofp/crti.o
                0x0000000008004798                _init
 .init          0x000000000800479c        0x8 c:/st/stm32cubeide_1.7.0/stm32cubeide/plugins/com.st.stm32cube.ide.mcu.externaltools.gnu-tools-for-stm32.9-2020-q2-update.win32_2.0.0.202105311346/tools/bin/../lib/gcc/arm-none-eabi/9.3.1/thumb/v7-m/nofp/crtn.o
 *(.fini)
 .fini          0x00000000080047a4        0x4 c:/st/stm32cubeide_1.7.0/stm32cubeide/plugins/com.st.stm32cube.ide.mcu.externaltools.gnu-tools-for-stm32.9-2020-q2-update.win32_2.0.0.202105311346/tools/bin/../lib/gcc/arm-none-eabi/9.3.1/thumb/v7-m/nofp/crti.o
                0x00000000080047a4                _fini
 .fini          0x00000000080047a8        0x8 c:/st/stm32cubeide_1.7.0/stm32cubeide/plugins/com.st.stm32cube.ide.mcu.externaltools.gnu-tools-for-stm32.9-2020-q2-update.win32_2.0.0.202105311346/tools/bin/../lib/gcc/arm-none-eabi/9.3.1/thumb/v7-m/nofp/crtn.o
                0x00000000080047b0                . = ALIGN (0x4)
                0x00000000080047b0                _etext = .

.vfp11_veneer   0x00000000080047b0        0x0
 .vfp11_veneer  0x00000000080047b0        0x0 linker stubs

.v4_bx          0x00000000080047b0        0x0
 .v4_bx         0x00000000080047b0        0x0 linker stubs

.iplt           0x00000000080047b0        0x0
 .iplt          0x00000000080047b0        0x0 c:/st/stm32cubeide_1.7.0/stm32cubeide/plugins/com.st.stm32cube.ide.mcu.externaltools.gnu-tools-for-stm32.9-2020-q2-update.win32_2.0.0.202105311346/tools/bin/../lib/gcc/arm-none-eabi/9.3.1/thumb/v7-m/nofp/crtbegin.o

.rodata         0x00000000080047b0       0x28
                0x00000000080047b0                . = ALIGN (0x4)
 *(.rodata)
 .rodata        0x00000000080047b0       0x10 ./Drivers/STM32F1xx_HAL_Driver/Src/stm32f1xx_hal_rcc.o
 *(.rodata*)
 .rodata.AHBPrescTable
                0x00000000080047c0       0x10 ./Core/Src/system_stm32f1xx.o
                0x00000000080047c0                AHBPrescTable
 .rodata.APBPrescTable
                0x00000000080047d0        0x8 ./Core/Src/system_stm32f1xx.o
                0x00000000080047d0                APBPrescTable
                0x00000000080047d8                . = ALIGN (0x4)

.rel.dyn        0x00000000080047d8        0x0
 .rel.iplt      0x00000000080047d8        0x0 c:/st/stm32cubeide_1.7.0/stm32cubeide/plugins/com.st.stm32cube.ide.mcu.externaltools.gnu-tools-for-stm32.9-2020-q2-update.win32_2.0.0.202105311346/tools/bin/../lib/gcc/arm-none-eabi/9.3.1/thumb/v7-m/nofp/crtbegin.o

.ARM.extab      0x00000000080047d8        0x0
                0x00000000080047d8                . = ALIGN (0x4)
 *(.ARM.extab* .gnu.linkonce.armextab.*)
                0x00000000080047d8                . = ALIGN (0x4)

.ARM            0x00000000080047d8        0x0
                0x00000000080047d8                . = ALIGN (0x4)
                0x00000000080047d8                __exidx_start = .
 *(.ARM.exidx*)
                0x00000000080047d8                __exidx_end = .
                0x00000000080047d8                . = ALIGN (0x4)

.preinit_array  0x00000000080047d8        0x0
                0x00000000080047d8                . = ALIGN (0x4)
                0x00000000080047d8                PROVIDE (__preinit_array_start = .)
 *(.preinit_array*)
                0x00000000080047d8                PROVIDE (__preinit_array_end = .)
                0x00000000080047d8                . = ALIGN (0x4)

.init_array     0x00000000080047d8        0x4
                0x00000000080047d8                . = ALIGN (0x4)
                0x00000000080047d8                PROVIDE (__init_array_start = .)
 *(SORT_BY_NAME(.init_array.*))
 *(.init_array*)
 .init_array    0x00000000080047d8        0x4 c:/st/stm32cubeide_1.7.0/stm32cubeide/plugins/com.st.stm32cube.ide.mcu.externaltools.gnu-tools-for-stm32.9-2020-q2-update.win32_2.0.0.202105311346/tools/bin/../lib/gcc/arm-none-eabi/9.3.1/thumb/v7-m/nofp/crtbegin.o
                0x00000000080047dc                PROVIDE (__init_array_end = .)
                0x00000000080047dc                . = ALIGN (0x4)

.fini_array     0x00000000080047dc        0x4
                0x00000000080047dc                . = ALIGN (0x4)
                [!provide]                        PROVIDE (__fini_array_start = .)
 *(SORT_BY_NAME(.fini_array.*))
 *(.fini_array*)
 .fini_array    0x00000000080047dc        0x4 c:/st/stm32cubeide_1.7.0/stm32cubeide/plugins/com.st.stm32cube.ide.mcu.externaltools.gnu-tools-for-stm32.9-2020-q2-update.win32_2.0.0.202105311346/tools/bin/../lib/gcc/arm-none-eabi/9.3.1/thumb/v7-m/nofp/crtbegin.o
                [!provide]                        PROVIDE (__fini_array_end = .)
                0x00000000080047e0                . = ALIGN (0x4)
                0x00000000080047e0                _sidata = LOADADDR (.data)

.data           0x0000000020000000       0xa8 load address 0x00000000080047e0
                0x0000000020000000                . = ALIGN (0x4)
                0x0000000020000000                _sdata = .
 *(.data)
 *(.data*)
 .data.keyReg0  0x0000000020000000       0x10 ./Core/Src/button.o
                0x0000000020000000                keyReg0
 .data.keyReg1  0x0000000020000010       0x10 ./Core/Src/button.o
                0x0000000020000010                keyReg1
 .data.keyReg2  0x0000000020000020       0x10 ./Core/Src/button.o
                0x0000000020000020                keyReg2
 .data.keyReg3  0x0000000020000030       0x10 ./Core/Src/button.o
                0x0000000020000030                keyReg3
 .data.timerForKeyPress
                0x0000000020000040        0x4 ./Core/Src/button.o
                0x0000000020000040                timerForKeyPress
 .data.status_7SEG_horizontal
                0x0000000020000044        0x4 ./Core/Src/fsm_7SEG_horizontal.o
                0x0000000020000044                status_7SEG_horizontal
 .data.status_7SEG_vertical
                0x0000000020000048        0x4 ./Core/Src/fsm_7SEG_vertical.o
                0x0000000020000048                status_7SEG_vertical
 .data.status_mannual
                0x000000002000004c        0x4 ./Core/Src/fsm_mannual.o
                0x000000002000004c                status_mannual
 .data.status_pedestrian_light
                0x0000000020000050        0x4 ./Core/Src/fsm_pedestrian.o
                0x0000000020000050                status_pedestrian_light
 .data.status_traffic_blink_horizontal
                0x0000000020000054        0x4 ./Core/Src/fsm_traffic_blink.o
                0x0000000020000054                status_traffic_blink_horizontal
 .data.status_traffic_blink_vertical
                0x0000000020000058        0x4 ./Core/Src/fsm_traffic_blink.o
                0x0000000020000058                status_traffic_blink_vertical
 .data.status_traffic_horizontal
                0x000000002000005c        0x4 ./Core/Src/fsm_traffic_horizontal.o
                0x000000002000005c                status_traffic_horizontal
 .data.status_traffic_vertical
                0x0000000020000060        0x4 ./Core/Src/fsm_traffic_vertical.o
                0x0000000020000060                status_traffic_vertical
 .data.time_red_horizontal
                0x0000000020000064        0x4 ./Core/Src/global.o
                0x0000000020000064                time_red_horizontal
 .data.time_green_horizontal
                0x0000000020000068        0x4 ./Core/Src/global.o
                0x0000000020000068                time_green_horizontal
 .data.time_yellow_horizontal
                0x000000002000006c        0x4 ./Core/Src/global.o
                0x000000002000006c                time_yellow_horizontal
 .data.time_red_horizontal_temp
                0x0000000020000070        0x4 ./Core/Src/global.o
                0x0000000020000070                time_red_horizontal_temp
 .data.time_green_horizontal_temp
                0x0000000020000074        0x4 ./Core/Src/global.o
                0x0000000020000074                time_green_horizontal_temp
 .data.time_yellow_horizontal_temp
                0x0000000020000078        0x4 ./Core/Src/global.o
                0x0000000020000078                time_yellow_horizontal_temp
 .data.time_green_vertical
                0x000000002000007c        0x4 ./Core/Src/global.o
                0x000000002000007c                time_green_vertical
 .data.time_yellow_vertical
                0x0000000020000080        0x4 ./Core/Src/global.o
                0x0000000020000080                time_yellow_vertical
 .data.time_red_vertical
                0x0000000020000084        0x4 ./Core/Src/global.o
                0x0000000020000084                time_red_vertical
 .data.time_green_vertical_temp
                0x0000000020000088        0x4 ./Core/Src/global.o
                0x0000000020000088                time_green_vertical_temp
 .data.time_yellow_vertical_temp
                0x000000002000008c        0x4 ./Core/Src/global.o
                0x000000002000008c                time_yellow_vertical_temp
 .data.time_red_vertical_temp
                0x0000000020000090        0x4 ./Core/Src/global.o
                0x0000000020000090                time_red_vertical_temp
 .data.Increase_Duty_Cycle
                0x0000000020000094        0x4 ./Core/Src/global.o
                0x0000000020000094                Increase_Duty_Cycle
 .data.TICK     0x0000000020000098        0x4 ./Core/Src/software_timer.o
                0x0000000020000098                TICK
 .data.SystemCoreClock
                0x000000002000009c        0x4 ./Core/Src/system_stm32f1xx.o
                0x000000002000009c                SystemCoreClock
 .data.uwTickPrio
                0x00000000200000a0        0x4 ./Drivers/STM32F1xx_HAL_Driver/Src/stm32f1xx_hal.o
                0x00000000200000a0                uwTickPrio
 .data.uwTickFreq
                0x00000000200000a4        0x1 ./Drivers/STM32F1xx_HAL_Driver/Src/stm32f1xx_hal.o
                0x00000000200000a4                uwTickFreq
 *(.RamFunc)
 *(.RamFunc*)
                0x00000000200000a8                . = ALIGN (0x4)
 *fill*         0x00000000200000a5        0x3 
                0x00000000200000a8                _edata = .

.igot.plt       0x00000000200000a8        0x0 load address 0x0000000008004888
 .igot.plt      0x00000000200000a8        0x0 c:/st/stm32cubeide_1.7.0/stm32cubeide/plugins/com.st.stm32cube.ide.mcu.externaltools.gnu-tools-for-stm32.9-2020-q2-update.win32_2.0.0.202105311346/tools/bin/../lib/gcc/arm-none-eabi/9.3.1/thumb/v7-m/nofp/crtbegin.o
                0x00000000200000a8                . = ALIGN (0x4)

.bss            0x00000000200000a8      0x174 load address 0x0000000008004888
                0x00000000200000a8                _sbss = .
                0x00000000200000a8                __bss_start__ = _sbss
 *(.bss)
 .bss           0x00000000200000a8       0x1c c:/st/stm32cubeide_1.7.0/stm32cubeide/plugins/com.st.stm32cube.ide.mcu.externaltools.gnu-tools-for-stm32.9-2020-q2-update.win32_2.0.0.202105311346/tools/bin/../lib/gcc/arm-none-eabi/9.3.1/thumb/v7-m/nofp/crtbegin.o
 *(.bss*)
 .bss.button_BUT1_flag
                0x00000000200000c4        0x4 ./Core/Src/button.o
                0x00000000200000c4                button_BUT1_flag
 .bss.button_BUT2_flag
                0x00000000200000c8        0x4 ./Core/Src/button.o
                0x00000000200000c8                button_BUT2_flag
 .bss.button_BUT3_flag
                0x00000000200000cc        0x4 ./Core/Src/button.o
                0x00000000200000cc                button_BUT3_flag
 .bss.button_PEDES_flag
                0x00000000200000d0        0x4 ./Core/Src/button.o
                0x00000000200000d0                button_PEDES_flag
 .bss.button_BUT1_LongPressed_flag
                0x00000000200000d4        0x4 ./Core/Src/button.o
                0x00000000200000d4                button_BUT1_LongPressed_flag
 .bss.button_BUT2_LongPressed_flag
                0x00000000200000d8        0x4 ./Core/Src/button.o
                0x00000000200000d8                button_BUT2_LongPressed_flag
 .bss.button_BUT3_LongPressed_flag
                0x00000000200000dc        0x4 ./Core/Src/button.o
                0x00000000200000dc                button_BUT3_LongPressed_flag
 .bss.button_PEDES_LongPressed_flag
                0x00000000200000e0        0x4 ./Core/Src/button.o
                0x00000000200000e0                button_PEDES_LongPressed_flag
 .bss.status_system
                0x00000000200000e4        0x4 ./Core/Src/global.o
                0x00000000200000e4                status_system
 .bss.FSM_Buzzer_State
                0x00000000200000e8        0x4 ./Core/Src/global.o
                0x00000000200000e8                FSM_Buzzer_State
 .bss.timer1_flag
                0x00000000200000ec        0x4 ./Core/Src/software_timer.o
                0x00000000200000ec                timer1_flag
 .bss.timer1_counter
                0x00000000200000f0        0x4 ./Core/Src/software_timer.o
                0x00000000200000f0                timer1_counter
 .bss.timer2_flag
                0x00000000200000f4        0x4 ./Core/Src/software_timer.o
                0x00000000200000f4                timer2_flag
 .bss.timer2_counter
                0x00000000200000f8        0x4 ./Core/Src/software_timer.o
                0x00000000200000f8                timer2_counter
 .bss.timer3_flag
                0x00000000200000fc        0x4 ./Core/Src/software_timer.o
                0x00000000200000fc                timer3_flag
 .bss.timer3_counter
                0x0000000020000100        0x4 ./Core/Src/software_timer.o
                0x0000000020000100                timer3_counter
 .bss.timer4_flag
                0x0000000020000104        0x4 ./Core/Src/software_timer.o
                0x0000000020000104                timer4_flag
 .bss.timer4_counter
                0x0000000020000108        0x4 ./Core/Src/software_timer.o
                0x0000000020000108                timer4_counter
 .bss.timer5_flag
                0x000000002000010c        0x4 ./Core/Src/software_timer.o
                0x000000002000010c                timer5_flag
 .bss.timer5_counter
                0x0000000020000110        0x4 ./Core/Src/software_timer.o
                0x0000000020000110                timer5_counter
 .bss.timer6_flag
                0x0000000020000114        0x4 ./Core/Src/software_timer.o
                0x0000000020000114                timer6_flag
 .bss.timer6_counter
                0x0000000020000118        0x4 ./Core/Src/software_timer.o
                0x0000000020000118                timer6_counter
 .bss.timer7_flag
                0x000000002000011c        0x4 ./Core/Src/software_timer.o
                0x000000002000011c                timer7_flag
 .bss.timer7_counter
                0x0000000020000120        0x4 ./Core/Src/software_timer.o
                0x0000000020000120                timer7_counter
 .bss.timer8_flag
                0x0000000020000124        0x4 ./Core/Src/software_timer.o
                0x0000000020000124                timer8_flag
 .bss.timer8_counter
                0x0000000020000128        0x4 ./Core/Src/software_timer.o
                0x0000000020000128                timer8_counter
 .bss.timer9_flag
                0x000000002000012c        0x4 ./Core/Src/software_timer.o
                0x000000002000012c                timer9_flag
 .bss.timer9_counter
                0x0000000020000130        0x4 ./Core/Src/software_timer.o
                0x0000000020000130                timer9_counter
 .bss.timer10_flag
                0x0000000020000134        0x4 ./Core/Src/software_timer.o
                0x0000000020000134                timer10_flag
 .bss.timer10_counter
                0x0000000020000138        0x4 ./Core/Src/software_timer.o
                0x0000000020000138                timer10_counter
 .bss.timer11_flag
                0x000000002000013c        0x4 ./Core/Src/software_timer.o
                0x000000002000013c                timer11_flag
 .bss.timer11_counter
                0x0000000020000140        0x4 ./Core/Src/software_timer.o
                0x0000000020000140                timer11_counter
 .bss.timer30_flag
                0x0000000020000144        0x4 ./Core/Src/software_timer.o
                0x0000000020000144                timer30_flag
 .bss.timer30_counter
                0x0000000020000148        0x4 ./Core/Src/software_timer.o
                0x0000000020000148                timer30_counter
 .bss.timer31_flag
                0x000000002000014c        0x4 ./Core/Src/software_timer.o
                0x000000002000014c                timer31_flag
 .bss.timer31_counter
                0x0000000020000150        0x4 ./Core/Src/software_timer.o
                0x0000000020000150                timer31_counter
 .bss.timer32_flag
                0x0000000020000154        0x4 ./Core/Src/software_timer.o
                0x0000000020000154                timer32_flag
 .bss.timer32_counter
                0x0000000020000158        0x4 ./Core/Src/software_timer.o
                0x0000000020000158                timer32_counter
 .bss.timer33_flag
                0x000000002000015c        0x4 ./Core/Src/software_timer.o
                0x000000002000015c                timer33_flag
 .bss.timer33_counter
                0x0000000020000160        0x4 ./Core/Src/software_timer.o
                0x0000000020000160                timer33_counter
 .bss.traffic_buffer_horizontal
                0x0000000020000164        0xc ./Core/Src/traffic_buffer.o
                0x0000000020000164                traffic_buffer_horizontal
 .bss.traffic_buffer_vertical
                0x0000000020000170        0xc ./Core/Src/traffic_buffer.o
                0x0000000020000170                traffic_buffer_vertical
 .bss._7SEG_buffer_horizontal
                0x000000002000017c        0x8 ./Core/Src/traffic_buffer.o
                0x000000002000017c                _7SEG_buffer_horizontal
 .bss._7SEG_buffer_vertical
                0x0000000020000184        0x8 ./Core/Src/traffic_buffer.o
                0x0000000020000184                _7SEG_buffer_vertical
 *(COMMON)
 COMMON         0x000000002000018c       0x48 ./Core/Src/buzzer.o
                0x000000002000018c                htim2
 COMMON         0x00000000200001d4       0x44 ./Core/Src/main.o
                0x00000000200001d4                huart2
 COMMON         0x0000000020000218        0x4 ./Drivers/STM32F1xx_HAL_Driver/Src/stm32f1xx_hal.o
                0x0000000020000218                uwTick
                0x000000002000021c                . = ALIGN (0x4)
                0x000000002000021c                _ebss = .
                0x000000002000021c                __bss_end__ = _ebss

._user_heap_stack
                0x000000002000021c      0x604 load address 0x0000000008004888
                0x0000000020000220                . = ALIGN (0x8)
 *fill*         0x000000002000021c        0x4 
                [!provide]                        PROVIDE (end = .)
                0x0000000020000220                PROVIDE (_end = .)
                0x0000000020000420                . = (. + _Min_Heap_Size)
 *fill*         0x0000000020000220      0x200 
                0x0000000020000820                . = (. + _Min_Stack_Size)
 *fill*         0x0000000020000420      0x400 
                0x0000000020000820                . = ALIGN (0x8)

/DISCARD/
 libc.a(*)
 libm.a(*)
 libgcc.a(*)

.ARM.attributes
                0x0000000000000000       0x29
 *(.ARM.attributes)
 .ARM.attributes
                0x0000000000000000       0x1d c:/st/stm32cubeide_1.7.0/stm32cubeide/plugins/com.st.stm32cube.ide.mcu.externaltools.gnu-tools-for-stm32.9-2020-q2-update.win32_2.0.0.202105311346/tools/bin/../lib/gcc/arm-none-eabi/9.3.1/thumb/v7-m/nofp/crti.o
 .ARM.attributes
                0x000000000000001d       0x2d c:/st/stm32cubeide_1.7.0/stm32cubeide/plugins/com.st.stm32cube.ide.mcu.externaltools.gnu-tools-for-stm32.9-2020-q2-update.win32_2.0.0.202105311346/tools/bin/../lib/gcc/arm-none-eabi/9.3.1/thumb/v7-m/nofp/crtbegin.o
 .ARM.attributes
                0x000000000000004a       0x2d ./Core/Src/button.o
 .ARM.attributes
                0x0000000000000077       0x2d ./Core/Src/buzzer.o
 .ARM.attributes
                0x00000000000000a4       0x2d ./Core/Src/fsm_7SEG_horizontal.o
 .ARM.attributes
                0x00000000000000d1       0x2d ./Core/Src/fsm_7SEG_vertical.o
 .ARM.attributes
                0x00000000000000fe       0x2d ./Core/Src/fsm_mannual.o
 .ARM.attributes
                0x000000000000012b       0x2d ./Core/Src/fsm_pedestrian.o
 .ARM.attributes
                0x0000000000000158       0x2d ./Core/Src/fsm_system.o
 .ARM.attributes
                0x0000000000000185       0x2d ./Core/Src/fsm_traffic_blink.o
 .ARM.attributes
                0x00000000000001b2       0x2d ./Core/Src/fsm_traffic_horizontal.o
 .ARM.attributes
                0x00000000000001df       0x2d ./Core/Src/fsm_traffic_vertical.o
 .ARM.attributes
                0x000000000000020c       0x33 ./Core/Src/global.o
 .ARM.attributes
                0x000000000000023f       0x2d ./Core/Src/main.o
 .ARM.attributes
                0x000000000000026c       0x2d ./Core/Src/software_timer.o
 .ARM.attributes
                0x0000000000000299       0x2d ./Core/Src/stm32f1xx_hal_msp.o
 .ARM.attributes
                0x00000000000002c6       0x2d ./Core/Src/stm32f1xx_it.o
 .ARM.attributes
                0x00000000000002f3       0x2d ./Core/Src/system_stm32f1xx.o
 .ARM.attributes
                0x0000000000000320       0x2d ./Core/Src/traffic.o
 .ARM.attributes
                0x000000000000034d       0x33 ./Core/Src/traffic_buffer.o
 .ARM.attributes
                0x0000000000000380       0x21 ./Core/Startup/startup_stm32f103c6tx.o
 .ARM.attributes
                0x00000000000003a1       0x2d ./Drivers/STM32F1xx_HAL_Driver/Src/stm32f1xx_hal.o
 .ARM.attributes
                0x00000000000003ce       0x2d ./Drivers/STM32F1xx_HAL_Driver/Src/stm32f1xx_hal_cortex.o
 .ARM.attributes
                0x00000000000003fb       0x2d ./Drivers/STM32F1xx_HAL_Driver/Src/stm32f1xx_hal_dma.o
 .ARM.attributes
                0x0000000000000428       0x2d ./Drivers/STM32F1xx_HAL_Driver/Src/stm32f1xx_hal_gpio.o
 .ARM.attributes
                0x0000000000000455       0x2d ./Drivers/STM32F1xx_HAL_Driver/Src/stm32f1xx_hal_rcc.o
 .ARM.attributes
                0x0000000000000482       0x2d ./Drivers/STM32F1xx_HAL_Driver/Src/stm32f1xx_hal_tim.o
 .ARM.attributes
                0x00000000000004af       0x2d ./Drivers/STM32F1xx_HAL_Driver/Src/stm32f1xx_hal_tim_ex.o
 .ARM.attributes
                0x00000000000004dc       0x2d ./Drivers/STM32F1xx_HAL_Driver/Src/stm32f1xx_hal_uart.o
 .ARM.attributes
                0x0000000000000509       0x2d c:/st/stm32cubeide_1.7.0/stm32cubeide/plugins/com.st.stm32cube.ide.mcu.externaltools.gnu-tools-for-stm32.9-2020-q2-update.win32_2.0.0.202105311346/tools/bin/../lib/gcc/arm-none-eabi/9.3.1/../../../../arm-none-eabi/lib/thumb/v7-m/nofp\libc_nano.a(lib_a-init.o)
 .ARM.attributes
                0x0000000000000536       0x2d c:/st/stm32cubeide_1.7.0/stm32cubeide/plugins/com.st.stm32cube.ide.mcu.externaltools.gnu-tools-for-stm32.9-2020-q2-update.win32_2.0.0.202105311346/tools/bin/../lib/gcc/arm-none-eabi/9.3.1/../../../../arm-none-eabi/lib/thumb/v7-m/nofp\libc_nano.a(lib_a-memset.o)
 .ARM.attributes
                0x0000000000000563       0x1d c:/st/stm32cubeide_1.7.0/stm32cubeide/plugins/com.st.stm32cube.ide.mcu.externaltools.gnu-tools-for-stm32.9-2020-q2-update.win32_2.0.0.202105311346/tools/bin/../lib/gcc/arm-none-eabi/9.3.1/thumb/v7-m/nofp/crtn.o
OUTPUT(BTL_F103C6.elf elf32-littlearm)
LOAD linker stubs
LOAD c:/st/stm32cubeide_1.7.0/stm32cubeide/plugins/com.st.stm32cube.ide.mcu.externaltools.gnu-tools-for-stm32.9-2020-q2-update.win32_2.0.0.202105311346/tools/bin/../lib/gcc/arm-none-eabi/9.3.1/../../../../arm-none-eabi/lib/thumb/v7-m/nofp\libc.a
LOAD c:/st/stm32cubeide_1.7.0/stm32cubeide/plugins/com.st.stm32cube.ide.mcu.externaltools.gnu-tools-for-stm32.9-2020-q2-update.win32_2.0.0.202105311346/tools/bin/../lib/gcc/arm-none-eabi/9.3.1/../../../../arm-none-eabi/lib/thumb/v7-m/nofp\libm.a
LOAD c:/st/stm32cubeide_1.7.0/stm32cubeide/plugins/com.st.stm32cube.ide.mcu.externaltools.gnu-tools-for-stm32.9-2020-q2-update.win32_2.0.0.202105311346/tools/bin/../lib/gcc/arm-none-eabi/9.3.1/thumb/v7-m/nofp\libgcc.a

.debug_info     0x0000000000000000     0xe473
 .debug_info    0x0000000000000000      0x405 ./Core/Src/button.o
 .debug_info    0x0000000000000405      0xac1 ./Core/Src/buzzer.o
 .debug_info    0x0000000000000ec6      0x300 ./Core/Src/fsm_7SEG_horizontal.o
 .debug_info    0x00000000000011c6      0x2a9 ./Core/Src/fsm_7SEG_vertical.o
 .debug_info    0x000000000000146f      0x44c ./Core/Src/fsm_mannual.o
 .debug_info    0x00000000000018bb      0x410 ./Core/Src/fsm_pedestrian.o
 .debug_info    0x0000000000001ccb      0x48e ./Core/Src/fsm_system.o
 .debug_info    0x0000000000002159      0x32c ./Core/Src/fsm_traffic_blink.o
 .debug_info    0x0000000000002485      0x338 ./Core/Src/fsm_traffic_horizontal.o
 .debug_info    0x00000000000027bd      0x1e9 ./Core/Src/fsm_traffic_vertical.o
 .debug_info    0x00000000000029a6      0x2a8 ./Core/Src/global.o
 .debug_info    0x0000000000002c4e     0x112d ./Core/Src/main.o
 .debug_info    0x0000000000003d7b      0x5b7 ./Core/Src/software_timer.o
 .debug_info    0x0000000000004332      0xdfd ./Core/Src/stm32f1xx_hal_msp.o
 .debug_info    0x000000000000512f      0xa22 ./Core/Src/stm32f1xx_it.o
 .debug_info    0x0000000000005b51      0x2be ./Core/Src/system_stm32f1xx.o
 .debug_info    0x0000000000005e0f      0x4c7 ./Core/Src/traffic.o
 .debug_info    0x00000000000062d6      0x190 ./Core/Src/traffic_buffer.o
 .debug_info    0x0000000000006466       0x22 ./Core/Startup/startup_stm32f103c6tx.o
 .debug_info    0x0000000000006488      0x74c ./Drivers/STM32F1xx_HAL_Driver/Src/stm32f1xx_hal.o
 .debug_info    0x0000000000006bd4      0xbbe ./Drivers/STM32F1xx_HAL_Driver/Src/stm32f1xx_hal_cortex.o
 .debug_info    0x0000000000007792      0x81e ./Drivers/STM32F1xx_HAL_Driver/Src/stm32f1xx_hal_dma.o
 .debug_info    0x0000000000007fb0      0x701 ./Drivers/STM32F1xx_HAL_Driver/Src/stm32f1xx_hal_gpio.o
 .debug_info    0x00000000000086b1      0x88e ./Drivers/STM32F1xx_HAL_Driver/Src/stm32f1xx_hal_rcc.o
 .debug_info    0x0000000000008f3f     0x2a45 ./Drivers/STM32F1xx_HAL_Driver/Src/stm32f1xx_hal_tim.o
 .debug_info    0x000000000000b984     0x14d5 ./Drivers/STM32F1xx_HAL_Driver/Src/stm32f1xx_hal_tim_ex.o
 .debug_info    0x000000000000ce59     0x161a ./Drivers/STM32F1xx_HAL_Driver/Src/stm32f1xx_hal_uart.o

.debug_abbrev   0x0000000000000000     0x23f5
 .debug_abbrev  0x0000000000000000      0x13f ./Core/Src/button.o
 .debug_abbrev  0x000000000000013f      0x176 ./Core/Src/buzzer.o
 .debug_abbrev  0x00000000000002b5       0x79 ./Core/Src/fsm_7SEG_horizontal.o
 .debug_abbrev  0x000000000000032e       0x5c ./Core/Src/fsm_7SEG_vertical.o
 .debug_abbrev  0x000000000000038a       0xc5 ./Core/Src/fsm_mannual.o
 .debug_abbrev  0x000000000000044f       0xc5 ./Core/Src/fsm_pedestrian.o
 .debug_abbrev  0x0000000000000514       0xb6 ./Core/Src/fsm_system.o
 .debug_abbrev  0x00000000000005ca       0x79 ./Core/Src/fsm_traffic_blink.o
 .debug_abbrev  0x0000000000000643       0xc5 ./Core/Src/fsm_traffic_horizontal.o
 .debug_abbrev  0x0000000000000708       0x5c ./Core/Src/fsm_traffic_vertical.o
 .debug_abbrev  0x0000000000000764       0x5d ./Core/Src/global.o
 .debug_abbrev  0x00000000000007c1      0x2a3 ./Core/Src/main.o
 .debug_abbrev  0x0000000000000a64       0xb6 ./Core/Src/software_timer.o
 .debug_abbrev  0x0000000000000b1a      0x1c8 ./Core/Src/stm32f1xx_hal_msp.o
 .debug_abbrev  0x0000000000000ce2      0x176 ./Core/Src/stm32f1xx_it.o
 .debug_abbrev  0x0000000000000e58      0x14e ./Core/Src/system_stm32f1xx.o
 .debug_abbrev  0x0000000000000fa6      0x10e ./Core/Src/traffic.o
 .debug_abbrev  0x00000000000010b4       0x5d ./Core/Src/traffic_buffer.o
 .debug_abbrev  0x0000000000001111       0x12 ./Core/Startup/startup_stm32f103c6tx.o
 .debug_abbrev  0x0000000000001123      0x1ed ./Drivers/STM32F1xx_HAL_Driver/Src/stm32f1xx_hal.o
 .debug_abbrev  0x0000000000001310      0x313 ./Drivers/STM32F1xx_HAL_Driver/Src/stm32f1xx_hal_cortex.o
 .debug_abbrev  0x0000000000001623      0x228 ./Drivers/STM32F1xx_HAL_Driver/Src/stm32f1xx_hal_dma.o
 .debug_abbrev  0x000000000000184b      0x1e8 ./Drivers/STM32F1xx_HAL_Driver/Src/stm32f1xx_hal_gpio.o
 .debug_abbrev  0x0000000000001a33      0x273 ./Drivers/STM32F1xx_HAL_Driver/Src/stm32f1xx_hal_rcc.o
 .debug_abbrev  0x0000000000001ca6      0x25e ./Drivers/STM32F1xx_HAL_Driver/Src/stm32f1xx_hal_tim.o
 .debug_abbrev  0x0000000000001f04      0x266 ./Drivers/STM32F1xx_HAL_Driver/Src/stm32f1xx_hal_tim_ex.o
 .debug_abbrev  0x000000000000216a      0x28b ./Drivers/STM32F1xx_HAL_Driver/Src/stm32f1xx_hal_uart.o

.debug_aranges  0x0000000000000000      0xf08
 .debug_aranges
                0x0000000000000000       0x60 ./Core/Src/button.o
 .debug_aranges
                0x0000000000000060       0x20 ./Core/Src/buzzer.o
 .debug_aranges
                0x0000000000000080       0x20 ./Core/Src/fsm_7SEG_horizontal.o
 .debug_aranges
                0x00000000000000a0       0x20 ./Core/Src/fsm_7SEG_vertical.o
 .debug_aranges
                0x00000000000000c0       0x20 ./Core/Src/fsm_mannual.o
 .debug_aranges
                0x00000000000000e0       0x20 ./Core/Src/fsm_pedestrian.o
 .debug_aranges
                0x0000000000000100       0x20 ./Core/Src/fsm_system.o
 .debug_aranges
                0x0000000000000120       0x28 ./Core/Src/fsm_traffic_blink.o
 .debug_aranges
                0x0000000000000148       0x20 ./Core/Src/fsm_traffic_horizontal.o
 .debug_aranges
                0x0000000000000168       0x20 ./Core/Src/fsm_traffic_vertical.o
 .debug_aranges
                0x0000000000000188       0x18 ./Core/Src/global.o
 .debug_aranges
                0x00000000000001a0       0x50 ./Core/Src/main.o
 .debug_aranges
                0x00000000000001f0       0x98 ./Core/Src/software_timer.o
 .debug_aranges
                0x0000000000000288       0x48 ./Core/Src/stm32f1xx_hal_msp.o
 .debug_aranges
                0x00000000000002d0       0x70 ./Core/Src/stm32f1xx_it.o
 .debug_aranges
                0x0000000000000340       0x28 ./Core/Src/system_stm32f1xx.o
 .debug_aranges
                0x0000000000000368       0xe0 ./Core/Src/traffic.o
 .debug_aranges
                0x0000000000000448       0x18 ./Core/Src/traffic_buffer.o
 .debug_aranges
                0x0000000000000460       0x28 ./Core/Startup/startup_stm32f103c6tx.o
 .debug_aranges
                0x0000000000000488       0xe0 ./Drivers/STM32F1xx_HAL_Driver/Src/stm32f1xx_hal.o
 .debug_aranges
                0x0000000000000568      0x100 ./Drivers/STM32F1xx_HAL_Driver/Src/stm32f1xx_hal_cortex.o
 .debug_aranges
                0x0000000000000668       0x80 ./Drivers/STM32F1xx_HAL_Driver/Src/stm32f1xx_hal_dma.o
 .debug_aranges
                0x00000000000006e8       0x58 ./Drivers/STM32F1xx_HAL_Driver/Src/stm32f1xx_hal_gpio.o
 .debug_aranges
                0x0000000000000740       0x90 ./Drivers/STM32F1xx_HAL_Driver/Src/stm32f1xx_hal_rcc.o
 .debug_aranges
                0x00000000000007d0      0x3d0 ./Drivers/STM32F1xx_HAL_Driver/Src/stm32f1xx_hal_tim.o
 .debug_aranges
                0x0000000000000ba0      0x168 ./Drivers/STM32F1xx_HAL_Driver/Src/stm32f1xx_hal_tim_ex.o
 .debug_aranges
                0x0000000000000d08      0x200 ./Drivers/STM32F1xx_HAL_Driver/Src/stm32f1xx_hal_uart.o

.debug_ranges   0x0000000000000000      0xd80
 .debug_ranges  0x0000000000000000       0x50 ./Core/Src/button.o
 .debug_ranges  0x0000000000000050       0x10 ./Core/Src/buzzer.o
 .debug_ranges  0x0000000000000060       0x10 ./Core/Src/fsm_7SEG_horizontal.o
 .debug_ranges  0x0000000000000070       0x10 ./Core/Src/fsm_7SEG_vertical.o
 .debug_ranges  0x0000000000000080       0x10 ./Core/Src/fsm_mannual.o
 .debug_ranges  0x0000000000000090       0x10 ./Core/Src/fsm_pedestrian.o
 .debug_ranges  0x00000000000000a0       0x10 ./Core/Src/fsm_system.o
 .debug_ranges  0x00000000000000b0       0x18 ./Core/Src/fsm_traffic_blink.o
 .debug_ranges  0x00000000000000c8       0x10 ./Core/Src/fsm_traffic_horizontal.o
 .debug_ranges  0x00000000000000d8       0x10 ./Core/Src/fsm_traffic_vertical.o
 .debug_ranges  0x00000000000000e8       0x40 ./Core/Src/main.o
 .debug_ranges  0x0000000000000128       0x88 ./Core/Src/software_timer.o
 .debug_ranges  0x00000000000001b0       0x38 ./Core/Src/stm32f1xx_hal_msp.o
 .debug_ranges  0x00000000000001e8       0x60 ./Core/Src/stm32f1xx_it.o
 .debug_ranges  0x0000000000000248       0x18 ./Core/Src/system_stm32f1xx.o
 .debug_ranges  0x0000000000000260       0xd0 ./Core/Src/traffic.o
 .debug_ranges  0x0000000000000330       0x20 ./Core/Startup/startup_stm32f103c6tx.o
 .debug_ranges  0x0000000000000350       0xd0 ./Drivers/STM32F1xx_HAL_Driver/Src/stm32f1xx_hal.o
 .debug_ranges  0x0000000000000420       0xf0 ./Drivers/STM32F1xx_HAL_Driver/Src/stm32f1xx_hal_cortex.o
 .debug_ranges  0x0000000000000510       0x70 ./Drivers/STM32F1xx_HAL_Driver/Src/stm32f1xx_hal_dma.o
 .debug_ranges  0x0000000000000580       0x48 ./Drivers/STM32F1xx_HAL_Driver/Src/stm32f1xx_hal_gpio.o
 .debug_ranges  0x00000000000005c8       0x80 ./Drivers/STM32F1xx_HAL_Driver/Src/stm32f1xx_hal_rcc.o
 .debug_ranges  0x0000000000000648      0x3c0 ./Drivers/STM32F1xx_HAL_Driver/Src/stm32f1xx_hal_tim.o
 .debug_ranges  0x0000000000000a08      0x158 ./Drivers/STM32F1xx_HAL_Driver/Src/stm32f1xx_hal_tim_ex.o
 .debug_ranges  0x0000000000000b60      0x220 ./Drivers/STM32F1xx_HAL_Driver/Src/stm32f1xx_hal_uart.o

.debug_macro    0x0000000000000000    0x17a4a
 .debug_macro   0x0000000000000000      0x1c0 ./Core/Src/button.o
 .debug_macro   0x00000000000001c0      0xa9c ./Core/Src/button.o
 .debug_macro   0x0000000000000c5c      0x21b ./Core/Src/button.o
 .debug_macro   0x0000000000000e77       0x2e ./Core/Src/button.o
 .debug_macro   0x0000000000000ea5       0x22 ./Core/Src/button.o
 .debug_macro   0x0000000000000ec7       0x22 ./Core/Src/button.o
 .debug_macro   0x0000000000000ee9       0x8e ./Core/Src/button.o
 .debug_macro   0x0000000000000f77       0x51 ./Core/Src/button.o
 .debug_macro   0x0000000000000fc8      0x103 ./Core/Src/button.o
 .debug_macro   0x00000000000010cb       0x6a ./Core/Src/button.o
 .debug_macro   0x0000000000001135      0x1df ./Core/Src/button.o
 .debug_macro   0x0000000000001314       0x1c ./Core/Src/button.o
 .debug_macro   0x0000000000001330       0x22 ./Core/Src/button.o
 .debug_macro   0x0000000000001352       0xc3 ./Core/Src/button.o
 .debug_macro   0x0000000000001415      0xd23 ./Core/Src/button.o
 .debug_macro   0x0000000000002138     0xde75 ./Core/Src/button.o
 .debug_macro   0x000000000000ffad       0x6d ./Core/Src/button.o
 .debug_macro   0x000000000001001a     0x3468 ./Core/Src/button.o
 .debug_macro   0x0000000000013482      0x174 ./Core/Src/button.o
 .debug_macro   0x00000000000135f6       0x5c ./Core/Src/button.o
 .debug_macro   0x0000000000013652      0x5be ./Core/Src/button.o
 .debug_macro   0x0000000000013c10      0x1b7 ./Core/Src/button.o
 .debug_macro   0x0000000000013dc7      0x1cb ./Core/Src/button.o
 .debug_macro   0x0000000000013f92      0x114 ./Core/Src/button.o
 .debug_macro   0x00000000000140a6      0x1b2 ./Core/Src/button.o
 .debug_macro   0x0000000000014258       0x27 ./Core/Src/button.o
 .debug_macro   0x000000000001427f      0x12f ./Core/Src/button.o
 .debug_macro   0x00000000000143ae      0x1bc ./Core/Src/button.o
 .debug_macro   0x000000000001456a       0x34 ./Core/Src/button.o
 .debug_macro   0x000000000001459e       0x3c ./Core/Src/button.o
 .debug_macro   0x00000000000145da       0x57 ./Core/Src/button.o
 .debug_macro   0x0000000000014631       0x88 ./Core/Src/button.o
 .debug_macro   0x00000000000146b9      0x183 ./Core/Src/button.o
 .debug_macro   0x000000000001483c      0x141 ./Core/Src/button.o
 .debug_macro   0x000000000001497d      0x8d1 ./Core/Src/button.o
 .debug_macro   0x000000000001524e      0x279 ./Core/Src/button.o
 .debug_macro   0x00000000000154c7       0x69 ./Core/Src/button.o
 .debug_macro   0x0000000000015530       0x94 ./Core/Src/button.o
 .debug_macro   0x00000000000155c4       0x10 ./Core/Src/button.o
 .debug_macro   0x00000000000155d4      0x250 ./Core/Src/buzzer.o
 .debug_macro   0x0000000000015824       0x40 ./Core/Src/buzzer.o
 .debug_macro   0x0000000000015864       0x28 ./Core/Src/buzzer.o
 .debug_macro   0x000000000001588c       0x28 ./Core/Src/buzzer.o
 .debug_macro   0x00000000000158b4       0x28 ./Core/Src/buzzer.o
 .debug_macro   0x00000000000158dc       0x1c ./Core/Src/buzzer.o
 .debug_macro   0x00000000000158f8       0x3a ./Core/Src/buzzer.o
 .debug_macro   0x0000000000015932       0x1c ./Core/Src/buzzer.o
 .debug_macro   0x000000000001594e       0x22 ./Core/Src/buzzer.o
 .debug_macro   0x0000000000015970       0x41 ./Core/Src/fsm_7SEG_horizontal.o
 .debug_macro   0x00000000000159b1       0x37 ./Core/Src/fsm_7SEG_vertical.o
 .debug_macro   0x00000000000159e8      0x22a ./Core/Src/fsm_mannual.o
 .debug_macro   0x0000000000015c12      0x20b ./Core/Src/fsm_pedestrian.o
 .debug_macro   0x0000000000015e1d      0x23e ./Core/Src/fsm_system.o
 .debug_macro   0x000000000001605b       0x4b ./Core/Src/fsm_traffic_blink.o
 .debug_macro   0x00000000000160a6      0x1e1 ./Core/Src/fsm_traffic_horizontal.o
 .debug_macro   0x0000000000016287       0x37 ./Core/Src/fsm_traffic_vertical.o
 .debug_macro   0x00000000000162be       0x72 ./Core/Src/global.o
 .debug_macro   0x0000000000016330      0x256 ./Core/Src/main.o
 .debug_macro   0x0000000000016586       0x1b ./Core/Src/software_timer.o
 .debug_macro   0x00000000000165a1      0x1b1 ./Core/Src/stm32f1xx_hal_msp.o
 .debug_macro   0x0000000000016752      0x1bb ./Core/Src/stm32f1xx_it.o
 .debug_macro   0x000000000001690d      0x1a2 ./Core/Src/system_stm32f1xx.o
 .debug_macro   0x0000000000016aaf      0x1c4 ./Core/Src/traffic.o
 .debug_macro   0x0000000000016c73       0x24 ./Core/Src/traffic_buffer.o
 .debug_macro   0x0000000000016c97      0x1c6 ./Drivers/STM32F1xx_HAL_Driver/Src/stm32f1xx_hal.o
 .debug_macro   0x0000000000016e5d      0x1a2 ./Drivers/STM32F1xx_HAL_Driver/Src/stm32f1xx_hal_cortex.o
 .debug_macro   0x0000000000016fff      0x1a2 ./Drivers/STM32F1xx_HAL_Driver/Src/stm32f1xx_hal_dma.o
 .debug_macro   0x00000000000171a1      0x20d ./Drivers/STM32F1xx_HAL_Driver/Src/stm32f1xx_hal_gpio.o
 .debug_macro   0x00000000000173ae      0x1b4 ./Drivers/STM32F1xx_HAL_Driver/Src/stm32f1xx_hal_rcc.o
 .debug_macro   0x0000000000017562      0x1a3 ./Drivers/STM32F1xx_HAL_Driver/Src/stm32f1xx_hal_tim.o
 .debug_macro   0x0000000000017705      0x1a2 ./Drivers/STM32F1xx_HAL_Driver/Src/stm32f1xx_hal_tim_ex.o
 .debug_macro   0x00000000000178a7      0x1a3 ./Drivers/STM32F1xx_HAL_Driver/Src/stm32f1xx_hal_uart.o

.debug_line     0x0000000000000000     0xff60
 .debug_line    0x0000000000000000      0x908 ./Core/Src/button.o
 .debug_line    0x0000000000000908      0x7fb ./Core/Src/buzzer.o
 .debug_line    0x0000000000001103       0xde ./Core/Src/fsm_7SEG_horizontal.o
 .debug_line    0x00000000000011e1       0xb4 ./Core/Src/fsm_7SEG_vertical.o
 .debug_line    0x0000000000001295      0x802 ./Core/Src/fsm_mannual.o
 .debug_line    0x0000000000001a97      0x744 ./Core/Src/fsm_pedestrian.o
 .debug_line    0x00000000000021db      0x8c0 ./Core/Src/fsm_system.o
 .debug_line    0x0000000000002a9b      0x274 ./Core/Src/fsm_traffic_blink.o
 .debug_line    0x0000000000002d0f      0x71a ./Core/Src/fsm_traffic_horizontal.o
 .debug_line    0x0000000000003429       0xed ./Core/Src/fsm_traffic_vertical.o
 .debug_line    0x0000000000003516      0x10e ./Core/Src/global.o
 .debug_line    0x0000000000003624      0x91b ./Core/Src/main.o
 .debug_line    0x0000000000003f3f      0x37e ./Core/Src/software_timer.o
 .debug_line    0x00000000000042bd      0x73a ./Core/Src/stm32f1xx_hal_msp.o
 .debug_line    0x00000000000049f7      0x76f ./Core/Src/stm32f1xx_it.o
 .debug_line    0x0000000000005166      0x6fb ./Core/Src/system_stm32f1xx.o
 .debug_line    0x0000000000005861      0x8d1 ./Core/Src/traffic.o
 .debug_line    0x0000000000006132       0x69 ./Core/Src/traffic_buffer.o
 .debug_line    0x000000000000619b       0x87 ./Core/Startup/startup_stm32f103c6tx.o
 .debug_line    0x0000000000006222      0x928 ./Drivers/STM32F1xx_HAL_Driver/Src/stm32f1xx_hal.o
 .debug_line    0x0000000000006b4a      0xb10 ./Drivers/STM32F1xx_HAL_Driver/Src/stm32f1xx_hal_cortex.o
 .debug_line    0x000000000000765a      0xd80 ./Drivers/STM32F1xx_HAL_Driver/Src/stm32f1xx_hal_dma.o
 .debug_line    0x00000000000083da      0x9a9 ./Drivers/STM32F1xx_HAL_Driver/Src/stm32f1xx_hal_gpio.o
 .debug_line    0x0000000000008d83      0xd36 ./Drivers/STM32F1xx_HAL_Driver/Src/stm32f1xx_hal_rcc.o
 .debug_line    0x0000000000009ab9     0x3286 ./Drivers/STM32F1xx_HAL_Driver/Src/stm32f1xx_hal_tim.o
 .debug_line    0x000000000000cd3f     0x181e ./Drivers/STM32F1xx_HAL_Driver/Src/stm32f1xx_hal_tim_ex.o
 .debug_line    0x000000000000e55d     0x1a03 ./Drivers/STM32F1xx_HAL_Driver/Src/stm32f1xx_hal_uart.o

.debug_str      0x0000000000000000    0x8532f
 .debug_str     0x0000000000000000    0x811e6 ./Core/Src/button.o
                                      0x81539 (size before relaxing)
 .debug_str     0x00000000000811e6      0xccf ./Core/Src/buzzer.o
                                      0x820c8 (size before relaxing)
 .debug_str     0x0000000000081eb5       0x3a ./Core/Src/fsm_7SEG_horizontal.o
                                       0x3266 (size before relaxing)
 .debug_str     0x0000000000081eef       0x36 ./Core/Src/fsm_7SEG_vertical.o
                                       0x31b6 (size before relaxing)
 .debug_str     0x0000000000081f25       0x2a ./Core/Src/fsm_mannual.o
                                      0x81b4c (size before relaxing)
 .debug_str     0x0000000000081f4f       0x30 ./Core/Src/fsm_pedestrian.o
                                      0x8185f (size before relaxing)
 .debug_str     0x0000000000081f7f       0x28 ./Core/Src/fsm_system.o
                                      0x81bd6 (size before relaxing)
 .debug_str     0x0000000000081fa7       0x60 ./Core/Src/fsm_traffic_blink.o
                                       0x32ed (size before relaxing)
 .debug_str     0x0000000000082007       0x40 ./Core/Src/fsm_traffic_horizontal.o
                                      0x816b4 (size before relaxing)
 .debug_str     0x0000000000082047       0x3c ./Core/Src/fsm_traffic_vertical.o
                                       0x311a (size before relaxing)
 .debug_str     0x0000000000082083       0x15 ./Core/Src/global.o
                                       0x33e2 (size before relaxing)
 .debug_str     0x0000000000082098      0x505 ./Core/Src/main.o
                                      0x8257d (size before relaxing)
 .debug_str     0x000000000008259d      0x12b ./Core/Src/software_timer.o
                                       0x304a (size before relaxing)
 .debug_str     0x00000000000826c8      0x2f8 ./Core/Src/stm32f1xx_hal_msp.o
                                      0x81d72 (size before relaxing)
 .debug_str     0x00000000000829c0       0xdf ./Core/Src/stm32f1xx_it.o
                                      0x81a67 (size before relaxing)
 .debug_str     0x0000000000082a9f       0x52 ./Core/Src/system_stm32f1xx.o
                                      0x810d4 (size before relaxing)
 .debug_str     0x0000000000082af1      0x206 ./Core/Src/traffic.o
                                      0x81714 (size before relaxing)
 .debug_str     0x0000000000082cf7       0x1d ./Core/Src/traffic_buffer.o
                                       0x2fe2 (size before relaxing)
 .debug_str     0x0000000000082d14       0x36 ./Core/Startup/startup_stm32f103c6tx.o
                                         0x7b (size before relaxing)
 .debug_str     0x0000000000082d4a      0x304 ./Drivers/STM32F1xx_HAL_Driver/Src/stm32f1xx_hal.o
                                      0x8172b (size before relaxing)
 .debug_str     0x000000000008304e      0x300 ./Drivers/STM32F1xx_HAL_Driver/Src/stm32f1xx_hal_cortex.o
                                      0x81733 (size before relaxing)
 .debug_str     0x000000000008334e      0x230 ./Drivers/STM32F1xx_HAL_Driver/Src/stm32f1xx_hal_dma.o
                                      0x814af (size before relaxing)
 .debug_str     0x000000000008357e      0x31f ./Drivers/STM32F1xx_HAL_Driver/Src/stm32f1xx_hal_gpio.o
                                      0x81498 (size before relaxing)
 .debug_str     0x000000000008389d      0x24f ./Drivers/STM32F1xx_HAL_Driver/Src/stm32f1xx_hal_rcc.o
                                      0x814d1 (size before relaxing)
 .debug_str     0x0000000000083aec      0xd68 ./Drivers/STM32F1xx_HAL_Driver/Src/stm32f1xx_hal_tim.o
                                      0x824a3 (size before relaxing)
 .debug_str     0x0000000000084854      0x4ee ./Drivers/STM32F1xx_HAL_Driver/Src/stm32f1xx_hal_tim_ex.o
                                      0x81c54 (size before relaxing)
 .debug_str     0x0000000000084d42      0x5ed ./Drivers/STM32F1xx_HAL_Driver/Src/stm32f1xx_hal_uart.o
                                      0x81ac3 (size before relaxing)

.comment        0x0000000000000000       0x53
 .comment       0x0000000000000000       0x53 ./Core/Src/button.o
                                         0x54 (size before relaxing)
 .comment       0x0000000000000053       0x54 ./Core/Src/buzzer.o
 .comment       0x0000000000000053       0x54 ./Core/Src/fsm_7SEG_horizontal.o
 .comment       0x0000000000000053       0x54 ./Core/Src/fsm_7SEG_vertical.o
 .comment       0x0000000000000053       0x54 ./Core/Src/fsm_mannual.o
 .comment       0x0000000000000053       0x54 ./Core/Src/fsm_pedestrian.o
 .comment       0x0000000000000053       0x54 ./Core/Src/fsm_system.o
 .comment       0x0000000000000053       0x54 ./Core/Src/fsm_traffic_blink.o
 .comment       0x0000000000000053       0x54 ./Core/Src/fsm_traffic_horizontal.o
 .comment       0x0000000000000053       0x54 ./Core/Src/fsm_traffic_vertical.o
 .comment       0x0000000000000053       0x54 ./Core/Src/global.o
 .comment       0x0000000000000053       0x54 ./Core/Src/main.o
 .comment       0x0000000000000053       0x54 ./Core/Src/software_timer.o
 .comment       0x0000000000000053       0x54 ./Core/Src/stm32f1xx_hal_msp.o
 .comment       0x0000000000000053       0x54 ./Core/Src/stm32f1xx_it.o
 .comment       0x0000000000000053       0x54 ./Core/Src/system_stm32f1xx.o
 .comment       0x0000000000000053       0x54 ./Core/Src/traffic.o
 .comment       0x0000000000000053       0x54 ./Core/Src/traffic_buffer.o
 .comment       0x0000000000000053       0x54 ./Drivers/STM32F1xx_HAL_Driver/Src/stm32f1xx_hal.o
 .comment       0x0000000000000053       0x54 ./Drivers/STM32F1xx_HAL_Driver/Src/stm32f1xx_hal_cortex.o
 .comment       0x0000000000000053       0x54 ./Drivers/STM32F1xx_HAL_Driver/Src/stm32f1xx_hal_dma.o
 .comment       0x0000000000000053       0x54 ./Drivers/STM32F1xx_HAL_Driver/Src/stm32f1xx_hal_gpio.o
 .comment       0x0000000000000053       0x54 ./Drivers/STM32F1xx_HAL_Driver/Src/stm32f1xx_hal_rcc.o
 .comment       0x0000000000000053       0x54 ./Drivers/STM32F1xx_HAL_Driver/Src/stm32f1xx_hal_tim.o
 .comment       0x0000000000000053       0x54 ./Drivers/STM32F1xx_HAL_Driver/Src/stm32f1xx_hal_tim_ex.o
 .comment       0x0000000000000053       0x54 ./Drivers/STM32F1xx_HAL_Driver/Src/stm32f1xx_hal_uart.o

.debug_frame    0x0000000000000000     0x39e4
 .debug_frame   0x0000000000000000      0x138 ./Core/Src/button.o
 .debug_frame   0x0000000000000138       0x2c ./Core/Src/buzzer.o
 .debug_frame   0x0000000000000164       0x30 ./Core/Src/fsm_7SEG_horizontal.o
 .debug_frame   0x0000000000000194       0x30 ./Core/Src/fsm_7SEG_vertical.o
 .debug_frame   0x00000000000001c4       0x2c ./Core/Src/fsm_mannual.o
 .debug_frame   0x00000000000001f0       0x2c ./Core/Src/fsm_pedestrian.o
 .debug_frame   0x000000000000021c       0x2c ./Core/Src/fsm_system.o
 .debug_frame   0x0000000000000248       0x48 ./Core/Src/fsm_traffic_blink.o
 .debug_frame   0x0000000000000290       0x2c ./Core/Src/fsm_traffic_horizontal.o
 .debug_frame   0x00000000000002bc       0x2c ./Core/Src/fsm_traffic_vertical.o
 .debug_frame   0x00000000000002e8       0xf0 ./Core/Src/main.o
 .debug_frame   0x00000000000003d8      0x288 ./Core/Src/software_timer.o
 .debug_frame   0x0000000000000660       0xec ./Core/Src/stm32f1xx_hal_msp.o
 .debug_frame   0x000000000000074c      0x13c ./Core/Src/stm32f1xx_it.o
 .debug_frame   0x0000000000000888       0x58 ./Core/Src/system_stm32f1xx.o
 .debug_frame   0x00000000000008e0      0x2e8 ./Core/Src/traffic.o
 .debug_frame   0x0000000000000bc8      0x334 ./Drivers/STM32F1xx_HAL_Driver/Src/stm32f1xx_hal.o
 .debug_frame   0x0000000000000efc      0x428 ./Drivers/STM32F1xx_HAL_Driver/Src/stm32f1xx_hal_cortex.o
 .debug_frame   0x0000000000001324      0x208 ./Drivers/STM32F1xx_HAL_Driver/Src/stm32f1xx_hal_dma.o
 .debug_frame   0x000000000000152c      0x14c ./Drivers/STM32F1xx_HAL_Driver/Src/stm32f1xx_hal_gpio.o
 .debug_frame   0x0000000000001678      0x21c ./Drivers/STM32F1xx_HAL_Driver/Src/stm32f1xx_hal_rcc.o
 .debug_frame   0x0000000000001894     0x11b8 ./Drivers/STM32F1xx_HAL_Driver/Src/stm32f1xx_hal_tim.o
 .debug_frame   0x0000000000002a4c      0x638 ./Drivers/STM32F1xx_HAL_Driver/Src/stm32f1xx_hal_tim_ex.o
 .debug_frame   0x0000000000003084      0x914 ./Drivers/STM32F1xx_HAL_Driver/Src/stm32f1xx_hal_uart.o
 .debug_frame   0x0000000000003998       0x2c c:/st/stm32cubeide_1.7.0/stm32cubeide/plugins/com.st.stm32cube.ide.mcu.externaltools.gnu-tools-for-stm32.9-2020-q2-update.win32_2.0.0.202105311346/tools/bin/../lib/gcc/arm-none-eabi/9.3.1/../../../../arm-none-eabi/lib/thumb/v7-m/nofp\libc_nano.a(lib_a-init.o)
 .debug_frame   0x00000000000039c4       0x20 c:/st/stm32cubeide_1.7.0/stm32cubeide/plugins/com.st.stm32cube.ide.mcu.externaltools.gnu-tools-for-stm32.9-2020-q2-update.win32_2.0.0.202105311346/tools/bin/../lib/gcc/arm-none-eabi/9.3.1/../../../../arm-none-eabi/lib/thumb/v7-m/nofp\libc_nano.a(lib_a-memset.o)
