traffic.c:11:6:setRed_horizontal	8	static
traffic.c:17:6:setGreen_horizontal	8	static
traffic.c:23:6:setYellow_horizontal	8	static
traffic.c:29:6:setRed_vertical	8	static
traffic.c:35:6:setGreen_vertical	8	static
traffic.c:41:6:setYellow_vertical	8	static
traffic.c:48:6:toggleLedRed	8	static
traffic.c:52:6:toggleRed_horizontal	8	static
traffic.c:58:6:toggleGreen_horizontal	8	static
traffic.c:64:6:toggleYellow_horizontal	8	static
traffic.c:71:6:toggleRed_vertical	8	static
traffic.c:77:6:toggleGreen_vertical	8	static
traffic.c:83:6:toggleYellow_vertical	8	static
traffic.c:90:6:offAllLed_horizontal	8	static
traffic.c:95:6:offGreenYellow_horizontal	4	static
traffic.c:99:6:offGreenRed_horizontal	4	static
traffic.c:103:6:offRedYellow_horizontal	4	static
traffic.c:109:6:offAllLed_vertical	8	static
traffic.c:116:6:offGreenYellow_vertical	4	static
traffic.c:120:6:offGreenRed_vertical	4	static
traffic.c:124:6:offRedYellow_vertical	4	static
traffic.c:129:6:resetTimeTraffic	4	static
traffic.c:139:6:set_off_pedes	8	static
traffic.c:143:6:set_red_pedes	8	static
traffic.c:147:6:set_green_pedes	8	static
traffic.c:152:6:set_on_buzzer	8	static
traffic.c:156:6:set_off_buzzer	8	static
