traffic.c:15:6:setRed_horizontal	8	static
traffic.c:21:6:setGreen_horizontal	8	static
traffic.c:27:6:setYellow_horizontal	8	static
traffic.c:33:6:setRed_vertical	8	static
traffic.c:39:6:setGreen_vertical	8	static
traffic.c:45:6:setYellow_vertical	8	static
traffic.c:53:6:toggleLedRed	8	static
traffic.c:57:6:toggleRed_horizontal	8	static
traffic.c:61:6:toggleGreen_horizontal	8	static
traffic.c:65:6:toggleYellow_horizontal	8	static
traffic.c:69:6:toggleRed_vertical	8	static
traffic.c:73:6:toggleGreen_vertical	8	static
traffic.c:77:6:toggleYellow_vertical	8	static
traffic.c:81:6:offAllLed_horizontal	8	static
traffic.c:86:6:offGreenYellow_horizontal	8	static
traffic.c:90:6:offGreenRed_horizontal	8	static
traffic.c:94:6:offRedYellow_horizontal	8	static
traffic.c:100:6:offAllLed_vertical	8	static
traffic.c:105:6:offGreenYellow_vertical	8	static
traffic.c:109:6:offGreenRed_vertical	8	static
traffic.c:113:6:offRedYellow_vertical	8	static
traffic.c:118:6:resetTimeTraffic	4	static
