traffic.c:14:6:setRed_horizontal	8	static
traffic.c:20:6:setGreen_horizontal	8	static
traffic.c:26:6:setYellow_horizontal	8	static
traffic.c:32:6:setRed_vertical	8	static
traffic.c:38:6:setGreen_vertical	8	static
traffic.c:44:6:setYellow_vertical	8	static
traffic.c:52:6:toggleLedRed	8	static
traffic.c:56:6:toggleRed_horizontal	8	static
traffic.c:60:6:toggleGreen_horizontal	8	static
traffic.c:64:6:toggleYellow_horizontal	8	static
traffic.c:68:6:toggleRed_vertical	8	static
traffic.c:72:6:toggleGreen_vertical	8	static
traffic.c:76:6:toggleYellow_vertical	8	static
traffic.c:80:6:offAllLed_horizontal	8	static
traffic.c:85:6:offGreenYellow_horizontal	8	static
traffic.c:89:6:offGreenRed_horizontal	8	static
traffic.c:93:6:offRedYellow_horizontal	8	static
traffic.c:99:6:offAllLed_vertical	8	static
traffic.c:104:6:offGreenYellow_vertical	8	static
traffic.c:108:6:offGreenRed_vertical	8	static
traffic.c:112:6:offRedYellow_vertical	8	static
